Component: Arm Compiler for Embedded 6.24 Tool: armlink [5f371500]

==============================================================================

Section Cross References

    startup_n32g031.o(RESET) refers to startup_n32g031.o(STACK) for __initial_sp
    startup_n32g031.o(RESET) refers to startup_n32g031.o(.text) for Reset_Handler
    startup_n32g031.o(RESET) refers to n32g031_it.o(.text.NMI_Handler) for NMI_Handler
    startup_n32g031.o(RESET) refers to n32g031_it.o(.text.HardFault_Handler) for HardFault_Handler
    startup_n32g031.o(RESET) refers to n32g031_it.o(.text.SVC_Handler) for SVC_Handler
    startup_n32g031.o(RESET) refers to n32g031_it.o(.text.PendSV_Handler) for PendSV_Handler
    startup_n32g031.o(RESET) refers to n32g031_it.o(.text.SysTick_Handler) for SysTick_Handler
    startup_n32g031.o(RESET) refers to sleep_wake.o(.text.EXTI2_3_IRQHandler) for EXTI2_3_IRQHandler
    startup_n32g031.o(RESET) refers to sleep_wake.o(.text.EXTI4_15_IRQHandler) for EXTI4_15_IRQHandler
    startup_n32g031.o(RESET) refers to sleep_wake.o(.text.LPTIM_TIM6_IRQHandler) for LPTIM_TIM6_IRQHandler
    startup_n32g031.o(.text) refers to system_n32g031.o(.text.SystemInit) for SystemInit
    startup_n32g031.o(.text) refers to entry.o(.ARM.Collect$$$$00000000) for __main
    system_n32g031.o(.ARM.exidx.text.SystemInit) refers to system_n32g031.o(.text.SystemInit) for [Anonymous Symbol]
    system_n32g031.o(.text.SystemCoreClockUpdate) refers to uidiv_div0.o(.text) for __aeabi_uidiv
    system_n32g031.o(.text.SystemCoreClockUpdate) refers to system_n32g031.o(.data.SystemCoreClock) for SystemCoreClock
    system_n32g031.o(.text.SystemCoreClockUpdate) refers to system_n32g031.o(.rodata.AHBPrescTable) for AHBPrescTable
    system_n32g031.o(.ARM.exidx.text.SystemCoreClockUpdate) refers to system_n32g031.o(.text.SystemCoreClockUpdate) for [Anonymous Symbol]
    n32g031_gpio.o(.text.GPIO_DeInit) refers to n32g031_rcc.o(.text.RCC_EnableAPB2PeriphReset) for RCC_EnableAPB2PeriphReset
    n32g031_gpio.o(.text.GPIO_DeInit) refers to main.o(.text.assert_failed) for assert_failed
    n32g031_gpio.o(.text.GPIO_DeInit) refers to n32g031_gpio.o(.rodata.str1.1) for [Anonymous Symbol]
    n32g031_gpio.o(.ARM.exidx.text.GPIO_DeInit) refers to n32g031_gpio.o(.text.GPIO_DeInit) for [Anonymous Symbol]
    n32g031_gpio.o(.text.GPIO_DeInitPin) refers to main.o(.text.assert_failed) for assert_failed
    n32g031_gpio.o(.text.GPIO_DeInitPin) refers to n32g031_gpio.o(.rodata.str1.1) for [Anonymous Symbol]
    n32g031_gpio.o(.ARM.exidx.text.GPIO_DeInitPin) refers to n32g031_gpio.o(.text.GPIO_DeInitPin) for [Anonymous Symbol]
    n32g031_gpio.o(.text.GPIO_AFIOInitDefault) refers to n32g031_rcc.o(.text.RCC_EnableAPB2PeriphReset) for RCC_EnableAPB2PeriphReset
    n32g031_gpio.o(.ARM.exidx.text.GPIO_AFIOInitDefault) refers to n32g031_gpio.o(.text.GPIO_AFIOInitDefault) for [Anonymous Symbol]
    n32g031_gpio.o(.text.GPIO_InitPeripheral) refers to main.o(.text.assert_failed) for assert_failed
    n32g031_gpio.o(.text.GPIO_InitPeripheral) refers to n32g031_gpio.o(.rodata.str1.1) for [Anonymous Symbol]
    n32g031_gpio.o(.ARM.exidx.text.GPIO_InitPeripheral) refers to n32g031_gpio.o(.text.GPIO_InitPeripheral) for [Anonymous Symbol]
    n32g031_gpio.o(.ARM.exidx.text.GPIO_InitStruct) refers to n32g031_gpio.o(.text.GPIO_InitStruct) for [Anonymous Symbol]
    n32g031_gpio.o(.text.GPIO_ReadInputDataBit) refers to main.o(.text.assert_failed) for assert_failed
    n32g031_gpio.o(.text.GPIO_ReadInputDataBit) refers to n32g031_gpio.o(.rodata.str1.1) for [Anonymous Symbol]
    n32g031_gpio.o(.ARM.exidx.text.GPIO_ReadInputDataBit) refers to n32g031_gpio.o(.text.GPIO_ReadInputDataBit) for [Anonymous Symbol]
    n32g031_gpio.o(.text.GPIO_ReadInputData) refers to main.o(.text.assert_failed) for assert_failed
    n32g031_gpio.o(.text.GPIO_ReadInputData) refers to n32g031_gpio.o(.rodata.str1.1) for [Anonymous Symbol]
    n32g031_gpio.o(.ARM.exidx.text.GPIO_ReadInputData) refers to n32g031_gpio.o(.text.GPIO_ReadInputData) for [Anonymous Symbol]
    n32g031_gpio.o(.text.GPIO_ReadOutputDataBit) refers to main.o(.text.assert_failed) for assert_failed
    n32g031_gpio.o(.text.GPIO_ReadOutputDataBit) refers to n32g031_gpio.o(.rodata.str1.1) for [Anonymous Symbol]
    n32g031_gpio.o(.ARM.exidx.text.GPIO_ReadOutputDataBit) refers to n32g031_gpio.o(.text.GPIO_ReadOutputDataBit) for [Anonymous Symbol]
    n32g031_gpio.o(.text.GPIO_ReadOutputData) refers to main.o(.text.assert_failed) for assert_failed
    n32g031_gpio.o(.text.GPIO_ReadOutputData) refers to n32g031_gpio.o(.rodata.str1.1) for [Anonymous Symbol]
    n32g031_gpio.o(.ARM.exidx.text.GPIO_ReadOutputData) refers to n32g031_gpio.o(.text.GPIO_ReadOutputData) for [Anonymous Symbol]
    n32g031_gpio.o(.text.GPIO_SetBits) refers to main.o(.text.assert_failed) for assert_failed
    n32g031_gpio.o(.text.GPIO_SetBits) refers to n32g031_gpio.o(.rodata.str1.1) for [Anonymous Symbol]
[...]
    __arm_cp.17_0                            0x080022f0   Number         4  sleep_wake.o(.text.LPTIM_TIM6_IRQHandler)
    __arm_cp.17_1                            0x080022f4   Number         4  sleep_wake.o(.text.LPTIM_TIM6_IRQHandler)
    [Anonymous Symbol]                       0x080022f8   Section        0  n32g031_it.o(.text.NMI_Handler)
    [Anonymous Symbol]                       0x080022fc   Section        0  pwm.o(.text.PWM_GetDutyCycle)
    [Anonymous Symbol]                       0x08002304   Section        0  pwm.o(.text.PWM_Init)
    __arm_cp.0_0                             0x0800238c   Number         4  pwm.o(.text.PWM_Init)
    __arm_cp.0_1                             0x08002390   Number         4  pwm.o(.text.PWM_Init)
    __arm_cp.0_2                             0x08002394   Number         4  pwm.o(.text.PWM_Init)
    __arm_cp.0_4                             0x08002398   Number         4  pwm.o(.text.PWM_Init)
    [Anonymous Symbol]                       0x0800239c   Section        0  pwm.o(.text.PWM_SetDutyCycle)
    __arm_cp.1_0                             0x080023bc   Number         4  pwm.o(.text.PWM_SetDutyCycle)
    __arm_cp.1_1                             0x080023c0   Number         4  pwm.o(.text.PWM_SetDutyCycle)
    __arm_cp.1_2                             0x080023c4   Number         4  pwm.o(.text.PWM_SetDutyCycle)
    [Anonymous Symbol]                       0x080023c8   Section        0  n32g031_it.o(.text.PendSV_Handler)
    [Anonymous Symbol]                       0x080023cc   Section        0  n32g031_rcc.o(.text.RCC_ConfigAdcHclk)
    __arm_cp.20_2                            0x0800241c   Number         4  n32g031_rcc.o(.text.RCC_ConfigAdcHclk)
    [Anonymous Symbol]                       0x08002420   Section        0  n32g031_rcc.o(.text.RCC_ConfigLPTIMClk)
    __arm_cp.21_2                            0x08002474   Number         4  n32g031_rcc.o(.text.RCC_ConfigLPTIMClk)
    __arm_cp.21_3                            0x08002478   Number         4  n32g031_rcc.o(.text.RCC_ConfigLPTIMClk)
    [Anonymous Symbol]                       0x0800247c   Section        0  n32g031_rcc.o(.text.RCC_EnableAHBPeriphClk)
    __arm_cp.35_0                            0x080024bc   Number         4  n32g031_rcc.o(.text.RCC_EnableAHBPeriphClk)
    __arm_cp.35_1                            0x080024c0   Number         4  n32g031_rcc.o(.text.RCC_EnableAHBPeriphClk)
    __arm_cp.35_5                            0x080024e8   Number         4  n32g031_rcc.o(.text.RCC_EnableAHBPeriphClk)
    [Anonymous Symbol]                       0x080024ec   Section        0  n32g031_rcc.o(.text.RCC_EnableAPB1PeriphClk)
    __arm_cp.37_0                            0x0800252c   Number         4  n32g031_rcc.o(.text.RCC_EnableAPB1PeriphClk)
    __arm_cp.37_1                            0x08002530   Number         4  n32g031_rcc.o(.text.RCC_EnableAPB1PeriphClk)
    __arm_cp.37_5                            0x08002558   Number         4  n32g031_rcc.o(.text.RCC_EnableAPB1PeriphClk)
    [Anonymous Symbol]                       0x0800255c   Section        0  n32g031_rcc.o(.text.RCC_EnableAPB1PeriphReset)
    __arm_cp.40_0                            0x0800259c   Number         4  n32g031_rcc.o(.text.RCC_EnableAPB1PeriphReset)
    __arm_cp.40_1                            0x080025a0   Number         4  n32g031_rcc.o(.text.RCC_EnableAPB1PeriphReset)
    __arm_cp.40_5                            0x080025d0   Number         4  n32g031_rcc.o(.text.RCC_EnableAPB1PeriphReset)
    [Anonymous Symbol]                       0x080025d4   Section        0  n32g031_rcc.o(.text.RCC_EnableAPB2PeriphClk)
    __arm_cp.36_0                            0x08002614   Number         4  n32g031_rcc.o(.text.RCC_EnableAPB2PeriphClk)
    __arm_cp.36_1                            0x08002618   Number         4  n32g031_rcc.o(.text.RCC_EnableAPB2PeriphClk)
    __arm_cp.36_2                            0x0800261c   Number         4  n32g031_rcc.o(.text.RCC_EnableAPB2PeriphClk)
    __arm_cp.36_5                            0x08002620   Number         4  n32g031_rcc.o(.text.RCC_EnableAPB2PeriphClk)
    [Anonymous Symbol]                       0x08002624   Section        0  n32g031_rcc.o(.text.RCC_EnableLsi)
    __arm_cp.27_0                            0x0800264c   Number         4  n32g031_rcc.o(.text.RCC_EnableLsi)
    __arm_cp.27_1                            0x08002650   Number         4  n32g031_rcc.o(.text.RCC_EnableLsi)
    __arm_cp.27_2                            0x08002654   Number         4  n32g031_rcc.o(.text.RCC_EnableLsi)
    __arm_cp.27_3                            0x08002658   Number         4  n32g031_rcc.o(.text.RCC_EnableLsi)
    [Anonymous Symbol]                       0x0800265c   Section        0  spi_flash_sfdp.o(.text.SFDP_GetDensityMegabits)
    [Anonymous Symbol]                       0x08002678   Section        0  spi_flash_sfdp.o(.text.SFDP_GetPageSize)
    [Anonymous Symbol]                       0x0800268e   Section        0  spi_flash_sfdp.o(.text.SFDP_GetSectorEraseOpcode)
    [Anonymous Symbol]                       0x080026ac   Section        0  spi_flash_sfdp.o(.text.SFDP_GetSectorSize)
    [Anonymous Symbol]                       0x080026c8   Section        0  spi_flash_sfdp.o(.text.SFDP_IsSupported)
    __arm_cp.1_0                             0x080026ec   Number         4  spi_flash_sfdp.o(.text.SFDP_IsSupported)
    SFDP_ParseBFPT                           0x080026f1   Thumb Code   464  spi_flash_sfdp.o(.text.SFDP_ParseBFPT)
    [Anonymous Symbol]                       0x080026f0   Section        0  spi_flash_sfdp.o(.text.SFDP_ParseBFPT)
    __arm_cp.3_0                             0x080028c0   Number         4  spi_flash_sfdp.o(.text.SFDP_ParseBFPT)
    [Anonymous Symbol]                       0x080028c4   Section        0  spi_flash_sfdp.o(.text.SFDP_Read)
    __arm_cp.0_0                             0x0800292c   Number         4  spi_flash_sfdp.o(.text.SFDP_Read)
    [Anonymous Symbol]                       0x08002930   Section        0  spi_flash_sfdp.o(.text.SFDP_ReadAndParse)
    __arm_cp.2_0                             0x080029d4   Number         4  spi_flash_sfdp.o(.text.SFDP_ReadAndParse)
    [Anonymous Symbol]                       0x080029d8   Section        0  spi_flash_sfdp.o(.text.SFDP_SupportsFastRead)
    [Anonymous Symbol]                       0x08002a08   Section        0  nv3029.o(.text.SPI1_tx_dma_fill)
    __arm_cp.8_2                             0x08002a98   Number         4  nv3029.o(.text.SPI1_tx_dma_fill)
    [Anonymous Symbol]                       0x08002a9c   Section        0  nv3029.o(.text.SPI1_tx_dma_mode)
    __arm_cp.4_0                             0x08002b34   Number         4  nv3029.o(.text.SPI1_tx_dma_mode)
    [Anonymous Symbol]                       0x08002b38   Section        0  n32g031_spi.o(.text.SPI_Enable)
    [Anonymous Symbol]                       0x08002b7c   Section        0  n32g031_spi.o(.text.SPI_I2S_EnableDma)
    __arm_cp.8_0                             0x08002bd4   Number         4  n32g031_spi.o(.text.SPI_I2S_EnableDma)
    __arm_cp.8_1                             0x08002bd8   Number         4  n32g031_spi.o(.text.SPI_I2S_EnableDma)
    __arm_cp.8_2                             0x08002bdc   Number         4  n32g031_spi.o(.text.SPI_I2S_EnableDma)
    __arm_cp.8_3                             0x08002be0   Number         4  n32g031_spi.o(.text.SPI_I2S_EnableDma)
    __arm_cp.8_4                             0x08002be4   Number         4  n32g031_spi.o(.text.SPI_I2S_EnableDma)
    [Anonymous Symbol]                       0x08002c08   Section        0  n32g031_spi.o(.text.SPI_I2S_GetStatus)
    __arm_cp.19_0                            0x08002c90   Number         4  n32g031_spi.o(.text.SPI_I2S_GetStatus)
    __arm_cp.19_1                            0x08002c94   Number         4  n32g031_spi.o(.text.SPI_I2S_GetStatus)
    __arm_cp.19_2                            0x08002c98   Number         4  n32g031_spi.o(.text.SPI_I2S_GetStatus)
    __arm_cp.19_3                            0x08002c9c   Number         4  n32g031_spi.o(.text.SPI_I2S_GetStatus)
    __arm_cp.19_4                            0x08002ca0   Number         4  n32g031_spi.o(.text.SPI_I2S_GetStatus)
    [Anonymous Symbol]                       0x08002cc8   Section        0  n32g031_spi.o(.text.SPI_I2S_ReceiveData)
    [Anonymous Symbol]                       0x08002cec   Section        0  n32g031_spi.o(.text.SPI_I2S_TransmitData)
    __arm_cp.9_0                             0x08002d18   Number         4  n32g031_spi.o(.text.SPI_I2S_TransmitData)
    [Anonymous Symbol]                       0x08002d1c   Section        0  n32g031_spi.o(.text.SPI_Init)
    __arm_cp.1_0                             0x08002e44   Number         4  n32g031_spi.o(.text.SPI_Init)
    __arm_cp.1_1                             0x08002e48   Number         4  n32g031_spi.o(.text.SPI_Init)
    __arm_cp.1_2                             0x08002e4c   Number         4  n32g031_spi.o(.text.SPI_Init)
    __arm_cp.1_3                             0x08002e50   Number         4  n32g031_spi.o(.text.SPI_Init)
    __arm_cp.1_4                             0x08002e54   Number         4  n32g031_spi.o(.text.SPI_Init)
    __arm_cp.1_8                             0x08002edc   Number         4  n32g031_spi.o(.text.SPI_Init)
    __arm_cp.1_9                             0x08002ee0   Number         4  n32g031_spi.o(.text.SPI_Init)
    __arm_cp.1_10                            0x08002ee4   Number         4  n32g031_spi.o(.text.SPI_Init)
    __arm_cp.1_11                            0x08002ee8   Number         4  n32g031_spi.o(.text.SPI_Init)
    __arm_cp.1_12                            0x08002eec   Number         4  n32g031_spi.o(.text.SPI_Init)
    __arm_cp.1_13                            0x08002ef0   Number         4  n32g031_spi.o(.text.SPI_Init)
    __arm_cp.1_14                            0x08002ef4   Number         4  n32g031_spi.o(.text.SPI_Init)
    [Anonymous Symbol]                       0x08002ef8   Section        0  n32g031_spi.o(.text.SPI_InitStruct)
    [Anonymous Symbol]                       0x08002f10   Section        0  n32g031_it.o(.text.SVC_Handler)
    [Anonymous Symbol]                       0x08002f14   Section        0  sleep_wake.o(.text.SleepWake_CheckTimeout)
    [Anonymous Symbol]                       0x08002f40   Section        0  sleep_wake.o(.text.SleepWake_ClearWakeInterrupt)
    [Anonymous Symbol]                       0x08002f48   Section        0  sleep_wake.o(.text.SleepWake_GetTimeRemaining)
    [Anonymous Symbol]                       0x08002f70   Section        0  sleep_wake.o(.text.SleepWake_GoToSleep)
    [Anonymous Symbol]                       0x08002fcc   Section        0  sleep_wake.o(.text.SleepWake_Init)
    __arm_cp.0_2                             0x0800304c   Number         4  sleep_wake.o(.text.SleepWake_Init)
    __arm_cp.0_4                             0x08003050   Number         4  sleep_wake.o(.text.SleepWake_Init)
    __arm_cp.0_7                             0x08003054   Number         4  sleep_wake.o(.text.SleepWake_Init)
    __arm_cp.0_9                             0x08003058   Number         4  sleep_wake.o(.text.SleepWake_Init)
    [Anonymous Symbol]                       0x0800305c   Section        0  sleep_wake.o(.text.SleepWake_InitLPTIM)
    __arm_cp.2_0                             0x080030ec   Number         4  sleep_wake.o(.text.SleepWake_InitLPTIM)
    __arm_cp.2_1                             0x080030f0   Number         4  sleep_wake.o(.text.SleepWake_InitLPTIM)
    __arm_cp.2_3                             0x080030f4   Number         4  sleep_wake.o(.text.SleepWake_InitLPTIM)
    __arm_cp.2_4                             0x080030f8   Number         4  sleep_wake.o(.text.SleepWake_InitLPTIM)
    [Anonymous Symbol]                       0x080030fc   Section        0  sleep_wake.o(.text.SleepWake_IsSleeping)
    [Anonymous Symbol]                       0x08003104   Section        0  sleep_wake.o(.text.SleepWake_IsWakeInterruptTriggered)
    __arm_cp.5_0                             0x0800310c   Number         4  sleep_wake.o(.text.SleepWake_IsWakeInterruptTriggered)
    [Anonymous Symbol]                       0x08003110   Section        0  sleep_wake.o(.text.SleepWake_ResetTimer)
    [Anonymous Symbol]                       0x08003120   Section        0  sleep_wake.o(.text.SleepWake_SetDebugMode)
    __arm_cp.23_0                            0x08003128   Number         4  sleep_wake.o(.text.SleepWake_SetDebugMode)
    [Anonymous Symbol]                       0x0800312c   Section        0  sleep_wake.o(.text.SleepWake_WakeUp)
    __arm_cp.14_0                            0x08003178   Number         4  sleep_wake.o(.text.SleepWake_WakeUp)
    __arm_cp.14_1                            0x0800317c   Number         4  sleep_wake.o(.text.SleepWake_WakeUp)
    __arm_cp.14_2                            0x08003180   Number         4  sleep_wake.o(.text.SleepWake_WakeUp)
    __arm_cp.14_3                            0x08003184   Number         4  sleep_wake.o(.text.SleepWake_WakeUp)
    __arm_cp.14_4                            0x08003188   Number         4  sleep_wake.o(.text.SleepWake_WakeUp)
    __arm_cp.14_5                            0x0800318c   Number         4  sleep_wake.o(.text.SleepWake_WakeUp)
    __arm_cp.14_6                            0x08003190   Number         4  sleep_wake.o(.text.SleepWake_WakeUp)
    [Anonymous Symbol]                       0x08003194   Section        0  n32g031_it.o(.text.SysTick_Handler)
    [Anonymous Symbol]                       0x08003198   Section        0  system_n32g031.o(.text.SystemInit)
    __arm_cp.0_0                             0x08003254   Number         4  system_n32g031.o(.text.SystemInit)
    __arm_cp.0_1                             0x08003258   Number         4  system_n32g031.o(.text.SystemInit)
    __arm_cp.0_2                             0x0800325c   Number         4  system_n32g031.o(.text.SystemInit)
    __arm_cp.0_3                             0x08003260   Number         4  system_n32g031.o(.text.SystemInit)
    __arm_cp.0_4                             0x08003264   Number         4  system_n32g031.o(.text.SystemInit)
    __arm_cp.0_5                             0x08003268   Number         4  system_n32g031.o(.text.SystemInit)
    __arm_cp.0_6                             0x0800326c   Number         4  system_n32g031.o(.text.SystemInit)
    __arm_cp.0_7                             0x08003270   Number         4  system_n32g031.o(.text.SystemInit)
    [Anonymous Symbol]                       0x08003274   Section        0  n32g031_tim.o(.text.TIM_Enable)
    __arm_cp.19_7                            0x080032c4   Number         4  n32g031_tim.o(.text.TIM_Enable)
    __arm_cp.19_8                            0x080032c8   Number         4  n32g031_tim.o(.text.TIM_Enable)
    [Anonymous Symbol]                       0x080032cc   Section        0  n32g031_tim.o(.text.TIM_GetCnt)
    __arm_cp.97_7                            0x08003304   Number         4  n32g031_tim.o(.text.TIM_GetCnt)
    [Anonymous Symbol]                       0x08003308   Section        0  n32g031_tim.o(.text.TIM_InitTimBaseStruct)
    __arm_cp.15_0                            0x0800331c   Number         4  n32g031_tim.o(.text.TIM_InitTimBaseStruct)
    [Anonymous Symbol]                       0x08003320   Section        0  n32g031_tim.o(.text.TIM_InitTimeBase)
    __arm_cp.1_0                             0x08003478   Number         4  n32g031_tim.o(.text.TIM_InitTimeBase)
    __arm_cp.1_1                             0x0800347c   Number         4  n32g031_tim.o(.text.TIM_InitTimeBase)
    __arm_cp.1_2                             0x08003480   Number         4  n32g031_tim.o(.text.TIM_InitTimeBase)
    __arm_cp.1_3                             0x08003484   Number         4  n32g031_tim.o(.text.TIM_InitTimeBase)
    __arm_cp.1_4                             0x08003488   Number         4  n32g031_tim.o(.text.TIM_InitTimeBase)
    __arm_cp.1_5                             0x0800348c   Number         4  n32g031_tim.o(.text.TIM_InitTimeBase)
    __arm_cp.1_6                             0x08003490   Number         4  n32g031_tim.o(.text.TIM_InitTimeBase)
    [Anonymous Symbol]                       0x080034f0   Section        0  voltage_monitor.o(.text.VoltageMonitor_Init)
    __arm_cp.0_1                             0x08003574   Number         4  voltage_monitor.o(.text.VoltageMonitor_Init)
    [Anonymous Symbol]                       0x08003578   Section        0  voltage_monitor.o(.text.VoltageMonitor_UpdateReadings)
    __arm_cp.2_0                             0x08003888   Number         4  voltage_monitor.o(.text.VoltageMonitor_UpdateReadings)
    __arm_cp.2_1                             0x0800388c   Number         4  voltage_monitor.o(.text.VoltageMonitor_UpdateReadings)
    __arm_cp.2_2                             0x08003890   Number         4  voltage_monitor.o(.text.VoltageMonitor_UpdateReadings)
    __arm_cp.2_3                             0x08003894   Number         4  voltage_monitor.o(.text.VoltageMonitor_UpdateReadings)
    __arm_cp.2_4                             0x08003898   Number         4  voltage_monitor.o(.text.VoltageMonitor_UpdateReadings)
    __arm_cp.2_5                             0x0800389c   Number         4  voltage_monitor.o(.text.VoltageMonitor_UpdateReadings)
    __arm_cp.2_7                             0x080038a0   Number         4  voltage_monitor.o(.text.VoltageMonitor_UpdateReadings)
    __arm_cp.2_8                             0x080038a4   Number         4  voltage_monitor.o(.text.VoltageMonitor_UpdateReadings)
    [Anonymous Symbol]                       0x080038a8   Section        0  main.o(.text.assert_failed)
    [Anonymous Symbol]                       0x080038ac   Section        0  nv3029.o(.text.displayFullPhotoChunked)
    __arm_cp.32_0                            0x08003964   Number         4  nv3029.o(.text.displayFullPhotoChunked)
    [Anonymous Symbol]                       0x08003968   Section        0  nv3029.o(.text.displayPhoto)
    __arm_cp.28_1                            0x080039bc   Number         4  nv3029.o(.text.displayPhoto)
    __arm_cp.28_2                            0x080039c0   Number         4  nv3029.o(.text.displayPhoto)
    __arm_cp.28_3                            0x080039c4   Number         4  nv3029.o(.text.displayPhoto)
    [Anonymous Symbol]                       0x080039c8   Section        0  dma.o(.text.dma_clear_flags)
    [Anonymous Symbol]                       0x080039d0   Section        0  dma.o(.text.dma_init)
    [Anonymous Symbol]                       0x080039dc   Section        0  dma.o(.text.dma_start_transfer)
    [Anonymous Symbol]                       0x08003a3c   Section        0  dma.o(.text.dma_wait_complete)
    __arm_cp.7_0                             0x08003a84   Number         4  dma.o(.text.dma_wait_complete)
    __arm_cp.7_1                             0x08003a88   Number         4  dma.o(.text.dma_wait_complete)
    __arm_cp.7_2                             0x08003a8c   Number         4  dma.o(.text.dma_wait_complete)
    [Anonymous Symbol]                       0x08003aa4   Section        0  main.o(.text.flashScreen)
    __arm_cp.8_0                             0x08003ca8   Number         4  main.o(.text.flashScreen)
    __arm_cp.8_1                             0x08003cac   Number         4  main.o(.text.flashScreen)
    __arm_cp.8_3                             0x08003cb0   Number         4  main.o(.text.flashScreen)
    __arm_cp.8_4                             0x08003cb4   Number         4  main.o(.text.flashScreen)
    __arm_cp.8_5                             0x08003cb8   Number         4  main.o(.text.flashScreen)
    __arm_cp.8_6                             0x08003cbc   Number         4  main.o(.text.flashScreen)
    __arm_cp.8_7                             0x08003cc0   Number         4  main.o(.text.flashScreen)
    __arm_cp.8_8                             0x08003cc4   Number         4  main.o(.text.flashScreen)
    __arm_cp.8_9                             0x08003cc8   Number         4  main.o(.text.flashScreen)
    __arm_cp.8_10                            0x08003ccc   Number         4  main.o(.text.flashScreen)
    __arm_cp.8_11                            0x08003cd0   Number         4  main.o(.text.flashScreen)
    __arm_cp.8_12                            0x08003cd4   Number         4  main.o(.text.flashScreen)
    __arm_cp.8_13                            0x08003cd8   Number         4  main.o(.text.flashScreen)
    __arm_cp.8_14                            0x08003cdc   Number         4  main.o(.text.flashScreen)
    __arm_cp.8_15                            0x08003ce0   Number         4  main.o(.text.flashScreen)
    [Anonymous Symbol]                       0x08003ce4   Section        0  main.o(.text.main)
    __arm_cp.9_1                             0x08003d60   Number         4  main.o(.text.main)
    __arm_cp.9_2                             0x08003d64   Number         4  main.o(.text.main)
    __arm_cp.9_3                             0x08003d68   Number         4  main.o(.text.main)
    __arm_cp.9_4                             0x08003d6c   Number         4  main.o(.text.main)
    [Anonymous Symbol]                       0x08003d70   Section        0  main.o(.text.mainScreen)
    __arm_cp.7_0                             0x08004064   Number         4  main.o(.text.mainScreen)
    __arm_cp.7_1                             0x08004068   Number         4  main.o(.text.mainScreen)
    __arm_cp.7_2                             0x0800406c   Number         4  main.o(.text.mainScreen)
    __arm_cp.7_3                             0x08004070   Number         4  main.o(.text.mainScreen)
    __arm_cp.7_4                             0x08004074   Number         4  main.o(.text.mainScreen)
    __arm_cp.7_5                             0x08004078   Number         4  main.o(.text.mainScreen)
    __arm_cp.7_6                             0x0800407c   Number         4  main.o(.text.mainScreen)
    __arm_cp.7_7                             0x08004080   Number         4  main.o(.text.mainScreen)
    __arm_cp.7_13                            0x080040ac   Number         4  main.o(.text.mainScreen)
    __arm_cp.7_20                            0x08004110   Number         4  main.o(.text.mainScreen)
    __arm_cp.7_22                            0x08004124   Number         4  main.o(.text.mainScreen)
    [Anonymous Symbol]                       0x08004148   Section        0  spi_flash.o(.text.sFLASH_EraseBulk)
    [Anonymous Symbol]                       0x08004194   Section        0  spi_flash.o(.text.sFLASH_EraseSector)
    [Anonymous Symbol]                       0x0800425c   Section        0  spi_flash.o(.text.sFLASH_Init)
    [Anonymous Symbol]                       0x080042f8   Section        0  spi_flash.o(.text.sFLASH_ReadBuffer)
    [Anonymous Symbol]                       0x080043ec   Section        0  spi_flash.o(.text.sFLASH_ReadByte)
    [Anonymous Symbol]                       0x0800441c   Section        0  spi_flash.o(.text.sFLASH_ReadID)
    __arm_cp.12_0                            0x080044e8   Number         4  spi_flash.o(.text.sFLASH_ReadID)
    [Anonymous Symbol]                       0x080044ec   Section        0  spi_flash.o(.text.sFLASH_SendByte)
    __arm_cp.6_0                             0x0800451c   Number         4  spi_flash.o(.text.sFLASH_SendByte)
    [Anonymous Symbol]                       0x08004520   Section        0  spi_flash.o(.text.sFLASH_StartReadSequence)
    [Anonymous Symbol]                       0x080045d0   Section        0  spi_flash.o(.text.sFLASH_WaitForWriteEnd)
    __arm_cp.7_0                             0x0800463c   Number         4  spi_flash.o(.text.sFLASH_WaitForWriteEnd)
    __arm_cp.7_1                             0x08004640   Number         4  spi_flash.o(.text.sFLASH_WaitForWriteEnd)
    [Anonymous Symbol]                       0x08004644   Section        0  spi_flash.o(.text.sFLASH_WriteBuffer)
    [Anonymous Symbol]                       0x080046e0   Section        0  spi_flash.o(.text.sFLASH_WriteEnable)
    __arm_cp.5_0                             0x08004724   Number         4  spi_flash.o(.text.sFLASH_WriteEnable)
    __arm_cp.5_1                             0x08004728   Number         4  spi_flash.o(.text.sFLASH_WriteEnable)
    [Anonymous Symbol]                       0x0800472c   Section        0  spi_flash.o(.text.sFLASH_WritePage)
    __arm_cp.9_0                             0x08004828   Number         4  spi_flash.o(.text.sFLASH_WritePage)
    __arm_cp.9_1                             0x0800482c   Number         4  spi_flash.o(.text.sFLASH_WritePage)
    [Anonymous Symbol]                       0x08004830   Section        0  main.o(.text.setup)
    __arm_cp.2_0                             0x08004af8   Number         4  main.o(.text.setup)
    __arm_cp.2_2                             0x08004afc   Number         4  main.o(.text.setup)
    __arm_cp.2_3                             0x08004b00   Number         4  main.o(.text.setup)
    [Anonymous Symbol]                       0x08004b04   Section        0  nv3029.o(.text.spi1_config)
    __arm_cp.13_0                            0x08004bbc   Number         4  nv3029.o(.text.spi1_config)
    __arm_cp.13_1                            0x08004bc0   Number         4  nv3029.o(.text.spi1_config)
    __arm_cp.13_2                            0x08004bc4   Number         4  nv3029.o(.text.spi1_config)
    spi1_onewire_bitbang                     0x08004bc9   Thumb Code   320  nv3029.o(.text.spi1_onewire_bitbang)
    [Anonymous Symbol]                       0x08004bc8   Section        0  nv3029.o(.text.spi1_onewire_bitbang)
    __arm_cp.21_0                            0x08004d08   Number         4  nv3029.o(.text.spi1_onewire_bitbang)
    __arm_cp.21_1                            0x08004d0c   Number         4  nv3029.o(.text.spi1_onewire_bitbang)
    __arm_cp.21_2                            0x08004d10   Number         4  nv3029.o(.text.spi1_onewire_bitbang)
    __arm_cp.21_3                            0x08004d14   Number         4  nv3029.o(.text.spi1_onewire_bitbang)
    i.__0snprintf$3                          0x08004d18   Section        0  printf3.o(i.__0snprintf$3)
    i.__scatterload_copy                     0x08004d50   Section       14  handlers.o(i.__scatterload_copy)
    i.__scatterload_null                     0x08004d5e   Section        2  handlers.o(i.__scatterload_null)
    i.__scatterload_zeroinit                 0x08004d60   Section       14  handlers.o(i.__scatterload_zeroinit)
    _printf_core                             0x08004d71   Thumb Code   456  printf3.o(i._printf_core)
    i._printf_core                           0x08004d70   Section        0  printf3.o(i._printf_core)
    _snputc                                  0x08004f3d   Thumb Code    22  printf3.o(i._snputc)
    i._snputc                                0x08004f3c   Section        0  printf3.o(i._snputc)
    screen_init_seq_0                        0x08005132   Data         212  nv3029.o(.rodata.screen_init_seq_0)
    [Anonymous Symbol]                       0x08005132   Section        0  nv3029.o(.rodata.screen_init_seq_0)
    screen_init_seq_1_alt                    0x08005206   Data         212  nv3029.o(.rodata.screen_init_seq_1_alt)
    [Anonymous Symbol]                       0x08005206   Section        0  nv3029.o(.rodata.screen_init_seq_1_alt)
    [Anonymous Symbol]                       0x080052da   Section        0  n32g031_gpio.o(.rodata.str1.1)
    [Anonymous Symbol]                       0x0800543d   Section        0  n32g031_spi.o(.rodata.str1.1)
    [Anonymous Symbol]                       0x0800565a   Section        0  n32g031_rcc.o(.rodata.str1.1)
    [Anonymous Symbol]                       0x080056f0   Section        0  n32g031_dma.o(.rodata.str1.1)
    [Anonymous Symbol]                       0x0800587c   Section        0  n32g031_tim.o(.rodata.str1.1)
    [Anonymous Symbol]                       0x08005dc3   Section        0  n32g031_adc.o(.rodata.str1.1)
    [Anonymous Symbol]                       0x08005f31   Section        0  n32g031_exti.o(.rodata.str1.1)
    [Anonymous Symbol]                       0x08005ff2   Section        0  n32g031_lptim.o(.rodata.str1.1)
    g_pwm_duty_cycle                         0x20000000   Data           1  pwm.o(.data.g_pwm_duty_cycle)
    [Anonymous Symbol]                       0x20000000   Section        0  pwm.o(.data.g_pwm_duty_cycle)
    g_pwm_frequency                          0x20000004   Data           4  pwm.o(.data.g_pwm_frequency)
    [Anonymous Symbol]                       0x20000004   Section        0  pwm.o(.data.g_pwm_frequency)
    spi2_dummy_tx                            0x20000008   Data           1  nv3029.o(.data.spi2_dummy_tx)
    [Anonymous Symbol]                       0x20000008   Section        0  nv3029.o(.data.spi2_dummy_tx)
    flash_buffer_ptr                         0x2000101c   Data           4  nv3029.o(.bss.flash_buffer_ptr)
    [Anonymous Symbol]                       0x2000101c   Section        0  nv3029.o(.bss.flash_buffer_ptr)
    flash_dma_busy                           0x20001020   Data           1  nv3029.o(.bss.flash_dma_busy)
    [Anonymous Symbol]                       0x20001020   Section        0  nv3029.o(.bss.flash_dma_busy)
    flash_read_addr                          0x20001024   Data           4  nv3029.o(.bss.flash_read_addr)
    [Anonymous Symbol]                       0x20001024   Section        0  nv3029.o(.bss.flash_read_addr)
    flash_read_count                         0x20001028   Data           2  nv3029.o(.bss.flash_read_count)
    [Anonymous Symbol]                       0x20001028   Section        0  nv3029.o(.bss.flash_read_count)
    flash_write_buffer_start                 0x2000102c   Data           4  nv3029.o(.bss.flash_write_buffer_start)
    [Anonymous Symbol]                       0x2000102c   Section        0  nv3029.o(.bss.flash_write_buffer_start)
    flash_write_bytes_written                0x20001030   Data           4  nv3029.o(.bss.flash_write_bytes_written)
    [Anonymous Symbol]                       0x20001030   Section        0  nv3029.o(.bss.flash_write_bytes_written)
    flash_write_start_addr                   0x20001034   Data           4  nv3029.o(.bss.flash_write_start_addr)
    [Anonymous Symbol]                       0x20001034   Section        0  nv3029.o(.bss.flash_write_start_addr)
    flash_write_state                        0x20001038   Data           1  nv3029.o(.bss.flash_write_state)
    [Anonymous Symbol]                       0x20001038   Section        0  nv3029.o(.bss.flash_write_state)
    flash_write_total_bytes                  0x2000103c   Data           4  nv3029.o(.bss.flash_write_total_bytes)
    [Anonymous Symbol]                       0x2000103c   Section        0  nv3029.o(.bss.flash_write_total_bytes)
    g_button_handler.0                       0x20001040   Data           4  button.o(.bss.g_button_handler.0)
    [Anonymous Symbol]                       0x20001040   Section        0  button.o(.bss.g_button_handler.0)
    g_button_handler.1                       0x20001044   Data           4  button.o(.bss.g_button_handler.1)
    [Anonymous Symbol]                       0x20001044   Section        0  button.o(.bss.g_button_handler.1)
    g_button_handler.2                       0x20001048   Data           1  button.o(.bss.g_button_handler.2)
    [Anonymous Symbol]                       0x20001048   Section        0  button.o(.bss.g_button_handler.2)
    g_button_handler.3                       0x2000104c   Data           1  button.o(.bss.g_button_handler.3)
    [Anonymous Symbol]                       0x2000104c   Section        0  button.o(.bss.g_button_handler.3)
    g_button_handler.4                       0x2000104e   Data           1  button.o(.bss.g_button_handler.4)
    [Anonymous Symbol]                       0x2000104e   Section        0  button.o(.bss.g_button_handler.4)
    g_debug_mode                             0x2000104f   Data           1  sleep_wake.o(.bss.g_debug_mode)
    [Anonymous Symbol]                       0x2000104f   Section        0  sleep_wake.o(.bss.g_debug_mode)
    g_inactivity_counter                     0x20001050   Data           4  sleep_wake.o(.bss.g_inactivity_counter)
    [Anonymous Symbol]                       0x20001050   Section        0  sleep_wake.o(.bss.g_inactivity_counter)
    g_is_sleeping                            0x20001054   Data           1  sleep_wake.o(.bss.g_is_sleeping)
    [Anonymous Symbol]                       0x20001054   Section        0  sleep_wake.o(.bss.g_is_sleeping)
    g_is_ultra_low_power                     0x20001055   Data           1  sleep_wake.o(.bss.g_is_ultra_low_power)
    [Anonymous Symbol]                       0x20001055   Section        0  sleep_wake.o(.bss.g_is_ultra_low_power)
    g_lptim_wake_triggered                   0x20001056   Data           1  sleep_wake.o(.bss.g_lptim_wake_triggered)
    [Anonymous Symbol]                       0x20001056   Section        0  sleep_wake.o(.bss.g_lptim_wake_triggered)
    g_pwm_period                             0x20001058   Data           2  pwm.o(.bss.g_pwm_period)
    [Anonymous Symbol]                       0x20001058   Section        0  pwm.o(.bss.g_pwm_period)
    g_saved_backlight_brightness             0x2000105a   Data           1  sleep_wake.o(.bss.g_saved_backlight_brightness)
    [Anonymous Symbol]                       0x2000105a   Section        0  sleep_wake.o(.bss.g_saved_backlight_brightness)
    g_saved_tv1_state                        0x2000105b   Data           1  sleep_wake.o(.bss.g_saved_tv1_state)
    [Anonymous Symbol]                       0x2000105b   Section        0  sleep_wake.o(.bss.g_saved_tv1_state)
    g_saved_tv2_state                        0x2000105c   Data           1  sleep_wake.o(.bss.g_saved_tv2_state)
    [Anonymous Symbol]                       0x2000105c   Section        0  sleep_wake.o(.bss.g_saved_tv2_state)
    g_timeout_sec                            0x20001060   Data           4  sleep_wake.o(.bss.g_timeout_sec)
    [Anonymous Symbol]                       0x20001060   Section        0  sleep_wake.o(.bss.g_timeout_sec)
    g_wake_interrupt_triggered               0x20001070   Data           1  sleep_wake.o(.bss.g_wake_interrupt_triggered)
    [Anonymous Symbol]                       0x20001070   Section        0  sleep_wake.o(.bss.g_wake_interrupt_triggered)
    mainScreen.button_prev_state             0x20001080   Data           1  main.o(.bss.mainScreen.button_prev_state)
    [Anonymous Symbol]                       0x20001080   Section        0  main.o(.bss.mainScreen.button_prev_state)
    STACK                                    0x20001178   Section     3072  startup_n32g031.o(STACK)

    Global Symbols

    Symbol Name                              Value     Ov Type        Size  Object(Section)

    BuildAttributes$$THM_ISAv3M$S$PE$A:L22$X:L11$S22$IEEE1$IW$~IW$USESV6$~STKCKD$USESV7$~SHL$OTIME$ROPI$EBA8$MICROLIB$REQ8$PRES8$EABIv2 0x00000000   Number         0  anon$$obj.o ABSOLUTE
    _printf_a                                0x00000000   Number         0  printfstubs.o ABSOLUTE
    _printf_c                                0x00000000   Number         0  printfstubs.o ABSOLUTE
    _printf_charcount                        0x00000000   Number         0  printfstubs.o ABSOLUTE
    _printf_d                                0x00000000   Number         0  printfstubs.o ABSOLUTE
    _printf_e                                0x00000000   Number         0  printfstubs.o ABSOLUTE
    _printf_f                                0x00000000   Number         0  printfstubs.o ABSOLUTE
    _printf_flags                            0x00000000   Number         0  printfstubs.o ABSOLUTE
    _printf_fp_dec                           0x00000000   Number         0  printfstubs.o ABSOLUTE
    _printf_fp_hex                           0x00000000   Number         0  printfstubs.o ABSOLUTE
    _printf_g                                0x00000000   Number         0  printfstubs.o ABSOLUTE
    _printf_i                                0x00000000   Number         0  printfstubs.o ABSOLUTE
    _printf_int_dec                          0x00000000   Number         0  printfstubs.o ABSOLUTE
    _printf_l                                0x00000000   Number         0  printfstubs.o ABSOLUTE
    _printf_lc                               0x00000000   Number         0  printfstubs.o ABSOLUTE
    _printf_ll                               0x00000000   Number         0  printfstubs.o ABSOLUTE
    _printf_lld                              0x00000000   Number         0  printfstubs.o ABSOLUTE
    _printf_lli                              0x00000000   Number         0  printfstubs.o ABSOLUTE
    _printf_llo                              0x00000000   Number         0  printfstubs.o ABSOLUTE
    _printf_llu                              0x00000000   Number         0  printfstubs.o ABSOLUTE
    _printf_llx                              0x00000000   Number         0  printfstubs.o ABSOLUTE
    _printf_longlong_dec                     0x00000000   Number         0  printfstubs.o ABSOLUTE
    _printf_longlong_hex                     0x00000000   Number         0  printfstubs.o ABSOLUTE
    _printf_longlong_oct                     0x00000000   Number         0  printfstubs.o ABSOLUTE
    _printf_ls                               0x00000000   Number         0  printfstubs.o ABSOLUTE
    _printf_mbtowc                           0x00000000   Number         0  printfstubs.o ABSOLUTE
    _printf_n                                0x00000000   Number         0  printfstubs.o ABSOLUTE
    _printf_o                                0x00000000   Number         0  printfstubs.o ABSOLUTE
    _printf_p                                0x00000000   Number         0  printfstubs.o ABSOLUTE
    _printf_percent                          0x00000000   Number         0  printfstubs.o ABSOLUTE
    _printf_pre_padding                      0x00000000   Number         0  printfstubs.o ABSOLUTE
    _printf_return_value                     0x00000000   Number         0  printfstubs.o ABSOLUTE
    _printf_s                                0x00000000   Number         0  printfstubs.o ABSOLUTE
    _printf_sizespec                         0x00000000   Number         0  printfstubs.o ABSOLUTE
    _printf_str                              0x00000000   Number         0  printfstubs.o ABSOLUTE
    _printf_truncate_signed                  0x00000000   Number         0  printfstubs.o ABSOLUTE
    _printf_truncate_unsigned                0x00000000   Number         0  printfstubs.o ABSOLUTE
    _printf_u                                0x00000000   Number         0  printfstubs.o ABSOLUTE
    _printf_wc                               0x00000000   Number         0  printfstubs.o ABSOLUTE
    _printf_wctomb                           0x00000000   Number         0  printfstubs.o ABSOLUTE
    _printf_widthprec                        0x00000000   Number         0  printfstubs.o ABSOLUTE
    _printf_x                                0x00000000   Number         0  printfstubs.o ABSOLUTE
    __cpp_initialize__aeabi_                  - Undefined Weak Reference
    __cxa_finalize                            - Undefined Weak Reference
    __decompress                              - Undefined Weak Reference
    _clock_init                               - Undefined Weak Reference
    _microlib_exit                            - Undefined Weak Reference
    __Vectors_Size                           0x000000c0   Number         0  startup_n32g031.o ABSOLUTE
    __Vectors                                0x08000000   Data           4  startup_n32g031.o(RESET)
    __Vectors_End                            0x080000c0   Data           0  startup_n32g031.o(RESET)
    __main                                   0x080000c1   Thumb Code     0  entry.o(.ARM.Collect$$$$00000000)
    _main_stk                                0x080000c1   Thumb Code     0  entry2.o(.ARM.Collect$$$$00000001)
    _main_scatterload                        0x080000c5   Thumb Code     0  entry5.o(.ARM.Collect$$$$00000004)
    __main_after_scatterload                 0x080000c9   Thumb Code     0  entry5.o(.ARM.Collect$$$$00000004)
    _main_clock                              0x080000c9   Thumb Code     0  entry7b.o(.ARM.Collect$$$$00000008)
    _main_cpp_init                           0x080000c9   Thumb Code     0  entry8b.o(.ARM.Collect$$$$0000000A)
    _main_init                               0x080000c9   Thumb Code     0  entry9a.o(.ARM.Collect$$$$0000000B)
    __rt_final_cpp                           0x080000d1   Thumb Code     0  entry10a.o(.ARM.Collect$$$$0000000D)
    __rt_final_exit                          0x080000d1   Thumb Code     0  entry11a.o(.ARM.Collect$$$$0000000F)
    Reset_Handler                            0x080000d5   Thumb Code     8  startup_n32g031.o(.text)
    ADC_IRQHandler                           0x080000e7   Thumb Code     0  startup_n32g031.o(.text)
    COMP_IRQHandler                          0x080000e7   Thumb Code     0  startup_n32g031.o(.text)
    DMA_Channel1_2_3_4_IRQHandler            0x080000e7   Thumb Code     0  startup_n32g031.o(.text)
    DMA_Channel1_2_IRQHandler                0x080000e7   Thumb Code     0  startup_n32g031.o(.text)
    DMA_Channel3_4_IRQHandler                0x080000e7   Thumb Code     0  startup_n32g031.o(.text)
    DMA_Channel5_IRQHandler                  0x080000e7   Thumb Code     0  startup_n32g031.o(.text)
    EXTI0_1_IRQHandler                       0x080000e7   Thumb Code     0  startup_n32g031.o(.text)
    FLASH_IRQHandler                         0x080000e7   Thumb Code     0  startup_n32g031.o(.text)
    HDIV_SQRT_IRQHandler                     0x080000e7   Thumb Code     0  startup_n32g031.o(.text)
    I2C1_IRQHandler                          0x080000e7   Thumb Code     0  startup_n32g031.o(.text)
    I2C2_IRQHandler                          0x080000e7   Thumb Code     0  startup_n32g031.o(.text)
    LPUART_IRQHandler                        0x080000e7   Thumb Code     0  startup_n32g031.o(.text)
    MMU_IRQHandler                           0x080000e7   Thumb Code     0  startup_n32g031.o(.text)
    PVD_IRQHandler                           0x080000e7   Thumb Code     0  startup_n32g031.o(.text)
    RAMC_PERR_IRQHandler                     0x080000e7   Thumb Code     0  startup_n32g031.o(.text)
    RCC_IRQHandler                           0x080000e7   Thumb Code     0  startup_n32g031.o(.text)
    RESERVE9_IRQHandler                      0x080000e7   Thumb Code     0  startup_n32g031.o(.text)
    RTC_IRQHandler                           0x080000e7   Thumb Code     0  startup_n32g031.o(.text)
    SPI1_IRQHandler                          0x080000e7   Thumb Code     0  startup_n32g031.o(.text)
    SPI2_IRQHandler                          0x080000e7   Thumb Code     0  startup_n32g031.o(.text)
    TIM1_BRK_UP_TRG_COM_IRQHandler           0x080000e7   Thumb Code     0  startup_n32g031.o(.text)
    TIM1_CC_IRQHandler                       0x080000e7   Thumb Code     0  startup_n32g031.o(.text)
    TIM3_IRQHandler                          0x080000e7   Thumb Code     0  startup_n32g031.o(.text)
    TIM8_BRK_UP_TRG_COM_IRQHandler           0x080000e7   Thumb Code     0  startup_n32g031.o(.text)
    TIM8_CC_IRQHandler                       0x080000e7   Thumb Code     0  startup_n32g031.o(.text)
    USART1_2_IRQHandler                      0x080000e7   Thumb Code     0  startup_n32g031.o(.text)
    USART1_IRQHandler                        0x080000e7   Thumb Code     0  startup_n32g031.o(.text)
    USART2_IRQHandler                        0x080000e7   Thumb Code     0  startup_n32g031.o(.text)
    WWDG_IRQHandler                          0x080000e7   Thumb Code     0  startup_n32g031.o(.text)
    __aeabi_llsl                             0x080000f1   Thumb Code    32  llshl.o(.text)
    _ll_shift_l                              0x080000f1   Thumb Code     0  llshl.o(.text)
    __aeabi_memcpy                           0x08000111   Thumb Code    36  memcpya.o(.text)
    __aeabi_memcpy4                          0x08000111   Thumb Code     0  memcpya.o(.text)
    __aeabi_memcpy8                          0x08000111   Thumb Code     0  memcpya.o(.text)
    __aeabi_memset                           0x08000135   Thumb Code    14  memseta.o(.text)
    __aeabi_memset4                          0x08000135   Thumb Code     0  memseta.o(.text)
    __aeabi_memset8                          0x08000135   Thumb Code     0  memseta.o(.text)
    __aeabi_memclr                           0x08000143   Thumb Code     4  memseta.o(.text)
    __aeabi_memclr4                          0x08000143   Thumb Code     0  memseta.o(.text)
    __aeabi_memclr8                          0x08000143   Thumb Code     0  memseta.o(.text)
    _memset$wrapper                          0x08000147   Thumb Code    18  memseta.o(.text)
    __aeabi_uidiv                            0x08000159   Thumb Code     0  uidiv_div0.o(.text)
    __aeabi_uidivmod                         0x08000159   Thumb Code    62  uidiv_div0.o(.text)
    __aeabi_idiv                             0x08000199   Thumb Code     0  idiv_div0.o(.text)
    __aeabi_idivmod$div0                     0x08000199   Thumb Code    74  idiv_div0.o(.text)
    __scatterload                            0x080001e9   Thumb Code    38  init.o(.text)
    __scatterload_rt2                        0x080001e9   Thumb Code     0  init.o(.text)
    ADC_ClearFlag                            0x08000219   Thumb Code    48  n32g031_adc.o(.text.ADC_ClearFlag)
    ADC_ConfigRegularChannel                 0x08000271   Thumb Code   168  n32g031_adc.o(.text.ADC_ConfigRegularChannel)
    ADC_Enable                               0x08000345   Thumb Code    56  n32g031_adc.o(.text.ADC_Enable)
    ADC_EnableSoftwareStartConv              0x0800037d   Thumb Code    64  n32g031_adc.o(.text.ADC_EnableSoftwareStartConv)
    ADC_EnableTempSensor                     0x080003bd   Thumb Code    40  n32g031_adc.o(.text.ADC_EnableTempSensor)
    ADC_GetDat                               0x080003f1   Thumb Code    28  n32g031_adc.o(.text.ADC_GetDat)
    ADC_GetFlagStatus                        0x08000411   Thumb Code   128  n32g031_adc.o(.text.ADC_GetFlagStatus)
    ADC_Init                                 0x080004b9   Thumb Code   184  n32g031_adc.o(.text.ADC_Init)
    ADC_InitStruct                           0x080005f1   Thumb Code    14  n32g031_adc.o(.text.ADC_InitStruct)
    Button_ClearAction                       0x08000601   Thumb Code     8  button.o(.text.Button_ClearAction)
    Button_GetLastAction                     0x08000609   Thumb Code     8  button.o(.text.Button_GetLastAction)
    Button_GetPressDuration                  0x08000611   Thumb Code    40  button.o(.text.Button_GetPressDuration)
    Button_HandlePressInterrupt              0x08000639   Thumb Code    28  button.o(.text.Button_HandlePressInterrupt)
    Button_HandleReleaseInterrupt            0x08000655   Thumb Code    84  button.o(.text.Button_HandleReleaseInterrupt)
    Button_Init                              0x080006b1   Thumb Code    80  button.o(.text.Button_Init)
    Button_IsPressed                         0x08000719   Thumb Code     8  button.o(.text.Button_IsPressed)
    Button_SetPressedOnWakeup                0x08000725   Thumb Code     8  button.o(.text.Button_SetPressedOnWakeup)
    Button_Update                            0x0800072d   Thumb Code     2  button.o(.text.Button_Update)
    Button_WasPressedOnWakeup                0x08000731   Thumb Code     8  button.o(.text.Button_WasPressedOnWakeup)
    DMA_ClearFlag                            0x0800073d   Thumb Code    40  n32g031_dma.o(.text.DMA_ClearFlag)
    DMA_ConfigInt                            0x08000785   Thumb Code   128  n32g031_dma.o(.text.DMA_ConfigInt)
    DMA_DeInit                               0x08000841   Thumb Code   144  n32g031_dma.o(.text.DMA_DeInit)
    DMA_EnableChannel                        0x080008d5   Thumb Code    92  n32g031_dma.o(.text.DMA_EnableChannel)
    DMA_GetFlagStatus                        0x08000939   Thumb Code   232  n32g031_dma.o(.text.DMA_GetFlagStatus)
    DMA_Init                                 0x08000a51   Thumb Code   312  n32g031_dma.o(.text.DMA_Init)
    DMA_RequestRemap                         0x08000c4d   Thumb Code   256  n32g031_dma.o(.text.DMA_RequestRemap)
    DMA_StructInit                           0x08000d6d   Thumb Code    10  n32g031_dma.o(.text.DMA_StructInit)
    Delay                                    0x08000d77   Thumb Code    32  main.o(.text.Delay)
    EXTI2_3_IRQHandler                       0x08000d99   Thumb Code    28  sleep_wake.o(.text.EXTI2_3_IRQHandler)
    EXTI4_15_IRQHandler                      0x08000db5   Thumb Code    48  sleep_wake.o(.text.EXTI4_15_IRQHandler)
    EXTI_ClrITPendBit                        0x08000ded   Thumb Code    32  n32g031_exti.o(.text.EXTI_ClrITPendBit)
    EXTI_GetITStatus                         0x08000e19   Thumb Code   264  n32g031_exti.o(.text.EXTI_GetITStatus)
    EXTI_InitPeripheral                      0x08000f39   Thumb Code   180  n32g031_exti.o(.text.EXTI_InitPeripheral)
    EXTI_InitStruct                          0x08001089   Thumb Code    14  n32g031_exti.o(.text.EXTI_InitStruct)
    GPIO_Init                                0x08001099   Thumb Code    76  main.o(.text.GPIO_Init)
    GPIO_InitPeripheral                      0x08001101   Thumb Code   660  n32g031_gpio.o(.text.GPIO_InitPeripheral)
    GPIO_InitStruct                          0x08001451   Thumb Code    24  n32g031_gpio.o(.text.GPIO_InitStruct)
    GPIO_Off                                 0x0800146d   Thumb Code     8  main.o(.text.GPIO_Off)
    GPIO_On                                  0x08001475   Thumb Code     8  main.o(.text.GPIO_On)
    GPIO_ReadInputDataBit                    0x0800147d   Thumb Code   140  n32g031_gpio.o(.text.GPIO_ReadInputDataBit)
    GPIO_ReadOutputDataBit                   0x08001509   Thumb Code   140  n32g031_gpio.o(.text.GPIO_ReadOutputDataBit)
    GPIO_ResetBits                           0x08001595   Thumb Code   140  n32g031_gpio.o(.text.GPIO_ResetBits)
    GPIO_SetBits                             0x08001621   Thumb Code   140  n32g031_gpio.o(.text.GPIO_SetBits)
    HardFault_Handler                        0x080016c5   Thumb Code     2  n32g031_it.o(.text.HardFault_Handler)
    LCD_FillRect                             0x080016c9   Thumb Code    96  nv3029.o(.text.LCD_FillRect)
    LCD_Send_Sequence                        0x0800172d   Thumb Code    96  nv3029.o(.text.LCD_Send_Sequence)
    LCD_SetWindow                            0x0800178d   Thumb Code   180  nv3029.o(.text.LCD_SetWindow)
    LCD_animation                            0x08001845   Thumb Code   204  nv3029.o(.text.LCD_animation)
    LCD_draw_char                            0x0800191d   Thumb Code   196  nv3029.o(.text.LCD_draw_char)
    LCD_draw_string                          0x080019e9   Thumb Code   100  nv3029.o(.text.LCD_draw_string)
    LCD_fill_screen                          0x08001a4d   Thumb Code    76  nv3029.o(.text.LCD_fill_screen)
    LCD_flash_dma_init                       0x08001aa1   Thumb Code    36  nv3029.o(.text.LCD_flash_dma_init)
    LCD_flash_read_async                     0x08001ac9   Thumb Code   148  nv3029.o(.text.LCD_flash_read_async)
    LCD_flash_write_async                    0x08001b75   Thumb Code   168  nv3029.o(.text.LCD_flash_write_async)
    LCD_init                                 0x08001c3d   Thumb Code   716  nv3029.o(.text.LCD_init)
    LCD_is_flash_read_complete               0x08001f21   Thumb Code   120  nv3029.o(.text.LCD_is_flash_read_complete)
    LCD_is_flash_write_complete              0x08001fa1   Thumb Code   412  nv3029.o(.text.LCD_is_flash_write_complete)
    LPTIM_ClearFLAG_ARRM                     0x0800215d   Thumb Code    10  n32g031_lptim.o(.text.LPTIM_ClearFLAG_ARRM)
    LPTIM_ClearFLAG_CMPM                     0x08002167   Thumb Code    10  n32g031_lptim.o(.text.LPTIM_ClearFLAG_CMPM)
    LPTIM_DeInit                             0x08002171   Thumb Code    32  n32g031_lptim.o(.text.LPTIM_DeInit)
    LPTIM_Enable                             0x08002191   Thumb Code    10  n32g031_lptim.o(.text.LPTIM_Enable)
    LPTIM_EnableIT_ARRM                      0x0800219b   Thumb Code    10  n32g031_lptim.o(.text.LPTIM_EnableIT_ARRM)
    LPTIM_Init                               0x080021a5   Thumb Code   116  n32g031_lptim.o(.text.LPTIM_Init)
    LPTIM_IsActiveFlag_ARRM                  0x08002299   Thumb Code     8  n32g031_lptim.o(.text.LPTIM_IsActiveFlag_ARRM)
    LPTIM_IsActiveFlag_CMPM                  0x080022a1   Thumb Code     8  n32g031_lptim.o(.text.LPTIM_IsActiveFlag_CMPM)
    LPTIM_SetAutoReload                      0x080022a9   Thumb Code     6  n32g031_lptim.o(.text.LPTIM_SetAutoReload)
    LPTIM_StartCounter                       0x080022af   Thumb Code    12  n32g031_lptim.o(.text.LPTIM_StartCounter)
    LPTIM_TIM6_IRQHandler                    0x080022bd   Thumb Code    52  sleep_wake.o(.text.LPTIM_TIM6_IRQHandler)
    NMI_Handler                              0x080022f9   Thumb Code     2  n32g031_it.o(.text.NMI_Handler)
    PWM_GetDutyCycle                         0x080022fd   Thumb Code     8  pwm.o(.text.PWM_GetDutyCycle)
    PWM_Init                                 0x08002305   Thumb Code   136  pwm.o(.text.PWM_Init)
    PWM_SetDutyCycle                         0x0800239d   Thumb Code    32  pwm.o(.text.PWM_SetDutyCycle)
    PendSV_Handler                           0x080023c9   Thumb Code     2  n32g031_it.o(.text.PendSV_Handler)
    RCC_ConfigAdcHclk                        0x080023cd   Thumb Code    40  n32g031_rcc.o(.text.RCC_ConfigAdcHclk)
    RCC_ConfigLPTIMClk                       0x08002421   Thumb Code    44  n32g031_rcc.o(.text.RCC_ConfigLPTIMClk)
    RCC_EnableAHBPeriphClk                   0x0800247d   Thumb Code    64  n32g031_rcc.o(.text.RCC_EnableAHBPeriphClk)
    RCC_EnableAPB1PeriphClk                  0x080024ed   Thumb Code    64  n32g031_rcc.o(.text.RCC_EnableAPB1PeriphClk)
    RCC_EnableAPB1PeriphReset                0x0800255d   Thumb Code    64  n32g031_rcc.o(.text.RCC_EnableAPB1PeriphReset)
    RCC_EnableAPB2PeriphClk                  0x080025d5   Thumb Code    64  n32g031_rcc.o(.text.RCC_EnableAPB2PeriphClk)
    RCC_EnableLsi                            0x08002625   Thumb Code    40  n32g031_rcc.o(.text.RCC_EnableLsi)
    SFDP_GetDensityMegabits                  0x0800265d   Thumb Code    28  spi_flash_sfdp.o(.text.SFDP_GetDensityMegabits)
    SFDP_GetPageSize                         0x08002679   Thumb Code    22  spi_flash_sfdp.o(.text.SFDP_GetPageSize)
    SFDP_GetSectorEraseOpcode                0x0800268f   Thumb Code    30  spi_flash_sfdp.o(.text.SFDP_GetSectorEraseOpcode)
    SFDP_GetSectorSize                       0x080026ad   Thumb Code    28  spi_flash_sfdp.o(.text.SFDP_GetSectorSize)
    SFDP_IsSupported                         0x080026c9   Thumb Code    36  spi_flash_sfdp.o(.text.SFDP_IsSupported)
    SFDP_Read                                0x080028c5   Thumb Code   104  spi_flash_sfdp.o(.text.SFDP_Read)
    SFDP_ReadAndParse                        0x08002931   Thumb Code   164  spi_flash_sfdp.o(.text.SFDP_ReadAndParse)
    SFDP_SupportsFastRead                    0x080029d9   Thumb Code    46  spi_flash_sfdp.o(.text.SFDP_SupportsFastRead)
    SPI1_tx_dma_fill                         0x08002a09   Thumb Code   144  nv3029.o(.text.SPI1_tx_dma_fill)
    SPI1_tx_dma_mode                         0x08002a9d   Thumb Code   152  nv3029.o(.text.SPI1_tx_dma_mode)
    SPI_Enable                               0x08002b39   Thumb Code    68  n32g031_spi.o(.text.SPI_Enable)
    SPI_I2S_EnableDma                        0x08002b7d   Thumb Code    88  n32g031_spi.o(.text.SPI_I2S_EnableDma)
    SPI_I2S_GetStatus                        0x08002c09   Thumb Code   136  n32g031_spi.o(.text.SPI_I2S_GetStatus)
    SPI_I2S_ReceiveData                      0x08002cc9   Thumb Code    36  n32g031_spi.o(.text.SPI_I2S_ReceiveData)
    SPI_I2S_TransmitData                     0x08002ced   Thumb Code    44  n32g031_spi.o(.text.SPI_I2S_TransmitData)
    SPI_Init                                 0x08002d1d   Thumb Code   296  n32g031_spi.o(.text.SPI_Init)
    SPI_InitStruct                           0x08002ef9   Thumb Code    24  n32g031_spi.o(.text.SPI_InitStruct)
    SVC_Handler                              0x08002f11   Thumb Code     2  n32g031_it.o(.text.SVC_Handler)
    SleepWake_CheckTimeout                   0x08002f15   Thumb Code    44  sleep_wake.o(.text.SleepWake_CheckTimeout)
    SleepWake_ClearWakeInterrupt             0x08002f41   Thumb Code     8  sleep_wake.o(.text.SleepWake_ClearWakeInterrupt)
    SleepWake_GetTimeRemaining               0x08002f49   Thumb Code    40  sleep_wake.o(.text.SleepWake_GetTimeRemaining)
    SleepWake_GoToSleep                      0x08002f71   Thumb Code    92  sleep_wake.o(.text.SleepWake_GoToSleep)
    SleepWake_Init                           0x08002fcd   Thumb Code   128  sleep_wake.o(.text.SleepWake_Init)
    SleepWake_InitLPTIM                      0x0800305d   Thumb Code   144  sleep_wake.o(.text.SleepWake_InitLPTIM)
    SleepWake_IsSleeping                     0x080030fd   Thumb Code     8  sleep_wake.o(.text.SleepWake_IsSleeping)
    SleepWake_IsWakeInterruptTriggered       0x08003105   Thumb Code     8  sleep_wake.o(.text.SleepWake_IsWakeInterruptTriggered)
    SleepWake_ResetTimer                     0x08003111   Thumb Code    16  sleep_wake.o(.text.SleepWake_ResetTimer)
    SleepWake_SetDebugMode                   0x08003121   Thumb Code     8  sleep_wake.o(.text.SleepWake_SetDebugMode)
    SleepWake_WakeUp                         0x0800312d   Thumb Code    76  sleep_wake.o(.text.SleepWake_WakeUp)
    SysTick_Handler                          0x08003195   Thumb Code     2  n32g031_it.o(.text.SysTick_Handler)
    SystemInit                               0x08003199   Thumb Code   188  system_n32g031.o(.text.SystemInit)
    TIM_Enable                               0x08003275   Thumb Code    80  n32g031_tim.o(.text.TIM_Enable)
    TIM_GetCnt                               0x080032cd   Thumb Code    56  n32g031_tim.o(.text.TIM_GetCnt)
    TIM_InitTimBaseStruct                    0x08003309   Thumb Code    20  n32g031_tim.o(.text.TIM_InitTimBaseStruct)
    TIM_InitTimeBase                         0x08003321   Thumb Code   344  n32g031_tim.o(.text.TIM_InitTimeBase)
    VoltageMonitor_Init                      0x080034f1   Thumb Code   132  voltage_monitor.o(.text.VoltageMonitor_Init)
    VoltageMonitor_UpdateReadings            0x08003579   Thumb Code   784  voltage_monitor.o(.text.VoltageMonitor_UpdateReadings)
    assert_failed                            0x080038a9   Thumb Code     2  main.o(.text.assert_failed)
    displayFullPhotoChunked                  0x080038ad   Thumb Code   184  nv3029.o(.text.displayFullPhotoChunked)
    displayPhoto                             0x08003969   Thumb Code    84  nv3029.o(.text.displayPhoto)
    dma_clear_flags                          0x080039c9   Thumb Code     8  dma.o(.text.dma_clear_flags)
    dma_init                                 0x080039d1   Thumb Code    12  dma.o(.text.dma_init)
    dma_start_transfer                       0x080039dd   Thumb Code    96  dma.o(.text.dma_start_transfer)
    dma_wait_complete                        0x08003a3d   Thumb Code    72  dma.o(.text.dma_wait_complete)
    flashScreen                              0x08003aa5   Thumb Code   516  main.o(.text.flashScreen)
    main                                     0x08003ce5   Thumb Code   124  main.o(.text.main)
    mainScreen                               0x08003d71   Thumb Code   756  main.o(.text.mainScreen)
    sFLASH_EraseBulk                         0x08004149   Thumb Code    76  spi_flash.o(.text.sFLASH_EraseBulk)
    sFLASH_EraseSector                       0x08004195   Thumb Code   200  spi_flash.o(.text.sFLASH_EraseSector)
    sFLASH_Init                              0x0800425d   Thumb Code   156  spi_flash.o(.text.sFLASH_Init)
    sFLASH_ReadBuffer                        0x080042f9   Thumb Code   244  spi_flash.o(.text.sFLASH_ReadBuffer)
    sFLASH_ReadByte                          0x080043ed   Thumb Code    48  spi_flash.o(.text.sFLASH_ReadByte)
    sFLASH_ReadID                            0x0800441d   Thumb Code   204  spi_flash.o(.text.sFLASH_ReadID)
    sFLASH_SendByte                          0x080044ed   Thumb Code    48  spi_flash.o(.text.sFLASH_SendByte)
    sFLASH_StartReadSequence                 0x08004521   Thumb Code   176  spi_flash.o(.text.sFLASH_StartReadSequence)
    sFLASH_WaitForWriteEnd                   0x080045d1   Thumb Code   108  spi_flash.o(.text.sFLASH_WaitForWriteEnd)
    sFLASH_WriteBuffer                       0x08004645   Thumb Code   156  spi_flash.o(.text.sFLASH_WriteBuffer)
    sFLASH_WriteEnable                       0x080046e1   Thumb Code    68  spi_flash.o(.text.sFLASH_WriteEnable)
    sFLASH_WritePage                         0x0800472d   Thumb Code   252  spi_flash.o(.text.sFLASH_WritePage)
    setup                                    0x08004831   Thumb Code   712  main.o(.text.setup)
    spi1_config                              0x08004b05   Thumb Code   184  nv3029.o(.text.spi1_config)
    __0snprintf$3                            0x08004d19   Thumb Code    50  printf3.o(i.__0snprintf$3)
    __1snprintf$3                            0x08004d19   Thumb Code     0  printf3.o(i.__0snprintf$3)
    __2snprintf                              0x08004d19   Thumb Code     0  printf3.o(i.__0snprintf$3)
    __scatterload_copy                       0x08004d51   Thumb Code    14  handlers.o(i.__scatterload_copy)
    __scatterload_null                       0x08004d5f   Thumb Code     2  handlers.o(i.__scatterload_null)
    __scatterload_zeroinit                   0x08004d61   Thumb Code    14  handlers.o(i.__scatterload_zeroinit)
    font5x8                                  0x08004f52   Data         480  nv3029.o(.rodata.font5x8)
    Region$$Table$$Base                      0x080060b0   Number         0  anon$$obj.o(Region$$Table)
    Region$$Table$$Limit                     0x080060d0   Number         0  anon$$obj.o(Region$$Table)
    FlashID                                  0x20000010   Data           4  main.o(.bss.FlashID)
    FlashID_error                            0x20000014   Data           1  main.o(.bss.FlashID_error)
    buffer                                   0x20000015   Data        4096  main.o(.bss.buffer)
    continue_flag                            0x20001018   Data           4  main.o(.bss.continue_flag)
    g_voltage_readings                       0x20001064   Data          12  voltage_monitor.o(.bss.g_voltage_readings)
    lvl_buffer                               0x20001071   Data           5  main.o(.bss.lvl_buffer)
    lvl_buffer_read                          0x20001076   Data           5  main.o(.bss.lvl_buffer_read)
    lvl_reset_flag                           0x2000107c   Data           4  main.o(.bss.lvl_reset_flag)
    mainran                                  0x20001081   Data           1  main.o(.bss.mainran)
    page                                     0x20001084   Data           4  main.o(.bss.page)
    sfdp                                     0x20001088   Data         216  main.o(.bss.sfdp)
    spi_rx_data                              0x20001160   Data           4  nv3029.o(.bss.spi_rx_data)
    spi_rx_data_04                           0x20001164   Data           4  nv3029.o(.bss.spi_rx_data_04)
    spi_rx_data_d3                           0x20001168   Data           4  nv3029.o(.bss.spi_rx_data_d3)
    status                                   0x2000116c   Data           4  main.o(.bss.status)
    write_flag                               0x20001170   Data           4  main.o(.bss.write_flag)
    __initial_sp                             0x20001d78   Data           0  startup_n32g031.o(STACK)



==============================================================================

Memory Map of the image

  Image Entry point : 0x080000c1

  Load Region LR_IROM1 (Base: 0x08000000, Size: 0x000060e0, Max: 0x00010000, ABSOLUTE)

    Execution Region ER_IROM1 (Exec base: 0x08000000, Load base: 0x08000000, Size: 0x000060d0, Max: 0x00010000, ABSOLUTE)

    Exec Addr    Load Addr    Size         Type   Attr      Idx    E Section Name        Object

    0x08000000   0x08000000   0x000000c0   Data   RO            3    RESET               startup_n32g031.o
    0x080000c0   0x080000c0   0x00000000   Code   RO         1346  * .ARM.Collect$$$$00000000  mc_p.l(entry.o)
    0x080000c0   0x080000c0   0x00000004   Code   RO         1626    .ARM.Collect$$$$00000001  mc_p.l(entry2.o)
    0x080000c4   0x080000c4   0x00000004   Code   RO         1629    .ARM.Collect$$$$00000004  mc_p.l(entry5.o)
    0x080000c8   0x080000c8   0x00000000   Code   RO         1631    .ARM.Collect$$$$00000008  mc_p.l(entry7b.o)
    0x080000c8   0x080000c8   0x00000000   Code   RO         1633    .ARM.Collect$$$$0000000A  mc_p.l(entry8b.o)
    0x080000c8   0x080000c8   0x00000008   Code   RO         1634    .ARM.Collect$$$$0000000B  mc_p.l(entry9a.o)
    0x080000d0   0x080000d0   0x00000000   Code   RO         1636    .ARM.Collect$$$$0000000D  mc_p.l(entry10a.o)
    0x080000d0   0x080000d0   0x00000000   Code   RO         1638    .ARM.Collect$$$$0000000F  mc_p.l(entry11a.o)
    0x080000d0   0x080000d0   0x00000004   Code   RO         1627    .ARM.Collect$$$$00002712  mc_p.l(entry2.o)
    0x080000d4   0x080000d4   0x0000001c   Code   RO            4    .text               startup_n32g031.o
    0x080000f0   0x080000f0   0x00000020   Code   RO         1357    .text               mc_p.l(llshl.o)
    0x08000110   0x08000110   0x00000024   Code   RO         1359    .text               mc_p.l(memcpya.o)
    0x08000134   0x08000134   0x00000024   Code   RO         1361    .text               mc_p.l(memseta.o)
    0x08000158   0x08000158   0x0000003e   Code   RO         1649    .text               mc_p.l(uidiv_div0.o)
    0x08000196   0x08000196   0x00000002   PAD
    0x08000198   0x08000198   0x00000050   Code   RO         1651    .text               mc_p.l(idiv_div0.o)
    0x080001e8   0x080001e8   0x00000030   Code   RO         1668    .text               mc_p.l(init.o)
    0x08000218   0x08000218   0x00000058   Code   RO          547    .text.ADC_ClearFlag  n32g031_adc.o
    0x08000270   0x08000270   0x000000d4   Code   RO          505    .text.ADC_ConfigRegularChannel  n32g031_adc.o
    0x08000344   0x08000344   0x00000038   Code   RO          491    .text.ADC_Enable    n32g031_adc.o
    0x0800037c   0x0800037c   0x00000040   Code   RO          497    .text.ADC_EnableSoftwareStartConv  n32g031_adc.o
    0x080003bc   0x080003bc   0x00000034   Code   RO          537    .text.ADC_EnableTempSensor  n32g031_adc.o
    0x080003f0   0x080003f0   0x00000020   Code   RO          509    .text.ADC_GetDat    n32g031_adc.o
    0x08000410   0x08000410   0x000000a8   Code   RO          545    .text.ADC_GetFlagStatus  n32g031_adc.o
    0x080004b8   0x080004b8   0x00000138   Code   RO          487    .text.ADC_Init      n32g031_adc.o
    0x080005f0   0x080005f0   0x0000000e   Code   RO          489    .text.ADC_InitStruct  n32g031_adc.o
    0x080005fe   0x080005fe   0x00000002   PAD
    0x08000600   0x08000600   0x00000008   Code   RO         1318    .text.Button_ClearAction  button.o
    0x08000608   0x08000608   0x00000008   Code   RO         1316    .text.Button_GetLastAction  button.o
    0x08000610   0x08000610   0x00000028   Code   RO         1320    .text.Button_GetPressDuration  button.o
    0x08000638   0x08000638   0x0000001c   Code   RO         1330    .text.Button_HandlePressInterrupt  button.o
    0x08000654   0x08000654   0x0000005c   Code   RO         1332    .text.Button_HandleReleaseInterrupt  button.o
    0x080006b0   0x080006b0   0x00000068   Code   RO         1310    .text.Button_Init   button.o
    0x08000718   0x08000718   0x0000000c   Code   RO         1322    .text.Button_IsPressed  button.o
    0x08000724   0x08000724   0x00000008   Code   RO         1326    .text.Button_SetPressedOnWakeup  button.o
    0x0800072c   0x0800072c   0x00000002   Code   RO         1314    .text.Button_Update  button.o
    0x0800072e   0x0800072e   0x00000002   PAD
    0x08000730   0x08000730   0x0000000c   Code   RO         1324    .text.Button_WasPressedOnWakeup  button.o
    0x0800073c   0x0800073c   0x00000048   Code   RO          249    .text.DMA_ClearFlag  n32g031_dma.o
    0x08000784   0x08000784   0x000000bc   Code   RO          241    .text.DMA_ConfigInt  n32g031_dma.o
    0x08000840   0x08000840   0x00000094   Code   RO          233    .text.DMA_DeInit    n32g031_dma.o
    0x080008d4   0x080008d4   0x00000064   Code   RO          239    .text.DMA_EnableChannel  n32g031_dma.o
    0x08000938   0x08000938   0x00000118   Code   RO          247    .text.DMA_GetFlagStatus  n32g031_dma.o
    0x08000a50   0x08000a50   0x000001fc   Code   RO          235    .text.DMA_Init      n32g031_dma.o
    0x08000c4c   0x08000c4c   0x00000120   Code   RO          255    .text.DMA_RequestRemap  n32g031_dma.o
    0x08000d6c   0x08000d6c   0x0000000a   Code   RO          237    .text.DMA_StructInit  n32g031_dma.o
    0x08000d76   0x08000d76   0x00000020   Code   RO          920    .text.Delay         main.o
    0x08000d96   0x08000d96   0x00000002   PAD
    0x08000d98   0x08000d98   0x0000001c   Code   RO         1255    .text.EXTI2_3_IRQHandler  sleep_wake.o
    0x08000db4   0x08000db4   0x00000038   Code   RO         1257    .text.EXTI4_15_IRQHandler  sleep_wake.o
    0x08000dec   0x08000dec   0x0000002c   Code   RO          590    .text.EXTI_ClrITPendBit  n32g031_exti.o
    0x08000e18   0x08000e18   0x00000120   Code   RO          588    .text.EXTI_GetITStatus  n32g031_exti.o
    0x08000f38   0x08000f38   0x00000150   Code   RO          578    .text.EXTI_InitPeripheral  n32g031_exti.o
    0x08001088   0x08001088   0x0000000e   Code   RO          580    .text.EXTI_InitStruct  n32g031_exti.o
    0x08001096   0x08001096   0x00000002   PAD
    0x08001098   0x08001098   0x00000068   Code   RO          918    .text.GPIO_Init     main.o
    0x08001100   0x08001100   0x00000350   Code   RO           31    .text.GPIO_InitPeripheral  n32g031_gpio.o
    0x08001450   0x08001450   0x0000001c   Code   RO           33    .text.GPIO_InitStruct  n32g031_gpio.o
    0x0800146c   0x0800146c   0x00000008   Code   RO          922    .text.GPIO_Off      main.o
    0x08001474   0x08001474   0x00000008   Code   RO          924    .text.GPIO_On       main.o
    0x0800147c   0x0800147c   0x0000008c   Code   RO           35    .text.GPIO_ReadInputDataBit  n32g031_gpio.o
    0x08001508   0x08001508   0x0000008c   Code   RO           39    .text.GPIO_ReadOutputDataBit  n32g031_gpio.o
    0x08001594   0x08001594   0x0000008c   Code   RO           45    .text.GPIO_ResetBits  n32g031_gpio.o
    0x08001620   0x08001620   0x000000a4   Code   RO           43    .text.GPIO_SetBits  n32g031_gpio.o
    0x080016c4   0x080016c4   0x00000002   Code   RO          960    .text.HardFault_Handler  n32g031_it.o
    0x080016c6   0x080016c6   0x00000002   PAD
    0x080016c8   0x080016c8   0x00000064   Code   RO         1093    .text.LCD_FillRect  nv3029.o
    0x0800172c   0x0800172c   0x00000060   Code   RO         1095    .text.LCD_Send_Sequence  nv3029.o
    0x0800178c   0x0800178c   0x000000b8   Code   RO         1087    .text.LCD_SetWindow  nv3029.o
    0x08001844   0x08001844   0x000000d8   Code   RO         1129    .text.LCD_animation  nv3029.o
    0x0800191c   0x0800191c   0x000000cc   Code   RO         1109    .text.LCD_draw_char  nv3029.o
    0x080019e8   0x080019e8   0x00000064   Code   RO         1111    .text.LCD_draw_string  nv3029.o
    0x08001a4c   0x08001a4c   0x00000054   Code   RO         1107    .text.LCD_fill_screen  nv3029.o
    0x08001aa0   0x08001aa0   0x00000028   Code   RO         1131    .text.LCD_flash_dma_init  nv3029.o
    0x08001ac8   0x08001ac8   0x000000ac   Code   RO         1121    .text.LCD_flash_read_async  nv3029.o
    0x08001b74   0x08001b74   0x000000c8   Code   RO         1135    .text.LCD_flash_write_async  nv3029.o
    0x08001c3c   0x08001c3c   0x000002e4   Code   RO         1103    .text.LCD_init      nv3029.o
    0x08001f20   0x08001f20   0x00000080   Code   RO         1123    .text.LCD_is_flash_read_complete  nv3029.o
    0x08001fa0   0x08001fa0   0x000001bc   Code   RO         1137    .text.LCD_is_flash_write_complete  nv3029.o
    0x0800215c   0x0800215c   0x0000000a   Code   RO          695    .text.LPTIM_ClearFLAG_ARRM  n32g031_lptim.o
    0x08002166   0x08002166   0x0000000a   Code   RO          691    .text.LPTIM_ClearFLAG_CMPM  n32g031_lptim.o
    0x08002170   0x08002170   0x00000020   Code   RO          605    .text.LPTIM_DeInit  n32g031_lptim.o
    0x08002190   0x08002190   0x0000000a   Code   RO          615    .text.LPTIM_Enable  n32g031_lptim.o
    0x0800219a   0x0800219a   0x0000000a   Code   RO          725    .text.LPTIM_EnableIT_ARRM  n32g031_lptim.o
    0x080021a4   0x080021a4   0x000000f4   Code   RO          609    .text.LPTIM_Init    n32g031_lptim.o
    0x08002298   0x08002298   0x00000008   Code   RO          697    .text.LPTIM_IsActiveFlag_ARRM  n32g031_lptim.o
    0x080022a0   0x080022a0   0x00000008   Code   RO          693    .text.LPTIM_IsActiveFlag_CMPM  n32g031_lptim.o
    0x080022a8   0x080022a8   0x00000006   Code   RO          623    .text.LPTIM_SetAutoReload  n32g031_lptim.o
    0x080022ae   0x080022ae   0x0000000c   Code   RO          617    .text.LPTIM_StartCounter  n32g031_lptim.o
    0x080022ba   0x080022ba   0x00000002   PAD
    0x080022bc   0x080022bc   0x0000003c   Code   RO         1259    .text.LPTIM_TIM6_IRQHandler  sleep_wake.o
    0x080022f8   0x080022f8   0x00000002   Code   RO          958    .text.NMI_Handler   n32g031_it.o
    0x080022fa   0x080022fa   0x00000002   PAD
    0x080022fc   0x080022fc   0x00000008   Code   RO         1208    .text.PWM_GetDutyCycle  pwm.o
    0x08002304   0x08002304   0x00000098   Code   RO         1202    .text.PWM_Init      pwm.o
    0x0800239c   0x0800239c   0x0000002c   Code   RO         1204    .text.PWM_SetDutyCycle  pwm.o
    0x080023c8   0x080023c8   0x00000002   Code   RO          964    .text.PendSV_Handler  n32g031_it.o
    0x080023ca   0x080023ca   0x00000002   PAD
    0x080023cc   0x080023cc   0x00000054   Code   RO          167    .text.RCC_ConfigAdcHclk  n32g031_rcc.o
    0x08002420   0x08002420   0x0000005c   Code   RO          169    .text.RCC_ConfigLPTIMClk  n32g031_rcc.o
    0x0800247c   0x0800247c   0x00000070   Code   RO          197    .text.RCC_EnableAHBPeriphClk  n32g031_rcc.o
    0x080024ec   0x080024ec   0x00000070   Code   RO          201    .text.RCC_EnableAPB1PeriphClk  n32g031_rcc.o
    0x0800255c   0x0800255c   0x00000078   Code   RO          207    .text.RCC_EnableAPB1PeriphReset  n32g031_rcc.o
    0x080025d4   0x080025d4   0x00000050   Code   RO          199    .text.RCC_EnableAPB2PeriphClk  n32g031_rcc.o
    0x08002624   0x08002624   0x00000038   Code   RO          181    .text.RCC_EnableLsi  n32g031_rcc.o
    0x0800265c   0x0800265c   0x0000001c   Code   RO         1029    .text.SFDP_GetDensityMegabits  spi_flash_sfdp.o
    0x08002678   0x08002678   0x00000016   Code   RO         1031    .text.SFDP_GetPageSize  spi_flash_sfdp.o
    0x0800268e   0x0800268e   0x0000001e   Code   RO         1035    .text.SFDP_GetSectorEraseOpcode  spi_flash_sfdp.o
    0x080026ac   0x080026ac   0x0000001c   Code   RO         1033    .text.SFDP_GetSectorSize  spi_flash_sfdp.o
    0x080026c8   0x080026c8   0x00000028   Code   RO         1021    .text.SFDP_IsSupported  spi_flash_sfdp.o
    0x080026f0   0x080026f0   0x000001d4   Code   RO         1025    .text.SFDP_ParseBFPT  spi_flash_sfdp.o
    0x080028c4   0x080028c4   0x0000006c   Code   RO         1019    .text.SFDP_Read     spi_flash_sfdp.o
    0x08002930   0x08002930   0x000000a8   Code   RO         1023    .text.SFDP_ReadAndParse  spi_flash_sfdp.o
    0x080029d8   0x080029d8   0x0000002e   Code   RO         1043    .text.SFDP_SupportsFastRead  spi_flash_sfdp.o
    0x08002a06   0x08002a06   0x00000002   PAD
    0x08002a08   0x08002a08   0x00000094   Code   RO         1079    .text.SPI1_tx_dma_fill  nv3029.o
    0x08002a9c   0x08002a9c   0x0000009c   Code   RO         1071    .text.SPI1_tx_dma_mode  nv3029.o
    0x08002b38   0x08002b38   0x00000044   Code   RO           82    .text.SPI_Enable    n32g031_spi.o
    0x08002b7c   0x08002b7c   0x0000008c   Code   RO           88    .text.SPI_I2S_EnableDma  n32g031_spi.o
    0x08002c08   0x08002c08   0x000000c0   Code   RO          110    .text.SPI_I2S_GetStatus  n32g031_spi.o
    0x08002cc8   0x08002cc8   0x00000024   Code   RO           92    .text.SPI_I2S_ReceiveData  n32g031_spi.o
    0x08002cec   0x08002cec   0x00000030   Code   RO           90    .text.SPI_I2S_TransmitData  n32g031_spi.o
    0x08002d1c   0x08002d1c   0x000001dc   Code   RO           74    .text.SPI_Init      n32g031_spi.o
    0x08002ef8   0x08002ef8   0x00000018   Code   RO           78    .text.SPI_InitStruct  n32g031_spi.o
    0x08002f10   0x08002f10   0x00000002   Code   RO          962    .text.SVC_Handler   n32g031_it.o
    0x08002f12   0x08002f12   0x00000002   PAD
    0x08002f14   0x08002f14   0x0000002c   Code   RO         1245    .text.SleepWake_CheckTimeout  sleep_wake.o
    0x08002f40   0x08002f40   0x00000008   Code   RO         1237    .text.SleepWake_ClearWakeInterrupt  sleep_wake.o
    0x08002f48   0x08002f48   0x00000028   Code   RO         1247    .text.SleepWake_GetTimeRemaining  sleep_wake.o
    0x08002f70   0x08002f70   0x0000005c   Code   RO         1251    .text.SleepWake_GoToSleep  sleep_wake.o
    0x08002fcc   0x08002fcc   0x00000090   Code   RO         1225    .text.SleepWake_Init  sleep_wake.o
    0x0800305c   0x0800305c   0x000000a0   Code   RO         1229    .text.SleepWake_InitLPTIM  sleep_wake.o
    0x080030fc   0x080030fc   0x00000008   Code   RO         1249    .text.SleepWake_IsSleeping  sleep_wake.o
    0x08003104   0x08003104   0x0000000c   Code   RO         1235    .text.SleepWake_IsWakeInterruptTriggered  sleep_wake.o
    0x08003110   0x08003110   0x00000010   Code   RO         1243    .text.SleepWake_ResetTimer  sleep_wake.o
    0x08003120   0x08003120   0x0000000c   Code   RO         1271    .text.SleepWake_SetDebugMode  sleep_wake.o
    0x0800312c   0x0800312c   0x00000068   Code   RO         1253    .text.SleepWake_WakeUp  sleep_wake.o
    0x08003194   0x08003194   0x00000002   Code   RO          966    .text.SysTick_Handler  n32g031_it.o
    0x08003196   0x08003196   0x00000002   PAD
    0x08003198   0x08003198   0x000000dc   Code   RO           11    .text.SystemInit    system_n32g031.o
    0x08003274   0x08003274   0x00000058   Code   RO          304    .text.TIM_Enable    n32g031_tim.o
    0x080032cc   0x080032cc   0x0000003c   Code   RO          460    .text.TIM_GetCnt    n32g031_tim.o
    0x08003308   0x08003308   0x00000018   Code   RO          296    .text.TIM_InitTimBaseStruct  n32g031_tim.o
    0x08003320   0x08003320   0x000001d0   Code   RO          268    .text.TIM_InitTimeBase  n32g031_tim.o
    0x080034f0   0x080034f0   0x00000088   Code   RO         1293    .text.VoltageMonitor_Init  voltage_monitor.o
    0x08003578   0x08003578   0x00000330   Code   RO         1297    .text.VoltageMonitor_UpdateReadings  voltage_monitor.o
    0x080038a8   0x080038a8   0x00000002   Code   RO          932    .text.assert_failed  main.o
    0x080038aa   0x080038aa   0x00000002   PAD
    0x080038ac   0x080038ac   0x000000bc   Code   RO         1127    .text.displayFullPhotoChunked  nv3029.o
    0x08003968   0x08003968   0x00000060   Code   RO         1119    .text.displayPhoto  nv3029.o
    0x080039c8   0x080039c8   0x00000008   Code   RO         1178    .text.dma_clear_flags  dma.o
    0x080039d0   0x080039d0   0x0000000c   Code   RO         1168    .text.dma_init      dma.o
    0x080039dc   0x080039dc   0x00000060   Code   RO         1174    .text.dma_start_transfer  dma.o
    0x08003a3c   0x08003a3c   0x00000068   Code   RO         1182    .text.dma_wait_complete  dma.o
    0x08003aa4   0x08003aa4   0x00000240   Code   RO          928    .text.flashScreen   main.o
    0x08003ce4   0x08003ce4   0x0000008c   Code   RO          930    .text.main          main.o
    0x08003d70   0x08003d70   0x000003d8   Code   RO          926    .text.mainScreen    main.o
    0x08004148   0x08004148   0x0000004c   Code   RO          993    .text.sFLASH_EraseBulk  spi_flash.o
    0x08004194   0x08004194   0x000000c8   Code   RO          985    .text.sFLASH_EraseSector  spi_flash.o
    0x0800425c   0x0800425c   0x0000009c   Code   RO          983    .text.sFLASH_Init   spi_flash.o
    0x080042f8   0x080042f8   0x000000f4   Code   RO          999    .text.sFLASH_ReadBuffer  spi_flash.o
    0x080043ec   0x080043ec   0x00000030   Code   RO         1005    .text.sFLASH_ReadByte  spi_flash.o
    0x0800441c   0x0800441c   0x000000d0   Code   RO         1001    .text.sFLASH_ReadID  spi_flash.o
    0x080044ec   0x080044ec   0x00000034   Code   RO          989    .text.sFLASH_SendByte  spi_flash.o
    0x08004520   0x08004520   0x000000b0   Code   RO         1003    .text.sFLASH_StartReadSequence  spi_flash.o
    0x080045d0   0x080045d0   0x00000074   Code   RO          991    .text.sFLASH_WaitForWriteEnd  spi_flash.o
    0x08004644   0x08004644   0x0000009c   Code   RO          997    .text.sFLASH_WriteBuffer  spi_flash.o
    0x080046e0   0x080046e0   0x0000004c   Code   RO          987    .text.sFLASH_WriteEnable  spi_flash.o
    0x0800472c   0x0800472c   0x00000104   Code   RO          995    .text.sFLASH_WritePage  spi_flash.o
    0x08004830   0x08004830   0x000002d4   Code   RO          916    .text.setup         main.o
    0x08004b04   0x08004b04   0x000000c4   Code   RO         1089    .text.spi1_config   nv3029.o
    0x08004bc8   0x08004bc8   0x00000150   Code   RO         1105    .text.spi1_onewire_bitbang  nv3029.o
    0x08004d18   0x08004d18   0x00000038   Code   RO         1455    i.__0snprintf$3     mc_p.l(printf3.o)
    0x08004d50   0x08004d50   0x0000000e   Code   RO         1682    i.__scatterload_copy  mc_p.l(handlers.o)
    0x08004d5e   0x08004d5e   0x00000002   Code   RO         1683    i.__scatterload_null  mc_p.l(handlers.o)
    0x08004d60   0x08004d60   0x0000000e   Code   RO         1684    i.__scatterload_zeroinit  mc_p.l(handlers.o)
    0x08004d6e   0x08004d6e   0x00000002   PAD
    0x08004d70   0x08004d70   0x000001cc   Code   RO         1461    i._printf_core      mc_p.l(printf3.o)
    0x08004f3c   0x08004f3c   0x00000016   Code   RO         1462    i._snputc           mc_p.l(printf3.o)
    0x08004f52   0x08004f52   0x000001e0   Data   RO         1144    .rodata.font5x8     nv3029.o
    0x08005132   0x08005132   0x000000d4   Data   RO         1145    .rodata.screen_init_seq_0  nv3029.o
    0x08005206   0x08005206   0x000000d4   Data   RO         1147    .rodata.screen_init_seq_1_alt  nv3029.o
    0x080052da   0x080052da   0x00000163   Data   RO           63    .rodata.str1.1      n32g031_gpio.o
    0x0800543d   0x0800543d   0x0000021d   Data   RO          118    .rodata.str1.1      n32g031_spi.o
    0x0800565a   0x0800565a   0x00000096   Data   RO          223    .rodata.str1.1      n32g031_rcc.o
    0x080056f0   0x080056f0   0x0000018c   Data   RO          257    .rodata.str1.1      n32g031_dma.o
    0x0800587c   0x0800587c   0x00000547   Data   RO          476    .rodata.str1.1      n32g031_tim.o
    0x08005dc3   0x08005dc3   0x0000016e   Data   RO          567    .rodata.str1.1      n32g031_adc.o
    0x08005f31   0x08005f31   0x000000c1   Data   RO          594    .rodata.str1.1      n32g031_exti.o
    0x08005ff2   0x08005ff2   0x000000be   Data   RO          761    .rodata.str1.1      n32g031_lptim.o
    0x080060b0   0x080060b0   0x00000020   Data   RO         1681    Region$$Table       anon$$obj.o


    Execution Region RW_IRAM1 (Exec base: 0x20000000, Load base: 0x080060d0, Size: 0x00001d78, Max: 0x00002000, ABSOLUTE)

    Exec Addr    Load Addr    Size         Type   Attr      Idx    E Section Name        Object

    0x20000000   0x080060d0   0x00000001   Data   RW         1216    .data.g_pwm_duty_cycle  pwm.o
    0x20000001   0x080060d1   0x00000003   PAD
    0x20000004   0x080060d4   0x00000004   Data   RW         1214    .data.g_pwm_frequency  pwm.o
    0x20000008   0x080060d8   0x00000001   Data   RW         1154    .data.spi2_dummy_tx  nv3029.o
    0x20000009   0x080060d9   0x00000007   PAD
    0x20000010        -       0x00000004   Zero   RW          938    .bss.FlashID        main.o
    0x20000014        -       0x00000001   Zero   RW          936    .bss.FlashID_error  main.o
    0x20000015        -       0x00001000   Zero   RW          937    .bss.buffer         main.o
    0x20001015   0x080060d9   0x00000003   PAD
    0x20001018        -       0x00000004   Zero   RW          942    .bss.continue_flag  main.o
    0x2000101c        -       0x00000004   Zero   RW         1153    .bss.flash_buffer_ptr  nv3029.o
    0x20001020        -       0x00000001   Zero   RW         1150    .bss.flash_dma_busy  nv3029.o
    0x20001021   0x080060d9   0x00000003   PAD
    0x20001024        -       0x00000004   Zero   RW         1151    .bss.flash_read_addr  nv3029.o
    0x20001028        -       0x00000002   Zero   RW         1152    .bss.flash_read_count  nv3029.o
    0x2000102a   0x080060d9   0x00000002   PAD
    0x2000102c        -       0x00000004   Zero   RW         1156    .bss.flash_write_buffer_start  nv3029.o
    0x20001030        -       0x00000004   Zero   RW         1159    .bss.flash_write_bytes_written  nv3029.o
    0x20001034        -       0x00000004   Zero   RW         1157    .bss.flash_write_start_addr  nv3029.o
    0x20001038        -       0x00000001   Zero   RW         1155    .bss.flash_write_state  nv3029.o
    0x20001039   0x080060d9   0x00000003   PAD
    0x2000103c        -       0x00000004   Zero   RW         1158    .bss.flash_write_total_bytes  nv3029.o
    0x20001040        -       0x00000004   Zero   RW         1334    .bss.g_button_handler.0  button.o
    0x20001044        -       0x00000004   Zero   RW         1335    .bss.g_button_handler.1  button.o
    0x20001048        -       0x00000001   Zero   RW         1336    .bss.g_button_handler.2  button.o
    0x20001049   0x080060d9   0x00000003   PAD
    0x2000104c        -       0x00000001   Zero   RW         1337    .bss.g_button_handler.3  button.o
    0x2000104d   0x080060d9   0x00000001   PAD
    0x2000104e        -       0x00000001   Zero   RW         1338    .bss.g_button_handler.4  button.o
    0x2000104f        -       0x00000001   Zero   RW         1281    .bss.g_debug_mode   sleep_wake.o
    0x20001050        -       0x00000004   Zero   RW         1276    .bss.g_inactivity_counter  sleep_wake.o
    0x20001054        -       0x00000001   Zero   RW         1277    .bss.g_is_sleeping  sleep_wake.o
    0x20001055        -       0x00000001   Zero   RW         1278    .bss.g_is_ultra_low_power  sleep_wake.o
    0x20001056        -       0x00000001   Zero   RW         1280    .bss.g_lptim_wake_triggered  sleep_wake.o
    0x20001057   0x080060d9   0x00000001   PAD
    0x20001058        -       0x00000002   Zero   RW         1215    .bss.g_pwm_period   pwm.o
    0x2000105a        -       0x00000001   Zero   RW         1282    .bss.g_saved_backlight_brightness  sleep_wake.o
    0x2000105b        -       0x00000001   Zero   RW         1283    .bss.g_saved_tv1_state  sleep_wake.o
    0x2000105c        -       0x00000001   Zero   RW         1284    .bss.g_saved_tv2_state  sleep_wake.o
    0x2000105d   0x080060d9   0x00000003   PAD
    0x20001060        -       0x00000004   Zero   RW         1275    .bss.g_timeout_sec  sleep_wake.o
    0x20001064        -       0x0000000c   Zero   RW         1301    .bss.g_voltage_readings  voltage_monitor.o
    0x20001070        -       0x00000001   Zero   RW         1279    .bss.g_wake_interrupt_triggered  sleep_wake.o
    0x20001071        -       0x00000005   Zero   RW          944    .bss.lvl_buffer     main.o
    0x20001076        -       0x00000005   Zero   RW          945    .bss.lvl_buffer_read  main.o
    0x2000107b   0x080060d9   0x00000001   PAD
    0x2000107c        -       0x00000004   Zero   RW          943    .bss.lvl_reset_flag  main.o
    0x20001080        -       0x00000001   Zero   RW          939    .bss.mainScreen.button_prev_state  main.o
    0x20001081        -       0x00000001   Zero   RW          934    .bss.mainran        main.o
    0x20001082   0x080060d9   0x00000002   PAD
    0x20001084        -       0x00000004   Zero   RW          947    .bss.page           main.o
    0x20001088        -       0x000000d8   Zero   RW          940    .bss.sfdp           main.o
    0x20001160        -       0x00000004   Zero   RW         1141    .bss.spi_rx_data    nv3029.o
    0x20001164        -       0x00000004   Zero   RW         1142    .bss.spi_rx_data_04  nv3029.o
    0x20001168        -       0x00000004   Zero   RW         1143    .bss.spi_rx_data_d3  nv3029.o
    0x2000116c        -       0x00000004   Zero   RW          941    .bss.status         main.o
    0x20001170        -       0x00000004   Zero   RW          946    .bss.write_flag     main.o
    0x20001174   0x080060d9   0x00000004   PAD
    0x20001178        -       0x00000c00   Zero   RW            1    STACK               startup_n32g031.o


==============================================================================

Image component sizes


      Code (inc. data)   RO Data    RW Data    ZI Data      Debug   Object Name

       314         40          0          0         11       4621   button.o
       220         32          0          0          0       6156   dma.o
      2578        344          0          0       4349      13671   main.o
       998        332        366          0          0      15275   n32g031_adc.o
      1594        632        396          0          0       6371   n32g031_dma.o
       682        256        193          0          0       4199   n32g031_exti.o
      1460        240        355          0          0      10288   n32g031_gpio.o
        10          0          0          0          0        815   n32g031_it.o
       350        128        190          0          0      12791   n32g031_lptim.o
       656        276        150          0          0      15952   n32g031_rcc.o
       984        356        541          0          0       9967   n32g031_spi.o
       636        136       1351          0          0      47142   n32g031_tim.o
      3828        212        904          1         40      26554   nv3029.o
       204         28          0          5          2       4064   pwm.o
       784         84          0          0         16      10179   sleep_wake.o
      1768         32          0          0          0       9066   spi_flash.o
       938         16          0          0          0       8959   spi_flash_sfdp.o
        28          8        192          0       3072        736   startup_n32g031.o
       220         32          0          0          0       2642   system_n32g031.o
       952         36          0          0         12       5630   voltage_monitor.o

    ----------------------------------------------------------------------
     19228       3220       4670         12       7532     215078   Object Totals
         0          0         32          0          0          0   (incl. Generated)
        24          0          0          6         30          0   (incl. Padding)

    ----------------------------------------------------------------------

      Code (inc. data)   RO Data    RW Data    ZI Data      Debug   Library Member Name

         0          0          0          0          0          0   entry.o
         0          0          0          0          0          0   entry10a.o
         0          0          0          0          0          0   entry11a.o
         8          4          0          0          0          0   entry2.o
         4          0          0          0          0          0   entry5.o
         0          0          0          0          0          0   entry7b.o
         0          0          0          0          0          0   entry8b.o
         8          4          0          0          0          0   entry9a.o
        30          0          0          0          0          0   handlers.o
        80          6          0          0          0         72   idiv_div0.o
        48         10          0          0          0         68   init.o
        32          0          0          0          0         68   llshl.o
        36          0          0          0          0         60   memcpya.o
        36          0          0          0          0        100   memseta.o
       538         10          0          0          0        236   printf3.o
        62          0          0          0          0         72   uidiv_div0.o

    ----------------------------------------------------------------------
       886         34          0          0          0        676   Library Totals
         4          0          0          0          0          0   (incl. Padding)

    ----------------------------------------------------------------------

      Code (inc. data)   RO Data    RW Data    ZI Data      Debug   Library Name

       882         34          0          0          0        676   mc_p.l

    ----------------------------------------------------------------------
       886         34          0          0          0        676   Library Totals

    ----------------------------------------------------------------------

==============================================================================


      Code (inc. data)   RO Data    RW Data    ZI Data      Debug   

     20114       3254       4670         12       7532     215282   Grand Totals
     20114       3254       4670         12       7532     215282   ELF Image Totals
     20114       3254       4670         12          0          0   ROM Totals

==============================================================================

    Total RO  Size (Code + RO Data)                24784 (  24.20kB)
    Total RW  Size (RW Data + ZI Data)              7544 (   7.37kB)
    Total ROM Size (Code + RO Data + RW Data)      24796 (  24.21kB)

==============================================================================

