Component: Arm Compiler for Embedded 6.24 Tool: armlink [5f371500]

==============================================================================

Section Cross References

    startup_n32g031.o(RESET) refers to startup_n32g031.o(STACK) for __initial_sp
    startup_n32g031.o(RESET) refers to startup_n32g031.o(.text) for Reset_Handler
    startup_n32g031.o(RESET) refers to n32g031_it.o(.text.NMI_Handler) for NMI_Handler
    startup_n32g031.o(RESET) refers to n32g031_it.o(.text.HardFault_Handler) for HardFault_Handler
    startup_n32g031.o(RESET) refers to n32g031_it.o(.text.SVC_Handler) for SVC_Handler
    startup_n32g031.o(RESET) refers to n32g031_it.o(.text.PendSV_Handler) for PendSV_Handler
    startup_n32g031.o(RESET) refers to n32g031_it.o(.text.SysTick_Handler) for SysTick_Handler
    startup_n32g031.o(.text) refers to system_n32g031.o(.text.SystemInit) for SystemInit
    startup_n32g031.o(.text) refers to entry.o(.ARM.Collect$$$$00000000) for __main
    system_n32g031.o(.ARM.exidx.text.SystemInit) refers to system_n32g031.o(.text.SystemInit) for [Anonymous Symbol]
    system_n32g031.o(.text.SystemCoreClockUpdate) refers to uidiv_div0.o(.text) for __aeabi_uidiv
    system_n32g031.o(.text.SystemCoreClockUpdate) refers to system_n32g031.o(.data.SystemCoreClock) for SystemCoreClock
    system_n32g031.o(.text.SystemCoreClockUpdate) refers to system_n32g031.o(.rodata.AHBPrescTable) for AHBPrescTable
    system_n32g031.o(.ARM.exidx.text.SystemCoreClockUpdate) refers to system_n32g031.o(.text.SystemCoreClockUpdate) for [Anonymous Symbol]
    n32g031_gpio.o(.text.GPIO_DeInit) refers to n32g031_rcc.o(.text.RCC_EnableAPB2PeriphReset) for RCC_EnableAPB2PeriphReset
    n32g031_gpio.o(.text.GPIO_DeInit) refers to main.o(.text.assert_failed) for assert_failed
    n32g031_gpio.o(.text.GPIO_DeInit) refers to n32g031_gpio.o(.rodata.str1.1) for [Anonymous Symbol]
    n32g031_gpio.o(.ARM.exidx.text.GPIO_DeInit) refers to n32g031_gpio.o(.text.GPIO_DeInit) for [Anonymous Symbol]
    n32g031_gpio.o(.text.GPIO_DeInitPin) refers to main.o(.text.assert_failed) for assert_failed
    n32g031_gpio.o(.text.GPIO_DeInitPin) refers to n32g031_gpio.o(.rodata.str1.1) for [Anonymous Symbol]
    n32g031_gpio.o(.ARM.exidx.text.GPIO_DeInitPin) refers to n32g031_gpio.o(.text.GPIO_DeInitPin) for [Anonymous Symbol]
    n32g031_gpio.o(.text.GPIO_AFIOInitDefault) refers to n32g031_rcc.o(.text.RCC_EnableAPB2PeriphReset) for RCC_EnableAPB2PeriphReset
    n32g031_gpio.o(.ARM.exidx.text.GPIO_AFIOInitDefault) refers to n32g031_gpio.o(.text.GPIO_AFIOInitDefault) for [Anonymous Symbol]
    n32g031_gpio.o(.text.GPIO_InitPeripheral) refers to main.o(.text.assert_failed) for assert_failed
    n32g031_gpio.o(.text.GPIO_InitPeripheral) refers to n32g031_gpio.o(.rodata.str1.1) for [Anonymous Symbol]
    n32g031_gpio.o(.ARM.exidx.text.GPIO_InitPeripheral) refers to n32g031_gpio.o(.text.GPIO_InitPeripheral) for [Anonymous Symbol]
    n32g031_gpio.o(.ARM.exidx.text.GPIO_InitStruct) refers to n32g031_gpio.o(.text.GPIO_InitStruct) for [Anonymous Symbol]
    n32g031_gpio.o(.text.GPIO_ReadInputDataBit) refers to main.o(.text.assert_failed) for assert_failed
    n32g031_gpio.o(.text.GPIO_ReadInputDataBit) refers to n32g031_gpio.o(.rodata.str1.1) for [Anonymous Symbol]
    n32g031_gpio.o(.ARM.exidx.text.GPIO_ReadInputDataBit) refers to n32g031_gpio.o(.text.GPIO_ReadInputDataBit) for [Anonymous Symbol]
    n32g031_gpio.o(.text.GPIO_ReadInputData) refers to main.o(.text.assert_failed) for assert_failed
    n32g031_gpio.o(.text.GPIO_ReadInputData) refers to n32g031_gpio.o(.rodata.str1.1) for [Anonymous Symbol]
    n32g031_gpio.o(.ARM.exidx.text.GPIO_ReadInputData) refers to n32g031_gpio.o(.text.GPIO_ReadInputData) for [Anonymous Symbol]
    n32g031_gpio.o(.text.GPIO_ReadOutputDataBit) refers to main.o(.text.assert_failed) for assert_failed
    n32g031_gpio.o(.text.GPIO_ReadOutputDataBit) refers to n32g031_gpio.o(.rodata.str1.1) for [Anonymous Symbol]
    n32g031_gpio.o(.ARM.exidx.text.GPIO_ReadOutputDataBit) refers to n32g031_gpio.o(.text.GPIO_ReadOutputDataBit) for [Anonymous Symbol]
    n32g031_gpio.o(.text.GPIO_ReadOutputData) refers to main.o(.text.assert_failed) for assert_failed
    n32g031_gpio.o(.text.GPIO_ReadOutputData) refers to n32g031_gpio.o(.rodata.str1.1) for [Anonymous Symbol]
    n32g031_gpio.o(.ARM.exidx.text.GPIO_ReadOutputData) refers to n32g031_gpio.o(.text.GPIO_ReadOutputData) for [Anonymous Symbol]
    n32g031_gpio.o(.text.GPIO_SetBits) refers to main.o(.text.assert_failed) for assert_failed
    n32g031_gpio.o(.text.GPIO_SetBits) refers to n32g031_gpio.o(.rodata.str1.1) for [Anonymous Symbol]
    n32g031_gpio.o(.ARM.exidx.text.GPIO_SetBits) refers to n32g031_gpio.o(.text.GPIO_SetBits) for [Anonymous Symbol]
    n32g031_gpio.o(.text.GPIO_ResetBits) refers to main.o(.text.assert_failed) for assert_failed
    n32g031_gpio.o(.text.GPIO_ResetBits) refers to n32g031_gpio.o(.rodata.str1.1) for [Anonymous Symbol]
[...]
    n32g031_rcc.o(.ARM.exidx.text.RCC_WaitHseStable) refers to n32g031_rcc.o(.text.RCC_WaitHseStable) for [Anonymous Symbol]
    n32g031_rcc.o(.text.RCC_GetFlagStatus) refers to main.o(.text.assert_failed) for assert_failed
    n32g031_rcc.o(.text.RCC_GetFlagStatus) refers to n32g031_rcc.o(.rodata.str1.1) for [Anonymous Symbol]
    n32g031_rcc.o(.ARM.exidx.text.RCC_GetFlagStatus) refers to n32g031_rcc.o(.text.RCC_GetFlagStatus) for [Anonymous Symbol]
    n32g031_rcc.o(.text.RCC_ConfigHsi) refers to main.o(.text.assert_failed) for assert_failed
    n32g031_rcc.o(.text.RCC_ConfigHsi) refers to n32g031_rcc.o(.rodata.str1.1) for [Anonymous Symbol]
    n32g031_rcc.o(.ARM.exidx.text.RCC_ConfigHsi) refers to n32g031_rcc.o(.text.RCC_ConfigHsi) for [Anonymous Symbol]
    n32g031_rcc.o(.ARM.exidx.text.RCC_WaitHsiStable) refers to n32g031_rcc.o(.text.RCC_WaitHsiStable) for [Anonymous Symbol]
    n32g031_rcc.o(.text.RCC_SetHsiCalibValue) refers to main.o(.text.assert_failed) for assert_failed
    n32g031_rcc.o(.text.RCC_SetHsiCalibValue) refers to n32g031_rcc.o(.rodata.str1.1) for [Anonymous Symbol]
    n32g031_rcc.o(.ARM.exidx.text.RCC_SetHsiCalibValue) refers to n32g031_rcc.o(.text.RCC_SetHsiCalibValue) for [Anonymous Symbol]
    n32g031_rcc.o(.text.RCC_EnableHsi) refers to main.o(.text.assert_failed) for assert_failed
    n32g031_rcc.o(.text.RCC_EnableHsi) refers to n32g031_rcc.o(.rodata.str1.1) for [Anonymous Symbol]
    n32g031_rcc.o(.ARM.exidx.text.RCC_EnableHsi) refers to n32g031_rcc.o(.text.RCC_EnableHsi) for [Anonymous Symbol]
    n32g031_rcc.o(.text.RCC_ConfigPll) refers to main.o(.text.assert_failed) for assert_failed
    n32g031_rcc.o(.text.RCC_ConfigPll) refers to n32g031_rcc.o(.rodata.str1.1) for [Anonymous Symbol]
    n32g031_rcc.o(.ARM.exidx.text.RCC_ConfigPll) refers to n32g031_rcc.o(.text.RCC_ConfigPll) for [Anonymous Symbol]
    n32g031_rcc.o(.text.RCC_EnablePll) refers to main.o(.text.assert_failed) for assert_failed
    n32g031_rcc.o(.text.RCC_EnablePll) refers to n32g031_rcc.o(.rodata.str1.1) for [Anonymous Symbol]
    n32g031_rcc.o(.ARM.exidx.text.RCC_EnablePll) refers to n32g031_rcc.o(.text.RCC_EnablePll) for [Anonymous Symbol]
    n32g031_rcc.o(.text.RCC_EnablePllClockOut) refers to main.o(.text.assert_failed) for assert_failed
    n32g031_rcc.o(.text.RCC_EnablePllClockOut) refers to n32g031_rcc.o(.rodata.str1.1) for [Anonymous Symbol]
    n32g031_rcc.o(.ARM.exidx.text.RCC_EnablePllClockOut) refers to n32g031_rcc.o(.text.RCC_EnablePllClockOut) for [Anonymous Symbol]
    n32g031_rcc.o(.text.RCC_ConfigSysclk) refers to main.o(.text.assert_failed) for assert_failed
    n32g031_rcc.o(.text.RCC_ConfigSysclk) refers to n32g031_rcc.o(.rodata.str1.1) for [Anonymous Symbol]
    n32g031_rcc.o(.ARM.exidx.text.RCC_ConfigSysclk) refers to n32g031_rcc.o(.text.RCC_ConfigSysclk) for [Anonymous Symbol]
    n32g031_rcc.o(.ARM.exidx.text.RCC_GetSysclkSrc) refers to n32g031_rcc.o(.text.RCC_GetSysclkSrc) for [Anonymous Symbol]
    n32g031_rcc.o(.text.RCC_ConfigHclk) refers to main.o(.text.assert_failed) for assert_failed
    n32g031_rcc.o(.text.RCC_ConfigHclk) refers to n32g031_rcc.o(.rodata.str1.1) for [Anonymous Symbol]
    n32g031_rcc.o(.ARM.exidx.text.RCC_ConfigHclk) refers to n32g031_rcc.o(.text.RCC_ConfigHclk) for [Anonymous Symbol]
    n32g031_rcc.o(.text.RCC_ConfigPclk1) refers to main.o(.text.assert_failed) for assert_failed
    n32g031_rcc.o(.text.RCC_ConfigPclk1) refers to n32g031_rcc.o(.rodata.str1.1) for [Anonymous Symbol]
    n32g031_rcc.o(.ARM.exidx.text.RCC_ConfigPclk1) refers to n32g031_rcc.o(.text.RCC_ConfigPclk1) for [Anonymous Symbol]
    n32g031_rcc.o(.text.RCC_ConfigPclk2) refers to main.o(.text.assert_failed) for assert_failed
    n32g031_rcc.o(.text.RCC_ConfigPclk2) refers to n32g031_rcc.o(.rodata.str1.1) for [Anonymous Symbol]
    n32g031_rcc.o(.ARM.exidx.text.RCC_ConfigPclk2) refers to n32g031_rcc.o(.text.RCC_ConfigPclk2) for [Anonymous Symbol]
    n32g031_rcc.o(.text.RCC_ConfigInt) refers to main.o(.text.assert_failed) for assert_failed
    n32g031_rcc.o(.text.RCC_ConfigInt) refers to n32g031_rcc.o(.rodata.str1.1) for [Anonymous Symbol]
    n32g031_rcc.o(.ARM.exidx.text.RCC_ConfigInt) refers to n32g031_rcc.o(.text.RCC_ConfigInt) for [Anonymous Symbol]
    n32g031_rcc.o(.text.RCC_ConfigTim18Clk) refers to main.o(.text.assert_failed) for assert_failed
    n32g031_rcc.o(.text.RCC_ConfigTim18Clk) refers to n32g031_rcc.o(.rodata.str1.1) for [Anonymous Symbol]
    n32g031_rcc.o(.ARM.exidx.text.RCC_ConfigTim18Clk) refers to n32g031_rcc.o(.text.RCC_ConfigTim18Clk) for [Anonymous Symbol]
    n32g031_rcc.o(.text.RCC_ConfigAdc1mClk) refers to main.o(.text.assert_failed) for assert_failed
    n32g031_rcc.o(.text.RCC_ConfigAdc1mClk) refers to n32g031_rcc.o(.rodata.str1.1) for [Anonymous Symbol]
    n32g031_rcc.o(.ARM.exidx.text.RCC_ConfigAdc1mClk) refers to n32g031_rcc.o(.text.RCC_ConfigAdc1mClk) for [Anonymous Symbol]
    n32g031_rcc.o(.text.RCC_ConfigAdcPllClk) refers to main.o(.text.assert_failed) for assert_failed
    n32g031_rcc.o(.text.RCC_ConfigAdcPllClk) refers to n32g031_rcc.o(.rodata.str1.1) for [Anonymous Symbol]
    n32g031_rcc.o(.ARM.exidx.text.RCC_ConfigAdcPllClk) refers to n32g031_rcc.o(.text.RCC_ConfigAdcPllClk) for [Anonymous Symbol]
    n32g031_rcc.o(.text.RCC_ConfigAdcHclk) refers to main.o(.text.assert_failed) for assert_failed
    n32g031_rcc.o(.text.RCC_ConfigAdcHclk) refers to n32g031_rcc.o(.rodata.str1.1) for [Anonymous Symbol]
    n32g031_rcc.o(.ARM.exidx.text.RCC_ConfigAdcHclk) refers to n32g031_rcc.o(.text.RCC_ConfigAdcHclk) for [Anonymous Symbol]
    n32g031_rcc.o(.text.RCC_ConfigLPTIMClk) refers to main.o(.text.assert_failed) for assert_failed
    n32g031_rcc.o(.text.RCC_ConfigLPTIMClk) refers to n32g031_rcc.o(.rodata.str1.1) for [Anonymous Symbol]
    n32g031_rcc.o(.ARM.exidx.text.RCC_ConfigLPTIMClk) refers to n32g031_rcc.o(.text.RCC_ConfigLPTIMClk) for [Anonymous Symbol]
    n32g031_rcc.o(.ARM.exidx.text.RCC_GetLPTIMClkSrc) refers to n32g031_rcc.o(.text.RCC_GetLPTIMClkSrc) for [Anonymous Symbol]
    n32g031_rcc.o(.text.RCC_ConfigLPUARTClk) refers to main.o(.text.assert_failed) for assert_failed
    n32g031_rcc.o(.text.RCC_ConfigLPUARTClk) refers to n32g031_rcc.o(.rodata.str1.1) for [Anonymous Symbol]
    n32g031_rcc.o(.ARM.exidx.text.RCC_ConfigLPUARTClk) refers to n32g031_rcc.o(.text.RCC_ConfigLPUARTClk) for [Anonymous Symbol]
    n32g031_rcc.o(.ARM.exidx.text.RCC_GetLPUARTClkSrc) refers to n32g031_rcc.o(.text.RCC_GetLPUARTClkSrc) for [Anonymous Symbol]
    n32g031_rcc.o(.ARM.exidx.text.RCC_LSE_Trim_Config) refers to n32g031_rcc.o(.text.RCC_LSE_Trim_Config) for [Anonymous Symbol]
    n32g031_rcc.o(.text.RCC_ConfigLse) refers to main.o(.text.assert_failed) for assert_failed
    n32g031_rcc.o(.text.RCC_ConfigLse) refers to n32g031_rcc.o(.rodata.str1.1) for [Anonymous Symbol]
    n32g031_rcc.o(.ARM.exidx.text.RCC_ConfigLse) refers to n32g031_rcc.o(.text.RCC_ConfigLse) for [Anonymous Symbol]
    n32g031_rcc.o(.text.RCC_EnableLsi) refers to main.o(.text.assert_failed) for assert_failed
    n32g031_rcc.o(.text.RCC_EnableLsi) refers to n32g031_rcc.o(.rodata.str1.1) for [Anonymous Symbol]
    n32g031_rcc.o(.ARM.exidx.text.RCC_EnableLsi) refers to n32g031_rcc.o(.text.RCC_EnableLsi) for [Anonymous Symbol]
    n32g031_rcc.o(.text.RCC_ConfigRtcClk) refers to main.o(.text.assert_failed) for assert_failed
    n32g031_rcc.o(.text.RCC_ConfigRtcClk) refers to n32g031_rcc.o(.rodata.str1.1) for [Anonymous Symbol]
    n32g031_rcc.o(.ARM.exidx.text.RCC_ConfigRtcClk) refers to n32g031_rcc.o(.text.RCC_ConfigRtcClk) for [Anonymous Symbol]
    n32g031_rcc.o(.ARM.exidx.text.RCC_GetRTCClkSrc) refers to n32g031_rcc.o(.text.RCC_GetRTCClkSrc) for [Anonymous Symbol]
    n32g031_rcc.o(.text.RCC_EnableRtcClk) refers to main.o(.text.assert_failed) for assert_failed
    n32g031_rcc.o(.text.RCC_EnableRtcClk) refers to n32g031_rcc.o(.rodata.str1.1) for [Anonymous Symbol]
    n32g031_rcc.o(.ARM.exidx.text.RCC_EnableRtcClk) refers to n32g031_rcc.o(.text.RCC_EnableRtcClk) for [Anonymous Symbol]
    n32g031_rcc.o(.text.RCC_EnableRTCReset) refers to main.o(.text.assert_failed) for assert_failed
    n32g031_rcc.o(.text.RCC_EnableRTCReset) refers to n32g031_rcc.o(.rodata.str1.1) for [Anonymous Symbol]
    n32g031_rcc.o(.ARM.exidx.text.RCC_EnableRTCReset) refers to n32g031_rcc.o(.text.RCC_EnableRTCReset) for [Anonymous Symbol]
    n32g031_rcc.o(.text.RCC_ConfigLPRUNClk) refers to main.o(.text.assert_failed) for assert_failed
    n32g031_rcc.o(.text.RCC_ConfigLPRUNClk) refers to n32g031_rcc.o(.rodata.str1.1) for [Anonymous Symbol]
    n32g031_rcc.o(.ARM.exidx.text.RCC_ConfigLPRUNClk) refers to n32g031_rcc.o(.text.RCC_ConfigLPRUNClk) for [Anonymous Symbol]
    n32g031_rcc.o(.ARM.exidx.text.RCC_GetLPRUNClkSrc) refers to n32g031_rcc.o(.text.RCC_GetLPRUNClkSrc) for [Anonymous Symbol]
    n32g031_rcc.o(.text.RCC_GetClocksFreqValue) refers to uidiv_div0.o(.text) for __aeabi_uidiv
    n32g031_rcc.o(.text.RCC_GetClocksFreqValue) refers to n32g031_rcc.o(.rodata.cst16) for [Anonymous Symbol]
    n32g031_rcc.o(.ARM.exidx.text.RCC_GetClocksFreqValue) refers to n32g031_rcc.o(.text.RCC_GetClocksFreqValue) for [Anonymous Symbol]
    n32g031_rcc.o(.text.RCC_EnableAHBPeriphClk) refers to main.o(.text.assert_failed) for assert_failed
    n32g031_rcc.o(.text.RCC_EnableAHBPeriphClk) refers to n32g031_rcc.o(.rodata.str1.1) for [Anonymous Symbol]
    n32g031_rcc.o(.ARM.exidx.text.RCC_EnableAHBPeriphClk) refers to n32g031_rcc.o(.text.RCC_EnableAHBPeriphClk) for [Anonymous Symbol]
    n32g031_rcc.o(.text.RCC_EnableAPB2PeriphClk) refers to main.o(.text.assert_failed) for assert_failed
    n32g031_rcc.o(.text.RCC_EnableAPB2PeriphClk) refers to n32g031_rcc.o(.rodata.str1.1) for [Anonymous Symbol]
    n32g031_rcc.o(.ARM.exidx.text.RCC_EnableAPB2PeriphClk) refers to n32g031_rcc.o(.text.RCC_EnableAPB2PeriphClk) for [Anonymous Symbol]
    n32g031_rcc.o(.text.RCC_EnableAPB1PeriphClk) refers to main.o(.text.assert_failed) for assert_failed
    n32g031_rcc.o(.text.RCC_EnableAPB1PeriphClk) refers to n32g031_rcc.o(.rodata.str1.1) for [Anonymous Symbol]
    n32g031_rcc.o(.ARM.exidx.text.RCC_EnableAPB1PeriphClk) refers to n32g031_rcc.o(.text.RCC_EnableAPB1PeriphClk) for [Anonymous Symbol]
    n32g031_rcc.o(.text.RCC_EnableAHBPeriphReset) refers to main.o(.text.assert_failed) for assert_failed
    n32g031_rcc.o(.text.RCC_EnableAHBPeriphReset) refers to n32g031_rcc.o(.rodata.str1.1) for [Anonymous Symbol]
    n32g031_rcc.o(.ARM.exidx.text.RCC_EnableAHBPeriphReset) refers to n32g031_rcc.o(.text.RCC_EnableAHBPeriphReset) for [Anonymous Symbol]
    n32g031_rcc.o(.text.RCC_EnableAPB2PeriphReset) refers to main.o(.text.assert_failed) for assert_failed
    n32g031_rcc.o(.text.RCC_EnableAPB2PeriphReset) refers to n32g031_rcc.o(.rodata.str1.1) for [Anonymous Symbol]
    n32g031_rcc.o(.ARM.exidx.text.RCC_EnableAPB2PeriphReset) refers to n32g031_rcc.o(.text.RCC_EnableAPB2PeriphReset) for [Anonymous Symbol]
    n32g031_rcc.o(.text.RCC_EnableAPB1PeriphReset) refers to main.o(.text.assert_failed) for assert_failed
    n32g031_rcc.o(.text.RCC_EnableAPB1PeriphReset) refers to n32g031_rcc.o(.rodata.str1.1) for [Anonymous Symbol]
    n32g031_rcc.o(.ARM.exidx.text.RCC_EnableAPB1PeriphReset) refers to n32g031_rcc.o(.text.RCC_EnableAPB1PeriphReset) for [Anonymous Symbol]
    n32g031_rcc.o(.text.RCC_EnableClockSecuritySystem) refers to main.o(.text.assert_failed) for assert_failed
    n32g031_rcc.o(.text.RCC_EnableClockSecuritySystem) refers to n32g031_rcc.o(.rodata.str1.1) for [Anonymous Symbol]
    n32g031_rcc.o(.ARM.exidx.text.RCC_EnableClockSecuritySystem) refers to n32g031_rcc.o(.text.RCC_EnableClockSecuritySystem) for [Anonymous Symbol]
    n32g031_rcc.o(.text.RCC_ConfigMcoClkPre) refers to main.o(.text.assert_failed) for assert_failed
    n32g031_rcc.o(.text.RCC_ConfigMcoClkPre) refers to n32g031_rcc.o(.rodata.str1.1) for [Anonymous Symbol]
    n32g031_rcc.o(.ARM.exidx.text.RCC_ConfigMcoClkPre) refers to n32g031_rcc.o(.text.RCC_ConfigMcoClkPre) for [Anonymous Symbol]
    n32g031_rcc.o(.text.RCC_ConfigMco) refers to main.o(.text.assert_failed) for assert_failed
    n32g031_rcc.o(.text.RCC_ConfigMco) refers to n32g031_rcc.o(.rodata.str1.1) for [Anonymous Symbol]
    n32g031_rcc.o(.ARM.exidx.text.RCC_ConfigMco) refers to n32g031_rcc.o(.text.RCC_ConfigMco) for [Anonymous Symbol]
    n32g031_rcc.o(.ARM.exidx.text.RCC_ClrFlag) refers to n32g031_rcc.o(.text.RCC_ClrFlag) for [Anonymous Symbol]
    n32g031_rcc.o(.text.RCC_GetIntStatus) refers to main.o(.text.assert_failed) for assert_failed
    n32g031_rcc.o(.text.RCC_GetIntStatus) refers to n32g031_rcc.o(.rodata.str1.1) for [Anonymous Symbol]
    n32g031_rcc.o(.ARM.exidx.text.RCC_GetIntStatus) refers to n32g031_rcc.o(.text.RCC_GetIntStatus) for [Anonymous Symbol]
    n32g031_rcc.o(.text.RCC_ClrIntPendingBit) refers to main.o(.text.assert_failed) for assert_failed
    n32g031_rcc.o(.text.RCC_ClrIntPendingBit) refers to n32g031_rcc.o(.rodata.str1.1) for [Anonymous Symbol]
    n32g031_rcc.o(.ARM.exidx.text.RCC_ClrIntPendingBit) refers to n32g031_rcc.o(.text.RCC_ClrIntPendingBit) for [Anonymous Symbol]
    n32g031_rcc.o(.text.RCC_EnableRAMCParityErrorReset) refers to main.o(.text.assert_failed) for assert_failed
    n32g031_rcc.o(.text.RCC_EnableRAMCParityErrorReset) refers to n32g031_rcc.o(.rodata.str1.1) for [Anonymous Symbol]
    n32g031_rcc.o(.ARM.exidx.text.RCC_EnableRAMCParityErrorReset) refers to n32g031_rcc.o(.text.RCC_EnableRAMCParityErrorReset) for [Anonymous Symbol]
    main.o(.text.sFLASH_ReadRegister) refers to n32g031_gpio.o(.text.GPIO_ResetBits) for GPIO_ResetBits
    main.o(.text.sFLASH_ReadRegister) refers to spi_flash.o(.text.sFLASH_SendByte) for sFLASH_SendByte
    main.o(.text.sFLASH_ReadRegister) refers to n32g031_gpio.o(.text.GPIO_SetBits) for GPIO_SetBits
    main.o(.ARM.exidx.text.sFLASH_ReadRegister) refers to main.o(.text.sFLASH_ReadRegister) for [Anonymous Symbol]
    main.o(.text.main) refers to n32g031_rcc.o(.text.RCC_EnableAPB2PeriphClk) for RCC_EnableAPB2PeriphClk
    main.o(.text.main) refers to n32g031_gpio.o(.text.GPIO_InitStruct) for GPIO_InitStruct
    main.o(.text.main) refers to n32g031_gpio.o(.text.GPIO_InitPeripheral) for GPIO_InitPeripheral
    main.o(.text.main) refers to n32g031_gpio.o(.text.GPIO_SetBits) for GPIO_SetBits
    main.o(.text.main) refers to n32g031_gpio.o(.text.GPIO_ResetBits) for GPIO_ResetBits
    main.o(.text.main) refers to spi_flash.o(.text.sFLASH_Init) for sFLASH_Init
    main.o(.text.main) refers to ct018tn01.o(.text.ct018_init) for ct018_init
    main.o(.text.main) refers to ct018tn01.o(.text.ct018_power_on) for ct018_power_on
    main.o(.text.main) refers to ct018tn01.o(.text.ct018_fill_screen) for ct018_fill_screen
    main.o(.text.main) refers to pa7_input.o(.text.pa7_input_init) for pa7_input_init
    main.o(.text.main) refers to pa7_input.o(.text.pa7_input_read) for pa7_input_read
    main.o(.ARM.exidx.text.main) refers to main.o(.text.main) for [Anonymous Symbol]
    main.o(.text.GPIO_Init) refers to n32g031_rcc.o(.text.RCC_EnableAPB2PeriphClk) for RCC_EnableAPB2PeriphClk
    main.o(.text.GPIO_Init) refers to n32g031_gpio.o(.text.GPIO_InitStruct) for GPIO_InitStruct
    main.o(.text.GPIO_Init) refers to n32g031_gpio.o(.text.GPIO_InitPeripheral) for GPIO_InitPeripheral
    main.o(.ARM.exidx.text.GPIO_Init) refers to main.o(.text.GPIO_Init) for [Anonymous Symbol]
    main.o(.ARM.exidx.text.Delay) refers to main.o(.text.Delay) for [Anonymous Symbol]
    main.o(.text.GPIO_Off) refers to n32g031_gpio.o(.text.GPIO_SetBits) for GPIO_SetBits
    main.o(.ARM.exidx.text.GPIO_Off) refers to main.o(.text.GPIO_Off) for [Anonymous Symbol]
    main.o(.text.GPIO_On) refers to n32g031_gpio.o(.text.GPIO_ResetBits) for GPIO_ResetBits
    main.o(.ARM.exidx.text.GPIO_On) refers to main.o(.text.GPIO_On) for [Anonymous Symbol]
    main.o(.ARM.exidx.text.assert_failed) refers to main.o(.text.assert_failed) for [Anonymous Symbol]
    n32g031_it.o(.ARM.exidx.text.NMI_Handler) refers to n32g031_it.o(.text.NMI_Handler) for [Anonymous Symbol]
    n32g031_it.o(.ARM.exidx.text.HardFault_Handler) refers to n32g031_it.o(.text.HardFault_Handler) for [Anonymous Symbol]
    n32g031_it.o(.ARM.exidx.text.SVC_Handler) refers to n32g031_it.o(.text.SVC_Handler) for [Anonymous Symbol]
    n32g031_it.o(.ARM.exidx.text.PendSV_Handler) refers to n32g031_it.o(.text.PendSV_Handler) for [Anonymous Symbol]
    n32g031_it.o(.ARM.exidx.text.SysTick_Handler) refers to n32g031_it.o(.text.SysTick_Handler) for [Anonymous Symbol]
    n32g031_it.o(.ARM.exidx.text.DMA_IRQ_HANDLER) refers to n32g031_it.o(.text.DMA_IRQ_HANDLER) for [Anonymous Symbol]
    spi_flash.o(.text.sFLASH_LowLevel_DeInit) refers to n32g031_spi.o(.text.SPI_Enable) for SPI_Enable
    spi_flash.o(.text.sFLASH_LowLevel_DeInit) refers to n32g031_spi.o(.text.SPI_I2S_DeInit) for SPI_I2S_DeInit
    spi_flash.o(.text.sFLASH_LowLevel_DeInit) refers to n32g031_rcc.o(.text.RCC_EnableAPB2PeriphClk) for RCC_EnableAPB2PeriphClk
    spi_flash.o(.text.sFLASH_LowLevel_DeInit) refers to n32g031_gpio.o(.text.GPIO_InitPeripheral) for GPIO_InitPeripheral
    spi_flash.o(.ARM.exidx.text.sFLASH_LowLevel_DeInit) refers to spi_flash.o(.text.sFLASH_LowLevel_DeInit) for [Anonymous Symbol]
    spi_flash.o(.text.sFLASH_LowLevel_Init) refers to n32g031_gpio.o(.text.GPIO_InitStruct) for GPIO_InitStruct
    spi_flash.o(.text.sFLASH_LowLevel_Init) refers to n32g031_rcc.o(.text.RCC_EnableAPB2PeriphClk) for RCC_EnableAPB2PeriphClk
    spi_flash.o(.text.sFLASH_LowLevel_Init) refers to n32g031_gpio.o(.text.GPIO_InitPeripheral) for GPIO_InitPeripheral
    spi_flash.o(.ARM.exidx.text.sFLASH_LowLevel_Init) refers to spi_flash.o(.text.sFLASH_LowLevel_Init) for [Anonymous Symbol]
    spi_flash.o(.text.sFLASH_DeInit) refers to n32g031_spi.o(.text.SPI_Enable) for SPI_Enable
    spi_flash.o(.text.sFLASH_DeInit) refers to n32g031_spi.o(.text.SPI_I2S_DeInit) for SPI_I2S_DeInit
    spi_flash.o(.text.sFLASH_DeInit) refers to n32g031_rcc.o(.text.RCC_EnableAPB2PeriphClk) for RCC_EnableAPB2PeriphClk
    spi_flash.o(.text.sFLASH_DeInit) refers to n32g031_gpio.o(.text.GPIO_InitPeripheral) for GPIO_InitPeripheral
    spi_flash.o(.ARM.exidx.text.sFLASH_DeInit) refers to spi_flash.o(.text.sFLASH_DeInit) for [Anonymous Symbol]
    spi_flash.o(.text.sFLASH_Init) refers to n32g031_gpio.o(.text.GPIO_InitStruct) for GPIO_InitStruct
    spi_flash.o(.text.sFLASH_Init) refers to n32g031_rcc.o(.text.RCC_EnableAPB2PeriphClk) for RCC_EnableAPB2PeriphClk
    spi_flash.o(.text.sFLASH_Init) refers to n32g031_gpio.o(.text.GPIO_InitPeripheral) for GPIO_InitPeripheral
    spi_flash.o(.text.sFLASH_Init) refers to n32g031_gpio.o(.text.GPIO_SetBits) for GPIO_SetBits
    spi_flash.o(.text.sFLASH_Init) refers to n32g031_spi.o(.text.SPI_Init) for SPI_Init
    spi_flash.o(.text.sFLASH_Init) refers to n32g031_spi.o(.text.SPI_Enable) for SPI_Enable
    spi_flash.o(.ARM.exidx.text.sFLASH_Init) refers to spi_flash.o(.text.sFLASH_Init) for [Anonymous Symbol]
    spi_flash.o(.text.sFLASH_EraseSector) refers to spi_flash.o(.text.sFLASH_WriteEnable) for sFLASH_WriteEnable
    spi_flash.o(.text.sFLASH_EraseSector) refers to n32g031_gpio.o(.text.GPIO_ResetBits) for GPIO_ResetBits
    spi_flash.o(.text.sFLASH_EraseSector) refers to n32g031_spi.o(.text.SPI_I2S_GetStatus) for SPI_I2S_GetStatus
    spi_flash.o(.text.sFLASH_EraseSector) refers to n32g031_spi.o(.text.SPI_I2S_TransmitData) for SPI_I2S_TransmitData
    spi_flash.o(.text.sFLASH_EraseSector) refers to n32g031_spi.o(.text.SPI_I2S_ReceiveData) for SPI_I2S_ReceiveData
    spi_flash.o(.text.sFLASH_EraseSector) refers to n32g031_gpio.o(.text.GPIO_SetBits) for GPIO_SetBits
    spi_flash.o(.text.sFLASH_EraseSector) refers to spi_flash.o(.text.sFLASH_WaitForWriteEnd) for sFLASH_WaitForWriteEnd
    spi_flash.o(.ARM.exidx.text.sFLASH_EraseSector) refers to spi_flash.o(.text.sFLASH_EraseSector) for [Anonymous Symbol]
    spi_flash.o(.text.sFLASH_WriteEnable) refers to n32g031_gpio.o(.text.GPIO_ResetBits) for GPIO_ResetBits
    spi_flash.o(.text.sFLASH_WriteEnable) refers to n32g031_spi.o(.text.SPI_I2S_GetStatus) for SPI_I2S_GetStatus
    spi_flash.o(.text.sFLASH_WriteEnable) refers to n32g031_spi.o(.text.SPI_I2S_TransmitData) for SPI_I2S_TransmitData
    spi_flash.o(.text.sFLASH_WriteEnable) refers to n32g031_spi.o(.text.SPI_I2S_ReceiveData) for SPI_I2S_ReceiveData
    spi_flash.o(.text.sFLASH_WriteEnable) refers to n32g031_gpio.o(.text.GPIO_SetBits) for GPIO_SetBits
    spi_flash.o(.ARM.exidx.text.sFLASH_WriteEnable) refers to spi_flash.o(.text.sFLASH_WriteEnable) for [Anonymous Symbol]
    spi_flash.o(.text.sFLASH_SendByte) refers to n32g031_spi.o(.text.SPI_I2S_GetStatus) for SPI_I2S_GetStatus
    spi_flash.o(.text.sFLASH_SendByte) refers to n32g031_spi.o(.text.SPI_I2S_TransmitData) for SPI_I2S_TransmitData
    spi_flash.o(.text.sFLASH_SendByte) refers to n32g031_spi.o(.text.SPI_I2S_ReceiveData) for SPI_I2S_ReceiveData
    spi_flash.o(.ARM.exidx.text.sFLASH_SendByte) refers to spi_flash.o(.text.sFLASH_SendByte) for [Anonymous Symbol]
    spi_flash.o(.text.sFLASH_WaitForWriteEnd) refers to n32g031_gpio.o(.text.GPIO_ResetBits) for GPIO_ResetBits
    spi_flash.o(.text.sFLASH_WaitForWriteEnd) refers to n32g031_spi.o(.text.SPI_I2S_GetStatus) for SPI_I2S_GetStatus
    spi_flash.o(.text.sFLASH_WaitForWriteEnd) refers to n32g031_spi.o(.text.SPI_I2S_TransmitData) for SPI_I2S_TransmitData
    spi_flash.o(.text.sFLASH_WaitForWriteEnd) refers to n32g031_spi.o(.text.SPI_I2S_ReceiveData) for SPI_I2S_ReceiveData
    spi_flash.o(.text.sFLASH_WaitForWriteEnd) refers to n32g031_gpio.o(.text.GPIO_SetBits) for GPIO_SetBits
    spi_flash.o(.ARM.exidx.text.sFLASH_WaitForWriteEnd) refers to spi_flash.o(.text.sFLASH_WaitForWriteEnd) for [Anonymous Symbol]
    spi_flash.o(.text.sFLASH_EraseBulk) refers to spi_flash.o(.text.sFLASH_WriteEnable) for sFLASH_WriteEnable
    spi_flash.o(.text.sFLASH_EraseBulk) refers to n32g031_gpio.o(.text.GPIO_ResetBits) for GPIO_ResetBits
    spi_flash.o(.text.sFLASH_EraseBulk) refers to n32g031_spi.o(.text.SPI_I2S_GetStatus) for SPI_I2S_GetStatus
    spi_flash.o(.text.sFLASH_EraseBulk) refers to n32g031_spi.o(.text.SPI_I2S_TransmitData) for SPI_I2S_TransmitData
    spi_flash.o(.text.sFLASH_EraseBulk) refers to n32g031_spi.o(.text.SPI_I2S_ReceiveData) for SPI_I2S_ReceiveData
    spi_flash.o(.text.sFLASH_EraseBulk) refers to n32g031_gpio.o(.text.GPIO_SetBits) for GPIO_SetBits
    spi_flash.o(.text.sFLASH_EraseBulk) refers to spi_flash.o(.text.sFLASH_WaitForWriteEnd) for sFLASH_WaitForWriteEnd
    spi_flash.o(.ARM.exidx.text.sFLASH_EraseBulk) refers to spi_flash.o(.text.sFLASH_EraseBulk) for [Anonymous Symbol]
    spi_flash.o(.text.sFLASH_WritePage) refers to spi_flash.o(.text.sFLASH_WriteEnable) for sFLASH_WriteEnable
    spi_flash.o(.text.sFLASH_WritePage) refers to n32g031_gpio.o(.text.GPIO_ResetBits) for GPIO_ResetBits
    spi_flash.o(.text.sFLASH_WritePage) refers to n32g031_spi.o(.text.SPI_I2S_GetStatus) for SPI_I2S_GetStatus
    spi_flash.o(.text.sFLASH_WritePage) refers to n32g031_spi.o(.text.SPI_I2S_TransmitData) for SPI_I2S_TransmitData
    spi_flash.o(.text.sFLASH_WritePage) refers to n32g031_spi.o(.text.SPI_I2S_ReceiveData) for SPI_I2S_ReceiveData
    spi_flash.o(.text.sFLASH_WritePage) refers to n32g031_gpio.o(.text.GPIO_SetBits) for GPIO_SetBits
    spi_flash.o(.text.sFLASH_WritePage) refers to spi_flash.o(.text.sFLASH_WaitForWriteEnd) for sFLASH_WaitForWriteEnd
    spi_flash.o(.ARM.exidx.text.sFLASH_WritePage) refers to spi_flash.o(.text.sFLASH_WritePage) for [Anonymous Symbol]
    spi_flash.o(.text.sFLASH_WriteBuffer) refers to spi_flash.o(.text.sFLASH_WritePage) for sFLASH_WritePage
    spi_flash.o(.ARM.exidx.text.sFLASH_WriteBuffer) refers to spi_flash.o(.text.sFLASH_WriteBuffer) for [Anonymous Symbol]
    spi_flash.o(.text.sFLASH_ReadBuffer) refers to n32g031_gpio.o(.text.GPIO_ResetBits) for GPIO_ResetBits
    spi_flash.o(.text.sFLASH_ReadBuffer) refers to n32g031_spi.o(.text.SPI_I2S_GetStatus) for SPI_I2S_GetStatus
    spi_flash.o(.text.sFLASH_ReadBuffer) refers to n32g031_spi.o(.text.SPI_I2S_TransmitData) for SPI_I2S_TransmitData
    spi_flash.o(.text.sFLASH_ReadBuffer) refers to n32g031_spi.o(.text.SPI_I2S_ReceiveData) for SPI_I2S_ReceiveData
    spi_flash.o(.text.sFLASH_ReadBuffer) refers to n32g031_gpio.o(.text.GPIO_SetBits) for GPIO_SetBits
    spi_flash.o(.ARM.exidx.text.sFLASH_ReadBuffer) refers to spi_flash.o(.text.sFLASH_ReadBuffer) for [Anonymous Symbol]
    spi_flash.o(.text.sFLASH_ReadID) refers to n32g031_gpio.o(.text.GPIO_ResetBits) for GPIO_ResetBits
    spi_flash.o(.text.sFLASH_ReadID) refers to n32g031_spi.o(.text.SPI_I2S_GetStatus) for SPI_I2S_GetStatus
    spi_flash.o(.text.sFLASH_ReadID) refers to n32g031_spi.o(.text.SPI_I2S_TransmitData) for SPI_I2S_TransmitData
    spi_flash.o(.text.sFLASH_ReadID) refers to n32g031_spi.o(.text.SPI_I2S_ReceiveData) for SPI_I2S_ReceiveData
    spi_flash.o(.text.sFLASH_ReadID) refers to n32g031_gpio.o(.text.GPIO_SetBits) for GPIO_SetBits
    spi_flash.o(.ARM.exidx.text.sFLASH_ReadID) refers to spi_flash.o(.text.sFLASH_ReadID) for [Anonymous Symbol]
    spi_flash.o(.text.sFLASH_StartReadSequence) refers to n32g031_gpio.o(.text.GPIO_ResetBits) for GPIO_ResetBits
    spi_flash.o(.text.sFLASH_StartReadSequence) refers to n32g031_spi.o(.text.SPI_I2S_GetStatus) for SPI_I2S_GetStatus
    spi_flash.o(.text.sFLASH_StartReadSequence) refers to n32g031_spi.o(.text.SPI_I2S_TransmitData) for SPI_I2S_TransmitData
    spi_flash.o(.text.sFLASH_StartReadSequence) refers to n32g031_spi.o(.text.SPI_I2S_ReceiveData) for SPI_I2S_ReceiveData
    spi_flash.o(.ARM.exidx.text.sFLASH_StartReadSequence) refers to spi_flash.o(.text.sFLASH_StartReadSequence) for [Anonymous Symbol]
    spi_flash.o(.text.sFLASH_ReadByte) refers to n32g031_spi.o(.text.SPI_I2S_GetStatus) for SPI_I2S_GetStatus
    spi_flash.o(.text.sFLASH_ReadByte) refers to n32g031_spi.o(.text.SPI_I2S_TransmitData) for SPI_I2S_TransmitData
    spi_flash.o(.text.sFLASH_ReadByte) refers to n32g031_spi.o(.text.SPI_I2S_ReceiveData) for SPI_I2S_ReceiveData
    spi_flash.o(.ARM.exidx.text.sFLASH_ReadByte) refers to spi_flash.o(.text.sFLASH_ReadByte) for [Anonymous Symbol]
    spi_flash.o(.text.sFLASH_SendHalfWord) refers to n32g031_spi.o(.text.SPI_I2S_GetStatus) for SPI_I2S_GetStatus
    spi_flash.o(.text.sFLASH_SendHalfWord) refers to n32g031_spi.o(.text.SPI_I2S_TransmitData) for SPI_I2S_TransmitData
    spi_flash.o(.text.sFLASH_SendHalfWord) refers to n32g031_spi.o(.text.SPI_I2S_ReceiveData) for SPI_I2S_ReceiveData
    spi_flash.o(.ARM.exidx.text.sFLASH_SendHalfWord) refers to spi_flash.o(.text.sFLASH_SendHalfWord) for [Anonymous Symbol]
    st7735.o(.text.st7735_init) refers to n32g031_gpio.o(.text.GPIO_InitStruct) for GPIO_InitStruct
    st7735.o(.text.st7735_init) refers to n32g031_rcc.o(.text.RCC_EnableAPB2PeriphClk) for RCC_EnableAPB2PeriphClk
    st7735.o(.text.st7735_init) refers to n32g031_gpio.o(.text.GPIO_InitPeripheral) for GPIO_InitPeripheral
    st7735.o(.text.st7735_init) refers to n32g031_spi.o(.text.SPI_Init) for SPI_Init
    st7735.o(.text.st7735_init) refers to n32g031_spi.o(.text.SPI_Enable) for SPI_Enable
    st7735.o(.text.st7735_init) refers to n32g031_gpio.o(.text.GPIO_ResetBits) for GPIO_ResetBits
    st7735.o(.text.st7735_init) refers to n32g031_gpio.o(.text.GPIO_SetBits) for GPIO_SetBits
    st7735.o(.text.st7735_init) refers to st7735.o(.text.st7735_write_command) for st7735_write_command
    st7735.o(.text.st7735_init) refers to main.o(.text.Delay) for Delay
    st7735.o(.text.st7735_init) refers to st7735.o(.text.st7735_write_data) for st7735_write_data
    st7735.o(.ARM.exidx.text.st7735_init) refers to st7735.o(.text.st7735_init) for [Anonymous Symbol]
    st7735.o(.text.st7735_write_command) refers to n32g031_gpio.o(.text.GPIO_ResetBits) for GPIO_ResetBits
    st7735.o(.text.st7735_write_command) refers to n32g031_spi.o(.text.SPI_I2S_GetStatus) for SPI_I2S_GetStatus
    st7735.o(.text.st7735_write_command) refers to n32g031_spi.o(.text.SPI_I2S_TransmitData) for SPI_I2S_TransmitData
    st7735.o(.text.st7735_write_command) refers to n32g031_spi.o(.text.SPI_I2S_ReceiveData) for SPI_I2S_ReceiveData
    st7735.o(.text.st7735_write_command) refers to n32g031_gpio.o(.text.GPIO_SetBits) for GPIO_SetBits
    st7735.o(.ARM.exidx.text.st7735_write_command) refers to st7735.o(.text.st7735_write_command) for [Anonymous Symbol]
    st7735.o(.text.st7735_write_data) refers to n32g031_gpio.o(.text.GPIO_SetBits) for GPIO_SetBits
    st7735.o(.text.st7735_write_data) refers to n32g031_gpio.o(.text.GPIO_ResetBits) for GPIO_ResetBits
    st7735.o(.text.st7735_write_data) refers to n32g031_spi.o(.text.SPI_I2S_GetStatus) for SPI_I2S_GetStatus
    st7735.o(.text.st7735_write_data) refers to n32g031_spi.o(.text.SPI_I2S_TransmitData) for SPI_I2S_TransmitData
    st7735.o(.text.st7735_write_data) refers to n32g031_spi.o(.text.SPI_I2S_ReceiveData) for SPI_I2S_ReceiveData
    st7735.o(.ARM.exidx.text.st7735_write_data) refers to st7735.o(.text.st7735_write_data) for [Anonymous Symbol]
    st7735.o(.text.st7735_fill_screen) refers to st7735.o(.text.st7735_write_command) for st7735_write_command
    st7735.o(.text.st7735_fill_screen) refers to st7735.o(.text.st7735_write_data) for st7735_write_data
    st7735.o(.text.st7735_fill_screen) refers to n32g031_gpio.o(.text.GPIO_SetBits) for GPIO_SetBits
    st7735.o(.text.st7735_fill_screen) refers to n32g031_gpio.o(.text.GPIO_ResetBits) for GPIO_ResetBits
    st7735.o(.text.st7735_fill_screen) refers to n32g031_spi.o(.text.SPI_I2S_GetStatus) for SPI_I2S_GetStatus
    st7735.o(.text.st7735_fill_screen) refers to n32g031_spi.o(.text.SPI_I2S_TransmitData) for SPI_I2S_TransmitData
    st7735.o(.text.st7735_fill_screen) refers to n32g031_spi.o(.text.SPI_I2S_ReceiveData) for SPI_I2S_ReceiveData
    st7735.o(.ARM.exidx.text.st7735_fill_screen) refers to st7735.o(.text.st7735_fill_screen) for [Anonymous Symbol]
    st7735.o(.text.st7735_draw_char) refers to st7735.o(.text.st7735_write_command) for st7735_write_command
    st7735.o(.text.st7735_draw_char) refers to st7735.o(.text.st7735_write_data) for st7735_write_data
    st7735.o(.text.st7735_draw_char) refers to st7735.o(.rodata.font5x8) for [Anonymous Symbol]
    st7735.o(.ARM.exidx.text.st7735_draw_char) refers to st7735.o(.text.st7735_draw_char) for [Anonymous Symbol]
    st7735.o(.text.st7735_draw_string) refers to st7735.o(.text.st7735_draw_char) for st7735_draw_char
    st7735.o(.ARM.exidx.text.st7735_draw_string) refers to st7735.o(.text.st7735_draw_string) for [Anonymous Symbol]
    st7735.o(.text.st7735_diag) refers to n32g031_gpio.o(.text.GPIO_ResetBits) for GPIO_ResetBits
    st7735.o(.text.st7735_diag) refers to main.o(.text.Delay) for Delay
    st7735.o(.text.st7735_diag) refers to n32g031_gpio.o(.text.GPIO_SetBits) for GPIO_SetBits
    st7735.o(.text.st7735_diag) refers to st7735.o(.text.st7735_fill_screen) for st7735_fill_screen
    st7735.o(.ARM.exidx.text.st7735_diag) refers to st7735.o(.text.st7735_diag) for [Anonymous Symbol]
    pa7_input.o(.text.pa7_input_init) refers to n32g031_gpio.o(.text.GPIO_InitStruct) for GPIO_InitStruct
    pa7_input.o(.text.pa7_input_init) refers to n32g031_rcc.o(.text.RCC_EnableAPB2PeriphClk) for RCC_EnableAPB2PeriphClk
    pa7_input.o(.text.pa7_input_init) refers to n32g031_gpio.o(.text.GPIO_InitPeripheral) for GPIO_InitPeripheral
    pa7_input.o(.ARM.exidx.text.pa7_input_init) refers to pa7_input.o(.text.pa7_input_init) for [Anonymous Symbol]
    pa7_input.o(.text.pa7_input_read) refers to n32g031_gpio.o(.text.GPIO_ReadInputDataBit) for GPIO_ReadInputDataBit
    pa7_input.o(.ARM.exidx.text.pa7_input_read) refers to pa7_input.o(.text.pa7_input_read) for [Anonymous Symbol]
    pa7_input.o(.text.pa7_input_set_pull) refers to n32g031_gpio.o(.text.GPIO_InitStruct) for GPIO_InitStruct
    pa7_input.o(.text.pa7_input_set_pull) refers to n32g031_rcc.o(.text.RCC_EnableAPB2PeriphClk) for RCC_EnableAPB2PeriphClk
    pa7_input.o(.text.pa7_input_set_pull) refers to n32g031_gpio.o(.text.GPIO_InitPeripheral) for GPIO_InitPeripheral
    pa7_input.o(.ARM.exidx.text.pa7_input_set_pull) refers to pa7_input.o(.text.pa7_input_set_pull) for [Anonymous Symbol]
    ct018tn01.o(.text.ct018_init) refers to n32g031_rcc.o(.text.RCC_EnableAPB2PeriphClk) for RCC_EnableAPB2PeriphClk
    ct018tn01.o(.text.ct018_init) refers to n32g031_gpio.o(.text.GPIO_InitStruct) for GPIO_InitStruct
    ct018tn01.o(.text.ct018_init) refers to n32g031_gpio.o(.text.GPIO_InitPeripheral) for GPIO_InitPeripheral
    ct018tn01.o(.text.ct018_init) refers to n32g031_spi.o(.text.SPI_Init) for SPI_Init
    ct018tn01.o(.text.ct018_init) refers to n32g031_spi.o(.text.SPI_Enable) for SPI_Enable
    ct018tn01.o(.text.ct018_init) refers to n32g031_gpio.o(.text.GPIO_SetBits) for GPIO_SetBits
    ct018tn01.o(.text.ct018_init) refers to ct018tn01.o(.bss.current_vopt) for [Anonymous Symbol]
    ct018tn01.o(.ARM.exidx.text.ct018_init) refers to ct018tn01.o(.text.ct018_init) for [Anonymous Symbol]
    ct018tn01.o(.text.ct018_power_on) refers to n32g031_gpio.o(.text.GPIO_ResetBits) for GPIO_ResetBits
    ct018tn01.o(.text.ct018_power_on) refers to main.o(.text.Delay) for Delay
    ct018tn01.o(.text.ct018_power_on) refers to n32g031_gpio.o(.text.GPIO_SetBits) for GPIO_SetBits
    ct018tn01.o(.text.ct018_power_on) refers to ct018tn01.o(.text.ct018_send_cmd) for ct018_send_cmd
    ct018tn01.o(.text.ct018_power_on) refers to ct018tn01.o(.text.ct018_send_data) for ct018_send_data
    ct018tn01.o(.text.ct018_power_on) refers to ct018tn01.o(.text.ct018_chip_set) for ct018_chip_set
    ct018tn01.o(.text.ct018_power_on) refers to ct018tn01.o(.bss.current_vopt) for [Anonymous Symbol]
    ct018tn01.o(.text.ct018_power_on) refers to ct018tn01.o(.rodata.str2.2) for [Anonymous Symbol]
    ct018tn01.o(.text.ct018_power_on) refers to ct018tn01.o(.rodata..L__const.ct018_gamma_set.gamma_regs) for [Anonymous Symbol]
    ct018tn01.o(.ARM.exidx.text.ct018_power_on) refers to ct018tn01.o(.text.ct018_power_on) for [Anonymous Symbol]
    ct018tn01.o(.text.ct018_send_cmd) refers to n32g031_gpio.o(.text.GPIO_ResetBits) for GPIO_ResetBits
    ct018tn01.o(.text.ct018_send_cmd) refers to n32g031_spi.o(.text.SPI_I2S_GetStatus) for SPI_I2S_GetStatus
    ct018tn01.o(.text.ct018_send_cmd) refers to n32g031_spi.o(.text.SPI_I2S_TransmitData) for SPI_I2S_TransmitData
    ct018tn01.o(.text.ct018_send_cmd) refers to n32g031_spi.o(.text.SPI_I2S_ReceiveData) for SPI_I2S_ReceiveData
    ct018tn01.o(.text.ct018_send_cmd) refers to n32g031_gpio.o(.text.GPIO_SetBits) for GPIO_SetBits
    ct018tn01.o(.ARM.exidx.text.ct018_send_cmd) refers to ct018tn01.o(.text.ct018_send_cmd) for [Anonymous Symbol]
    ct018tn01.o(.text.ct018_send_data) refers to n32g031_gpio.o(.text.GPIO_SetBits) for GPIO_SetBits
    ct018tn01.o(.text.ct018_send_data) refers to n32g031_gpio.o(.text.GPIO_ResetBits) for GPIO_ResetBits
    ct018tn01.o(.text.ct018_send_data) refers to n32g031_spi.o(.text.SPI_I2S_GetStatus) for SPI_I2S_GetStatus
    ct018tn01.o(.text.ct018_send_data) refers to n32g031_spi.o(.text.SPI_I2S_TransmitData) for SPI_I2S_TransmitData
    ct018tn01.o(.text.ct018_send_data) refers to n32g031_spi.o(.text.SPI_I2S_ReceiveData) for SPI_I2S_ReceiveData
    ct018tn01.o(.ARM.exidx.text.ct018_send_data) refers to ct018tn01.o(.text.ct018_send_data) for [Anonymous Symbol]
    ct018tn01.o(.text.ct018_gamma_set) refers to ct018tn01.o(.text.ct018_send_cmd) for ct018_send_cmd
    ct018tn01.o(.text.ct018_gamma_set) refers to ct018tn01.o(.text.ct018_send_data) for ct018_send_data
    ct018tn01.o(.text.ct018_gamma_set) refers to ct018tn01.o(.rodata.str2.2) for [Anonymous Symbol]
    ct018tn01.o(.text.ct018_gamma_set) refers to ct018tn01.o(.rodata..L__const.ct018_gamma_set.gamma_regs) for [Anonymous Symbol]
    ct018tn01.o(.ARM.exidx.text.ct018_gamma_set) refers to ct018tn01.o(.text.ct018_gamma_set) for [Anonymous Symbol]
    ct018tn01.o(.text.ct018_chip_set) refers to ct018tn01.o(.text.ct018_send_cmd) for ct018_send_cmd
    ct018tn01.o(.text.ct018_chip_set) refers to ct018tn01.o(.text.ct018_send_data) for ct018_send_data
    ct018tn01.o(.text.ct018_chip_set) refers to main.o(.text.Delay) for Delay
    ct018tn01.o(.text.ct018_chip_set) refers to ct018tn01.o(.rodata..L__const.ct018_chip_set.chip_set_vals) for [Anonymous Symbol]
    ct018tn01.o(.ARM.exidx.text.ct018_chip_set) refers to ct018tn01.o(.text.ct018_chip_set) for [Anonymous Symbol]
    ct018tn01.o(.text.ct018_power_off) refers to ct018tn01.o(.text.ct018_send_cmd) for ct018_send_cmd
    ct018tn01.o(.text.ct018_power_off) refers to main.o(.text.Delay) for Delay
    ct018tn01.o(.text.ct018_power_off) refers to n32g031_gpio.o(.text.GPIO_ResetBits) for GPIO_ResetBits
    ct018tn01.o(.ARM.exidx.text.ct018_power_off) refers to ct018tn01.o(.text.ct018_power_off) for [Anonymous Symbol]
    ct018tn01.o(.text.ct018_fill_screen) refers to ct018tn01.o(.text.ct018_send_cmd) for ct018_send_cmd
    ct018tn01.o(.text.ct018_fill_screen) refers to ct018tn01.o(.text.ct018_send_data) for ct018_send_data
    ct018tn01.o(.ARM.exidx.text.ct018_fill_screen) refers to ct018tn01.o(.text.ct018_fill_screen) for [Anonymous Symbol]
    entry.o(.ARM.Collect$$$$00000000) refers (Special) to entry10a.o(.ARM.Collect$$$$0000000D) for __rt_final_cpp
    entry.o(.ARM.Collect$$$$00000000) refers (Special) to entry11a.o(.ARM.Collect$$$$0000000F) for __rt_final_exit
    entry.o(.ARM.Collect$$$$00000000) refers (Special) to entry7b.o(.ARM.Collect$$$$00000008) for _main_clock
    entry.o(.ARM.Collect$$$$00000000) refers (Special) to entry8b.o(.ARM.Collect$$$$0000000A) for _main_cpp_init
    entry.o(.ARM.Collect$$$$00000000) refers (Special) to entry9a.o(.ARM.Collect$$$$0000000B) for _main_init
    entry.o(.ARM.Collect$$$$00000000) refers (Special) to entry5.o(.ARM.Collect$$$$00000004) for _main_scatterload
    entry.o(.ARM.Collect$$$$00000000) refers (Special) to entry2.o(.ARM.Collect$$$$00000001) for _main_stk
    entry2.o(.ARM.Collect$$$$00000001) refers to entry2.o(.ARM.Collect$$$$00002712) for __lit__00000000
    entry2.o(.ARM.Collect$$$$00002712) refers to startup_n32g031.o(STACK) for __initial_sp
    entry2.o(__vectab_stack_and_reset_area) refers to startup_n32g031.o(STACK) for __initial_sp
    entry2.o(__vectab_stack_and_reset_area) refers to entry.o(.ARM.Collect$$$$00000000) for __main
    entry5.o(.ARM.Collect$$$$00000004) refers to init.o(.text) for __scatterload
    entry9a.o(.ARM.Collect$$$$0000000B) refers to main.o(.text.main) for main
    entry9b.o(.ARM.Collect$$$$0000000C) refers to main.o(.text.main) for main
    idiv_div0.o(.text) refers to uidiv_div0.o(.text) for __aeabi_uidivmod
    init.o(.text) refers to entry5.o(.ARM.Collect$$$$00000004) for __main_after_scatterload


==============================================================================

Removing Unused input sections from the image.

    Removing startup_n32g031.o(HEAP), (512 bytes).
    Removing system_n32g031.o(.text), (0 bytes).
    Removing system_n32g031.o(.ARM.exidx.text.SystemInit), (8 bytes).
    Removing system_n32g031.o(.text.SystemCoreClockUpdate), (128 bytes).
    Removing system_n32g031.o(.ARM.exidx.text.SystemCoreClockUpdate), (8 bytes).
    Removing system_n32g031.o(.data.SystemCoreClock), (4 bytes).
    Removing system_n32g031.o(.rodata.AHBPrescTable), (16 bytes).
    Removing n32g031_gpio.o(.text), (0 bytes).
    Removing n32g031_gpio.o(.text.GPIO_DeInit), (88 bytes).
    Removing n32g031_gpio.o(.ARM.exidx.text.GPIO_DeInit), (8 bytes).
    Removing n32g031_gpio.o(.text.GPIO_DeInitPin), (408 bytes).
    Removing n32g031_gpio.o(.ARM.exidx.text.GPIO_DeInitPin), (8 bytes).
    Removing n32g031_gpio.o(.text.GPIO_AFIOInitDefault), (22 bytes).
    Removing n32g031_gpio.o(.ARM.exidx.text.GPIO_AFIOInitDefault), (8 bytes).
    Removing n32g031_gpio.o(.ARM.exidx.text.GPIO_InitPeripheral), (8 bytes).
    Removing n32g031_gpio.o(.ARM.exidx.text.GPIO_InitStruct), (8 bytes).
    Removing n32g031_gpio.o(.ARM.exidx.text.GPIO_ReadInputDataBit), (8 bytes).
    Removing n32g031_gpio.o(.text.GPIO_ReadInputData), (64 bytes).
    Removing n32g031_gpio.o(.ARM.exidx.text.GPIO_ReadInputData), (8 bytes).
    Removing n32g031_gpio.o(.text.GPIO_ReadOutputDataBit), (172 bytes).
    Removing n32g031_gpio.o(.ARM.exidx.text.GPIO_ReadOutputDataBit), (8 bytes).
    Removing n32g031_gpio.o(.text.GPIO_ReadOutputData), (64 bytes).
    Removing n32g031_gpio.o(.ARM.exidx.text.GPIO_ReadOutputData), (8 bytes).
    Removing n32g031_gpio.o(.ARM.exidx.text.GPIO_SetBits), (8 bytes).
    Removing n32g031_gpio.o(.ARM.exidx.text.GPIO_ResetBits), (8 bytes).
    Removing n32g031_gpio.o(.text.GPIO_WriteBit), (220 bytes).
    Removing n32g031_gpio.o(.ARM.exidx.text.GPIO_WriteBit), (8 bytes).
    Removing n32g031_gpio.o(.text.GPIO_Write), (68 bytes).
    Removing n32g031_gpio.o(.ARM.exidx.text.GPIO_Write), (8 bytes).
    Removing n32g031_gpio.o(.text.GPIO_TogglePin), (116 bytes).
    Removing n32g031_gpio.o(.ARM.exidx.text.GPIO_TogglePin), (8 bytes).
    Removing n32g031_gpio.o(.text.GPIO_ConfigPinLock), (180 bytes).
    Removing n32g031_gpio.o(.ARM.exidx.text.GPIO_ConfigPinLock), (8 bytes).
    Removing n32g031_gpio.o(.text.GPIO_ConfigEXTILine), (140 bytes).
    Removing n32g031_gpio.o(.ARM.exidx.text.GPIO_ConfigEXTILine), (8 bytes).
    Removing n32g031_gpio.o(.text.GPIO_ConfigPinRemap), (244 bytes).
    Removing n32g031_gpio.o(.ARM.exidx.text.GPIO_ConfigPinRemap), (8 bytes).
    Removing n32g031_gpio.o(.text.AFIO_ConfigSPINSSMode), (136 bytes).
    Removing n32g031_gpio.o(.ARM.exidx.text.AFIO_ConfigSPINSSMode), (8 bytes).
    Removing n32g031_gpio.o(.text.AFIO_ConfigADCExternalTrigRemap), (224 bytes).
    Removing n32g031_gpio.o(.ARM.exidx.text.AFIO_ConfigADCExternalTrigRemap), (8 bytes).
    Removing n32g031_spi.o(.text), (0 bytes).
    Removing n32g031_spi.o(.text.SPI_I2S_DeInit), (68 bytes).
    Removing n32g031_spi.o(.ARM.exidx.text.SPI_I2S_DeInit), (8 bytes).
    Removing n32g031_spi.o(.ARM.exidx.text.SPI_Init), (8 bytes).
    Removing n32g031_spi.o(.text.I2S_Init), (504 bytes).
    Removing n32g031_spi.o(.ARM.exidx.text.I2S_Init), (8 bytes).
    Removing n32g031_spi.o(.text.SPI_InitStruct), (24 bytes).
    Removing n32g031_spi.o(.ARM.exidx.text.SPI_InitStruct), (8 bytes).
    Removing n32g031_spi.o(.text.I2S_InitStruct), (14 bytes).
    Removing n32g031_spi.o(.ARM.exidx.text.I2S_InitStruct), (8 bytes).
    Removing n32g031_spi.o(.ARM.exidx.text.SPI_Enable), (8 bytes).
    Removing n32g031_spi.o(.text.I2S_Enable), (80 bytes).
    Removing n32g031_spi.o(.ARM.exidx.text.I2S_Enable), (8 bytes).
    Removing n32g031_spi.o(.text.SPI_I2S_EnableInt), (156 bytes).
    Removing n32g031_spi.o(.ARM.exidx.text.SPI_I2S_EnableInt), (8 bytes).
    Removing n32g031_spi.o(.text.SPI_I2S_EnableDma), (140 bytes).
    Removing n32g031_spi.o(.ARM.exidx.text.SPI_I2S_EnableDma), (8 bytes).
    Removing n32g031_spi.o(.ARM.exidx.text.SPI_I2S_TransmitData), (8 bytes).
    Removing n32g031_spi.o(.ARM.exidx.text.SPI_I2S_ReceiveData), (8 bytes).
    Removing n32g031_spi.o(.text.SPI_SetNssLevel), (140 bytes).
    Removing n32g031_spi.o(.ARM.exidx.text.SPI_SetNssLevel), (8 bytes).
    Removing n32g031_spi.o(.text.SPI_SSOutputEnable), (88 bytes).
    Removing n32g031_spi.o(.ARM.exidx.text.SPI_SSOutputEnable), (8 bytes).
    Removing n32g031_spi.o(.text.SPI_ConfigDataLen), (112 bytes).
    Removing n32g031_spi.o(.ARM.exidx.text.SPI_ConfigDataLen), (8 bytes).
    Removing n32g031_spi.o(.text.SPI_TransmitCrcNext), (60 bytes).
    Removing n32g031_spi.o(.ARM.exidx.text.SPI_TransmitCrcNext), (8 bytes).
    Removing n32g031_spi.o(.text.SPI_EnableCalculateCrc), (92 bytes).
    Removing n32g031_spi.o(.ARM.exidx.text.SPI_EnableCalculateCrc), (8 bytes).
    Removing n32g031_spi.o(.text.SPI_GetCRCDat), (100 bytes).
    Removing n32g031_spi.o(.ARM.exidx.text.SPI_GetCRCDat), (8 bytes).
    Removing n32g031_spi.o(.text.SPI_GetCRCPoly), (56 bytes).
    Removing n32g031_spi.o(.ARM.exidx.text.SPI_GetCRCPoly), (8 bytes).
    Removing n32g031_spi.o(.text.SPI_ConfigBidirectionalMode), (136 bytes).
    Removing n32g031_spi.o(.ARM.exidx.text.SPI_ConfigBidirectionalMode), (8 bytes).
    Removing n32g031_spi.o(.ARM.exidx.text.SPI_I2S_GetStatus), (8 bytes).
    Removing n32g031_spi.o(.text.SPI_I2S_ClrCRCErrFlag), (108 bytes).
    Removing n32g031_spi.o(.ARM.exidx.text.SPI_I2S_ClrCRCErrFlag), (8 bytes).
    Removing n32g031_spi.o(.text.SPI_I2S_GetIntStatus), (144 bytes).
    Removing n32g031_spi.o(.ARM.exidx.text.SPI_I2S_GetIntStatus), (8 bytes).
    Removing n32g031_spi.o(.text.SPI_I2S_ClrITPendingBit), (112 bytes).
    Removing n32g031_spi.o(.ARM.exidx.text.SPI_I2S_ClrITPendingBit), (8 bytes).
    Removing n32g031_rcc.o(.text), (0 bytes).
    Removing n32g031_rcc.o(.text.RCC_DeInit), (72 bytes).
    Removing n32g031_rcc.o(.ARM.exidx.text.RCC_DeInit), (8 bytes).
    Removing n32g031_rcc.o(.text.RCC_ConfigHse), (104 bytes).
    Removing n32g031_rcc.o(.ARM.exidx.text.RCC_ConfigHse), (8 bytes).
    Removing n32g031_rcc.o(.text.RCC_WaitHseStable), (48 bytes).
    Removing n32g031_rcc.o(.ARM.exidx.text.RCC_WaitHseStable), (8 bytes).
    Removing n32g031_rcc.o(.text.RCC_GetFlagStatus), (152 bytes).
    Removing n32g031_rcc.o(.ARM.exidx.text.RCC_GetFlagStatus), (8 bytes).
    Removing n32g031_rcc.o(.text.RCC_ConfigHsi), (72 bytes).
    Removing n32g031_rcc.o(.ARM.exidx.text.RCC_ConfigHsi), (8 bytes).
    Removing n32g031_rcc.o(.text.RCC_WaitHsiStable), (48 bytes).
    Removing n32g031_rcc.o(.ARM.exidx.text.RCC_WaitHsiStable), (8 bytes).
    Removing n32g031_rcc.o(.text.RCC_SetHsiCalibValue), (84 bytes).
    Removing n32g031_rcc.o(.ARM.exidx.text.RCC_SetHsiCalibValue), (8 bytes).
    Removing n32g031_rcc.o(.text.RCC_EnableHsi), (52 bytes).
    Removing n32g031_rcc.o(.ARM.exidx.text.RCC_EnableHsi), (8 bytes).
    Removing n32g031_rcc.o(.text.RCC_ConfigPll), (308 bytes).
    Removing n32g031_rcc.o(.ARM.exidx.text.RCC_ConfigPll), (8 bytes).
    Removing n32g031_rcc.o(.text.RCC_EnablePll), (56 bytes).
    Removing n32g031_rcc.o(.ARM.exidx.text.RCC_EnablePll), (8 bytes).
    Removing n32g031_rcc.o(.text.RCC_EnablePllClockOut), (56 bytes).
    Removing n32g031_rcc.o(.ARM.exidx.text.RCC_EnablePllClockOut), (8 bytes).
    Removing n32g031_rcc.o(.text.RCC_ConfigSysclk), (80 bytes).
    Removing n32g031_rcc.o(.ARM.exidx.text.RCC_ConfigSysclk), (8 bytes).
    Removing n32g031_rcc.o(.text.RCC_GetSysclkSrc), (20 bytes).
    Removing n32g031_rcc.o(.ARM.exidx.text.RCC_GetSysclkSrc), (8 bytes).
    Removing n32g031_rcc.o(.text.RCC_ConfigHclk), (96 bytes).
    Removing n32g031_rcc.o(.ARM.exidx.text.RCC_ConfigHclk), (8 bytes).
    Removing n32g031_rcc.o(.text.RCC_ConfigPclk1), (64 bytes).
    Removing n32g031_rcc.o(.ARM.exidx.text.RCC_ConfigPclk1), (8 bytes).
    Removing n32g031_rcc.o(.text.RCC_ConfigPclk2), (68 bytes).
    Removing n32g031_rcc.o(.ARM.exidx.text.RCC_ConfigPclk2), (8 bytes).
    Removing n32g031_rcc.o(.text.RCC_ConfigInt), (120 bytes).
    Removing n32g031_rcc.o(.ARM.exidx.text.RCC_ConfigInt), (8 bytes).
    Removing n32g031_rcc.o(.text.RCC_ConfigTim18Clk), (92 bytes).
    Removing n32g031_rcc.o(.ARM.exidx.text.RCC_ConfigTim18Clk), (8 bytes).
    Removing n32g031_rcc.o(.text.RCC_ConfigAdc1mClk), (160 bytes).
    Removing n32g031_rcc.o(.ARM.exidx.text.RCC_ConfigAdc1mClk), (8 bytes).
    Removing n32g031_rcc.o(.text.RCC_ConfigAdcPllClk), (140 bytes).
    Removing n32g031_rcc.o(.ARM.exidx.text.RCC_ConfigAdcPllClk), (8 bytes).
    Removing n32g031_rcc.o(.text.RCC_ConfigAdcHclk), (92 bytes).
    Removing n32g031_rcc.o(.ARM.exidx.text.RCC_ConfigAdcHclk), (8 bytes).
    Removing n32g031_rcc.o(.text.RCC_ConfigLPTIMClk), (96 bytes).
    Removing n32g031_rcc.o(.ARM.exidx.text.RCC_ConfigLPTIMClk), (8 bytes).
    Removing n32g031_rcc.o(.text.RCC_GetLPTIMClkSrc), (16 bytes).
    Removing n32g031_rcc.o(.ARM.exidx.text.RCC_GetLPTIMClkSrc), (8 bytes).
    Removing n32g031_rcc.o(.text.RCC_ConfigLPUARTClk), (92 bytes).
    Removing n32g031_rcc.o(.ARM.exidx.text.RCC_ConfigLPUARTClk), (8 bytes).
    Removing n32g031_rcc.o(.text.RCC_GetLPUARTClkSrc), (16 bytes).
    Removing n32g031_rcc.o(.ARM.exidx.text.RCC_GetLPUARTClkSrc), (8 bytes).
    Removing n32g031_rcc.o(.text.RCC_LSE_Trim_Config), (28 bytes).
    Removing n32g031_rcc.o(.ARM.exidx.text.RCC_LSE_Trim_Config), (8 bytes).
    Removing n32g031_rcc.o(.text.RCC_ConfigLse), (136 bytes).
    Removing n32g031_rcc.o(.ARM.exidx.text.RCC_ConfigLse), (8 bytes).
    Removing n32g031_rcc.o(.text.RCC_EnableLsi), (56 bytes).
    Removing n32g031_rcc.o(.ARM.exidx.text.RCC_EnableLsi), (8 bytes).
    Removing n32g031_rcc.o(.text.RCC_ConfigRtcClk), (92 bytes).
    Removing n32g031_rcc.o(.ARM.exidx.text.RCC_ConfigRtcClk), (8 bytes).
    Removing n32g031_rcc.o(.text.RCC_GetRTCClkSrc), (16 bytes).
    Removing n32g031_rcc.o(.ARM.exidx.text.RCC_GetRTCClkSrc), (8 bytes).
    Removing n32g031_rcc.o(.text.RCC_EnableRtcClk), (56 bytes).
    Removing n32g031_rcc.o(.ARM.exidx.text.RCC_EnableRtcClk), (8 bytes).
    Removing n32g031_rcc.o(.text.RCC_EnableRTCReset), (56 bytes).
    Removing n32g031_rcc.o(.ARM.exidx.text.RCC_EnableRTCReset), (8 bytes).
    Removing n32g031_rcc.o(.text.RCC_ConfigLPRUNClk), (92 bytes).
    Removing n32g031_rcc.o(.ARM.exidx.text.RCC_ConfigLPRUNClk), (8 bytes).
    Removing n32g031_rcc.o(.text.RCC_GetLPRUNClkSrc), (16 bytes).
    Removing n32g031_rcc.o(.ARM.exidx.text.RCC_GetLPRUNClkSrc), (8 bytes).
    Removing n32g031_rcc.o(.text.RCC_GetClocksFreqValue), (256 bytes).
    Removing n32g031_rcc.o(.ARM.exidx.text.RCC_GetClocksFreqValue), (8 bytes).
    Removing n32g031_rcc.o(.text.RCC_EnableAHBPeriphClk), (120 bytes).
    Removing n32g031_rcc.o(.ARM.exidx.text.RCC_EnableAHBPeriphClk), (8 bytes).
    Removing n32g031_rcc.o(.ARM.exidx.text.RCC_EnableAPB2PeriphClk), (8 bytes).
    Removing n32g031_rcc.o(.text.RCC_EnableAPB1PeriphClk), (120 bytes).
    Removing n32g031_rcc.o(.ARM.exidx.text.RCC_EnableAPB1PeriphClk), (8 bytes).
    Removing n32g031_rcc.o(.text.RCC_EnableAHBPeriphReset), (124 bytes).
    Removing n32g031_rcc.o(.ARM.exidx.text.RCC_EnableAHBPeriphReset), (8 bytes).
    Removing n32g031_rcc.o(.text.RCC_EnableAPB2PeriphReset), (88 bytes).
    Removing n32g031_rcc.o(.ARM.exidx.text.RCC_EnableAPB2PeriphReset), (8 bytes).
    Removing n32g031_rcc.o(.text.RCC_EnableAPB1PeriphReset), (128 bytes).
    Removing n32g031_rcc.o(.ARM.exidx.text.RCC_EnableAPB1PeriphReset), (8 bytes).
    Removing n32g031_rcc.o(.text.RCC_EnableClockSecuritySystem), (60 bytes).
    Removing n32g031_rcc.o(.ARM.exidx.text.RCC_EnableClockSecuritySystem), (8 bytes).
    Removing n32g031_rcc.o(.text.RCC_ConfigMcoClkPre), (116 bytes).
    Removing n32g031_rcc.o(.ARM.exidx.text.RCC_ConfigMcoClkPre), (8 bytes).
    Removing n32g031_rcc.o(.text.RCC_ConfigMco), (68 bytes).
    Removing n32g031_rcc.o(.ARM.exidx.text.RCC_ConfigMco), (8 bytes).
    Removing n32g031_rcc.o(.text.RCC_ClrFlag), (24 bytes).
    Removing n32g031_rcc.o(.ARM.exidx.text.RCC_ClrFlag), (8 bytes).
    Removing n32g031_rcc.o(.text.RCC_GetIntStatus), (96 bytes).
    Removing n32g031_rcc.o(.ARM.exidx.text.RCC_GetIntStatus), (8 bytes).
    Removing n32g031_rcc.o(.text.RCC_ClrIntPendingBit), (140 bytes).
    Removing n32g031_rcc.o(.ARM.exidx.text.RCC_ClrIntPendingBit), (8 bytes).
    Removing n32g031_rcc.o(.text.RCC_EnableRAMCParityErrorReset), (60 bytes).
    Removing n32g031_rcc.o(.ARM.exidx.text.RCC_EnableRAMCParityErrorReset), (8 bytes).
    Removing n32g031_rcc.o(.rodata.cst16), (16 bytes).
    Removing main.o(.text), (0 bytes).
    Removing main.o(.text.sFLASH_ReadRegister), (48 bytes).
    Removing main.o(.ARM.exidx.text.sFLASH_ReadRegister), (8 bytes).
    Removing main.o(.ARM.exidx.text.main), (8 bytes).
    Removing main.o(.text.GPIO_Init), (104 bytes).
    Removing main.o(.ARM.exidx.text.GPIO_Init), (8 bytes).
    Removing main.o(.ARM.exidx.text.Delay), (8 bytes).
    Removing main.o(.text.GPIO_Off), (8 bytes).
    Removing main.o(.ARM.exidx.text.GPIO_Off), (8 bytes).
    Removing main.o(.text.GPIO_On), (8 bytes).
    Removing main.o(.ARM.exidx.text.GPIO_On), (8 bytes).
    Removing main.o(.ARM.exidx.text.assert_failed), (8 bytes).
    Removing main.o(.bss.FlashID), (4 bytes).
    Removing main.o(.bss.status), (4 bytes).
    Removing main.o(.bss.continue_flag), (4 bytes).
    Removing main.o(.bss.lvl_reset_flag), (4 bytes).
    Removing main.o(.bss.lvl_buffer), (5 bytes).
    Removing main.o(.bss.lvl_buffer_read), (5 bytes).
    Removing main.o(.bss.write_flag), (4 bytes).
    Removing main.o(.bss.buffer), (4096 bytes).
    Removing main.o(.bss.page), (4 bytes).
    Removing main.o(.bss.status_register), (4 bytes).
    Removing main.o(.ARM.use_no_argv), (4 bytes).
    Removing n32g031_it.o(.text), (0 bytes).
    Removing n32g031_it.o(.ARM.exidx.text.NMI_Handler), (8 bytes).
    Removing n32g031_it.o(.ARM.exidx.text.HardFault_Handler), (8 bytes).
    Removing n32g031_it.o(.ARM.exidx.text.SVC_Handler), (8 bytes).
    Removing n32g031_it.o(.ARM.exidx.text.PendSV_Handler), (8 bytes).
    Removing n32g031_it.o(.ARM.exidx.text.SysTick_Handler), (8 bytes).
    Removing n32g031_it.o(.text.DMA_IRQ_HANDLER), (2 bytes).
    Removing n32g031_it.o(.ARM.exidx.text.DMA_IRQ_HANDLER), (8 bytes).
    Removing spi_flash.o(.text), (0 bytes).
    Removing spi_flash.o(.text.sFLASH_LowLevel_DeInit), (100 bytes).
    Removing spi_flash.o(.ARM.exidx.text.sFLASH_LowLevel_DeInit), (8 bytes).
    Removing spi_flash.o(.text.sFLASH_LowLevel_Init), (100 bytes).
    Removing spi_flash.o(.ARM.exidx.text.sFLASH_LowLevel_Init), (8 bytes).
    Removing spi_flash.o(.text.sFLASH_DeInit), (100 bytes).
    Removing spi_flash.o(.ARM.exidx.text.sFLASH_DeInit), (8 bytes).
    Removing spi_flash.o(.ARM.exidx.text.sFLASH_Init), (8 bytes).
    Removing spi_flash.o(.text.sFLASH_EraseSector), (208 bytes).
    Removing spi_flash.o(.ARM.exidx.text.sFLASH_EraseSector), (8 bytes).
    Removing spi_flash.o(.text.sFLASH_WriteEnable), (76 bytes).
    Removing spi_flash.o(.ARM.exidx.text.sFLASH_WriteEnable), (8 bytes).
    Removing spi_flash.o(.text.sFLASH_SendByte), (52 bytes).
    Removing spi_flash.o(.ARM.exidx.text.sFLASH_SendByte), (8 bytes).
    Removing spi_flash.o(.text.sFLASH_WaitForWriteEnd), (116 bytes).
    Removing spi_flash.o(.ARM.exidx.text.sFLASH_WaitForWriteEnd), (8 bytes).
    Removing spi_flash.o(.text.sFLASH_EraseBulk), (84 bytes).
    Removing spi_flash.o(.ARM.exidx.text.sFLASH_EraseBulk), (8 bytes).
    Removing spi_flash.o(.text.sFLASH_WritePage), (260 bytes).
    Removing spi_flash.o(.ARM.exidx.text.sFLASH_WritePage), (8 bytes).
    Removing spi_flash.o(.text.sFLASH_WriteBuffer), (156 bytes).
    Removing spi_flash.o(.ARM.exidx.text.sFLASH_WriteBuffer), (8 bytes).
    Removing spi_flash.o(.text.sFLASH_ReadBuffer), (252 bytes).
    Removing spi_flash.o(.ARM.exidx.text.sFLASH_ReadBuffer), (8 bytes).
    Removing spi_flash.o(.text.sFLASH_ReadID), (212 bytes).
    Removing spi_flash.o(.ARM.exidx.text.sFLASH_ReadID), (8 bytes).
    Removing spi_flash.o(.text.sFLASH_StartReadSequence), (184 bytes).
    Removing spi_flash.o(.ARM.exidx.text.sFLASH_StartReadSequence), (8 bytes).
    Removing spi_flash.o(.text.sFLASH_ReadByte), (52 bytes).
    Removing spi_flash.o(.ARM.exidx.text.sFLASH_ReadByte), (8 bytes).
    Removing spi_flash.o(.text.sFLASH_SendHalfWord), (52 bytes).
    Removing spi_flash.o(.ARM.exidx.text.sFLASH_SendHalfWord), (8 bytes).
    Removing st7735.o(.text), (0 bytes).
    Removing st7735.o(.text.st7735_init), (320 bytes).
    Removing st7735.o(.ARM.exidx.text.st7735_init), (8 bytes).
    Removing st7735.o(.text.st7735_write_command), (92 bytes).
    Removing st7735.o(.ARM.exidx.text.st7735_write_command), (8 bytes).
    Removing st7735.o(.text.st7735_write_data), (104 bytes).
    Removing st7735.o(.ARM.exidx.text.st7735_write_data), (8 bytes).
    Removing st7735.o(.text.st7735_fill_screen), (180 bytes).
    Removing st7735.o(.ARM.exidx.text.st7735_fill_screen), (8 bytes).
    Removing st7735.o(.text.st7735_draw_char), (360 bytes).
    Removing st7735.o(.ARM.exidx.text.st7735_draw_char), (8 bytes).
    Removing st7735.o(.text.st7735_draw_string), (54 bytes).
    Removing st7735.o(.ARM.exidx.text.st7735_draw_string), (8 bytes).
    Removing st7735.o(.text.st7735_diag), (124 bytes).
    Removing st7735.o(.ARM.exidx.text.st7735_diag), (8 bytes).
    Removing st7735.o(.rodata.font5x8), (475 bytes).
    Removing pa7_input.o(.text), (0 bytes).
    Removing pa7_input.o(.ARM.exidx.text.pa7_input_init), (8 bytes).
    Removing pa7_input.o(.ARM.exidx.text.pa7_input_read), (8 bytes).
    Removing pa7_input.o(.text.pa7_input_set_pull), (56 bytes).
    Removing pa7_input.o(.ARM.exidx.text.pa7_input_set_pull), (8 bytes).
    Removing ct018tn01.o(.text), (0 bytes).
    Removing ct018tn01.o(.ARM.exidx.text.ct018_init), (8 bytes).
    Removing ct018tn01.o(.ARM.exidx.text.ct018_power_on), (8 bytes).
    Removing ct018tn01.o(.ARM.exidx.text.ct018_send_cmd), (8 bytes).
    Removing ct018tn01.o(.ARM.exidx.text.ct018_send_data), (8 bytes).
    Removing ct018tn01.o(.text.ct018_gamma_set), (52 bytes).
    Removing ct018tn01.o(.ARM.exidx.text.ct018_gamma_set), (8 bytes).
    Removing ct018tn01.o(.ARM.exidx.text.ct018_chip_set), (8 bytes).
    Removing ct018tn01.o(.text.ct018_power_off), (40 bytes).
    Removing ct018tn01.o(.ARM.exidx.text.ct018_power_off), (8 bytes).
    Removing ct018tn01.o(.ARM.exidx.text.ct018_fill_screen), (8 bytes).

275 unused section(s) (total 18389 bytes) removed from the image.

==============================================================================

Image Symbol Table

    Local Symbols

    Symbol Name                              Value     Ov Type        Size  Object(Section)

    ../clib/division.s                       0x00000000   Number         0  aeabi_sdivfast.o ABSOLUTE
    ../clib/division.s                       0x00000000   Number         0  aeabi_sdivfast_div0.o ABSOLUTE
    ../clib/microlib/division.c              0x00000000   Number         0  uidiv.o ABSOLUTE
    ../clib/microlib/division.c              0x00000000   Number         0  uidiv_div0.o ABSOLUTE
    ../clib/microlib/division.c              0x00000000   Number         0  idiv_div0.o ABSOLUTE
    ../clib/microlib/division.c              0x00000000   Number         0  idiv0.o ABSOLUTE
    ../clib/microlib/init/entry.s            0x00000000   Number         0  entry.o ABSOLUTE
    ../clib/microlib/init/entry.s            0x00000000   Number         0  entry2.o ABSOLUTE
    ../clib/microlib/init/entry.s            0x00000000   Number         0  entry5.o ABSOLUTE
    ../clib/microlib/init/entry.s            0x00000000   Number         0  entry7a.o ABSOLUTE
    ../clib/microlib/init/entry.s            0x00000000   Number         0  entry7b.o ABSOLUTE
    ../clib/microlib/init/entry.s            0x00000000   Number         0  entry8a.o ABSOLUTE
    ../clib/microlib/init/entry.s            0x00000000   Number         0  entry8b.o ABSOLUTE
    ../clib/microlib/init/entry.s            0x00000000   Number         0  entry9a.o ABSOLUTE
    ../clib/microlib/init/entry.s            0x00000000   Number         0  entry9b.o ABSOLUTE
    ../clib/microlib/init/entry.s            0x00000000   Number         0  entry10a.o ABSOLUTE
    ../clib/microlib/init/entry.s            0x00000000   Number         0  entry10b.o ABSOLUTE
    ../clib/microlib/init/entry.s            0x00000000   Number         0  entry11a.o ABSOLUTE
    ../clib/microlib/init/entry.s            0x00000000   Number         0  entry11b.o ABSOLUTE
    /home/cody/RAZ-RE/Firmware/keil-mdk/firmware/CMSIS/device/startup/startup_n32g031.s 0x00000000   Number         0  startup_n32g031.o ABSOLUTE
    ct018tn01.c                              0x00000000   Number         0  ct018tn01.o ABSOLUTE
    dc.s                                     0x00000000   Number         0  dc.o ABSOLUTE
    handlers.s                               0x00000000   Number         0  handlers.o ABSOLUTE
    init.s                                   0x00000000   Number         0  init.o ABSOLUTE
    main.c                                   0x00000000   Number         0  main.o ABSOLUTE
    n32g031_gpio.c                           0x00000000   Number         0  n32g031_gpio.o ABSOLUTE
    n32g031_it.c                             0x00000000   Number         0  n32g031_it.o ABSOLUTE
    n32g031_rcc.c                            0x00000000   Number         0  n32g031_rcc.o ABSOLUTE
    n32g031_spi.c                            0x00000000   Number         0  n32g031_spi.o ABSOLUTE
    pa7_input.c                              0x00000000   Number         0  pa7_input.o ABSOLUTE
    spi_flash.c                              0x00000000   Number         0  spi_flash.o ABSOLUTE
    st7735.c                                 0x00000000   Number         0  st7735.o ABSOLUTE
    system_n32g031.c                         0x00000000   Number         0  system_n32g031.o ABSOLUTE
    RESET                                    0x08000000   Section      192  startup_n32g031.o(RESET)
    .ARM.Collect$$$$00000000                 0x080000c0   Section        0  entry.o(.ARM.Collect$$$$00000000)
    .ARM.Collect$$$$00000001                 0x080000c0   Section        4  entry2.o(.ARM.Collect$$$$00000001)
    .ARM.Collect$$$$00000004                 0x080000c4   Section        4  entry5.o(.ARM.Collect$$$$00000004)
    .ARM.Collect$$$$00000008                 0x080000c8   Section        0  entry7b.o(.ARM.Collect$$$$00000008)
    .ARM.Collect$$$$0000000A                 0x080000c8   Section        0  entry8b.o(.ARM.Collect$$$$0000000A)
    .ARM.Collect$$$$0000000B                 0x080000c8   Section        8  entry9a.o(.ARM.Collect$$$$0000000B)
    __lit__00000000                          0x080000d0   Data           4  entry2.o(.ARM.Collect$$$$00002712)
    .ARM.Collect$$$$0000000D                 0x080000d0   Section        0  entry10a.o(.ARM.Collect$$$$0000000D)
    .ARM.Collect$$$$0000000F                 0x080000d0   Section        0  entry11a.o(.ARM.Collect$$$$0000000F)
    .ARM.Collect$$$$00002712                 0x080000d0   Section        4  entry2.o(.ARM.Collect$$$$00002712)
    .text                                    0x080000d4   Section       28  startup_n32g031.o(.text)
    .text                                    0x080000f0   Section       48  init.o(.text)
    [Anonymous Symbol]                       0x08000120   Section        0  main.o(.text.Delay)
    [Anonymous Symbol]                       0x08000140   Section        0  n32g031_gpio.o(.text.GPIO_InitPeripheral)
    __arm_cp.3_0                             0x080003d4   Number         4  n32g031_gpio.o(.text.GPIO_InitPeripheral)
    __arm_cp.3_1                             0x080003d8   Number         4  n32g031_gpio.o(.text.GPIO_InitPeripheral)
    __arm_cp.3_2                             0x080003dc   Number         4  n32g031_gpio.o(.text.GPIO_InitPeripheral)
    __arm_cp.3_3                             0x080003e0   Number         4  n32g031_gpio.o(.text.GPIO_InitPeripheral)
    __arm_cp.3_4                             0x080003e4   Number         4  n32g031_gpio.o(.text.GPIO_InitPeripheral)
    __arm_cp.3_5                             0x080003e8   Number         4  n32g031_gpio.o(.text.GPIO_InitPeripheral)
    __arm_cp.3_6                             0x080003ec   Number         4  n32g031_gpio.o(.text.GPIO_InitPeripheral)
    __arm_cp.3_8                             0x08000424   Number         4  n32g031_gpio.o(.text.GPIO_InitPeripheral)
    __arm_cp.3_9                             0x08000428   Number         4  n32g031_gpio.o(.text.GPIO_InitPeripheral)
    __arm_cp.3_10                            0x0800042c   Number         4  n32g031_gpio.o(.text.GPIO_InitPeripheral)
    __arm_cp.3_11                            0x08000430   Number         4  n32g031_gpio.o(.text.GPIO_InitPeripheral)
    __arm_cp.3_12                            0x08000434   Number         4  n32g031_gpio.o(.text.GPIO_InitPeripheral)
    __arm_cp.3_13                            0x08000438   Number         4  n32g031_gpio.o(.text.GPIO_InitPeripheral)
    __arm_cp.3_14                            0x0800043c   Number         4  n32g031_gpio.o(.text.GPIO_InitPeripheral)
    __arm_cp.3_15                            0x08000440   Number         4  n32g031_gpio.o(.text.GPIO_InitPeripheral)
    __arm_cp.3_16                            0x08000444   Number         4  n32g031_gpio.o(.text.GPIO_InitPeripheral)
    __arm_cp.3_18                            0x08000474   Number         4  n32g031_gpio.o(.text.GPIO_InitPeripheral)
    __arm_cp.3_19                            0x08000478   Number         4  n32g031_gpio.o(.text.GPIO_InitPeripheral)
    __arm_cp.3_20                            0x0800047c   Number         4  n32g031_gpio.o(.text.GPIO_InitPeripheral)
    __arm_cp.3_21                            0x08000480   Number         4  n32g031_gpio.o(.text.GPIO_InitPeripheral)
    __arm_cp.3_22                            0x08000484   Number         4  n32g031_gpio.o(.text.GPIO_InitPeripheral)
    __arm_cp.3_23                            0x08000488   Number         4  n32g031_gpio.o(.text.GPIO_InitPeripheral)
    __arm_cp.3_24                            0x0800048c   Number         4  n32g031_gpio.o(.text.GPIO_InitPeripheral)
    [Anonymous Symbol]                       0x08000490   Section        0  n32g031_gpio.o(.text.GPIO_InitStruct)
    __arm_cp.4_0                             0x080004a8   Number         4  n32g031_gpio.o(.text.GPIO_InitStruct)
    [Anonymous Symbol]                       0x080004ac   Section        0  n32g031_gpio.o(.text.GPIO_ReadInputDataBit)
    [Anonymous Symbol]                       0x08000538   Section        0  n32g031_gpio.o(.text.GPIO_ResetBits)
    [Anonymous Symbol]                       0x080005c4   Section        0  n32g031_gpio.o(.text.GPIO_SetBits)
    __arm_cp.9_0                             0x08000650   Number         4  n32g031_gpio.o(.text.GPIO_SetBits)
    __arm_cp.9_1                             0x08000654   Number         4  n32g031_gpio.o(.text.GPIO_SetBits)
    __arm_cp.9_2                             0x08000658   Number         4  n32g031_gpio.o(.text.GPIO_SetBits)
    __arm_cp.9_3                             0x0800065c   Number         4  n32g031_gpio.o(.text.GPIO_SetBits)
    __arm_cp.9_4                             0x08000660   Number         4  n32g031_gpio.o(.text.GPIO_SetBits)
    __arm_cp.9_5                             0x08000664   Number         4  n32g031_gpio.o(.text.GPIO_SetBits)
    __arm_cp.9_6                             0x08000668   Number         4  n32g031_gpio.o(.text.GPIO_SetBits)
    __arm_cp.9_7                             0x0800066c   Number         4  n32g031_gpio.o(.text.GPIO_SetBits)
    [Anonymous Symbol]                       0x08000670   Section        0  n32g031_it.o(.text.HardFault_Handler)
    [Anonymous Symbol]                       0x08000672   Section        0  n32g031_it.o(.text.NMI_Handler)
    [Anonymous Symbol]                       0x08000674   Section        0  n32g031_it.o(.text.PendSV_Handler)
    [Anonymous Symbol]                       0x08000678   Section        0  n32g031_rcc.o(.text.RCC_EnableAPB2PeriphClk)
    __arm_cp.36_0                            0x080006b8   Number         4  n32g031_rcc.o(.text.RCC_EnableAPB2PeriphClk)
    __arm_cp.36_1                            0x080006bc   Number         4  n32g031_rcc.o(.text.RCC_EnableAPB2PeriphClk)
    __arm_cp.36_2                            0x080006c0   Number         4  n32g031_rcc.o(.text.RCC_EnableAPB2PeriphClk)
    __arm_cp.36_3                            0x080006c4   Number         4  n32g031_rcc.o(.text.RCC_EnableAPB2PeriphClk)
    __arm_cp.36_5                            0x080006c8   Number         4  n32g031_rcc.o(.text.RCC_EnableAPB2PeriphClk)
    [Anonymous Symbol]                       0x080006cc   Section        0  n32g031_spi.o(.text.SPI_Enable)
    __arm_cp.5_4                             0x08000710   Number         4  n32g031_spi.o(.text.SPI_Enable)
    [Anonymous Symbol]                       0x08000714   Section        0  n32g031_spi.o(.text.SPI_I2S_GetStatus)
    __arm_cp.19_0                            0x0800079c   Number         4  n32g031_spi.o(.text.SPI_I2S_GetStatus)
    __arm_cp.19_1                            0x080007a0   Number         4  n32g031_spi.o(.text.SPI_I2S_GetStatus)
    __arm_cp.19_2                            0x080007a4   Number         4  n32g031_spi.o(.text.SPI_I2S_GetStatus)
    __arm_cp.19_3                            0x080007a8   Number         4  n32g031_spi.o(.text.SPI_I2S_GetStatus)
    __arm_cp.19_4                            0x080007ac   Number         4  n32g031_spi.o(.text.SPI_I2S_GetStatus)
    [Anonymous Symbol]                       0x080007d4   Section        0  n32g031_spi.o(.text.SPI_I2S_ReceiveData)
    [Anonymous Symbol]                       0x080007f8   Section        0  n32g031_spi.o(.text.SPI_I2S_TransmitData)
    [Anonymous Symbol]                       0x08000824   Section        0  n32g031_spi.o(.text.SPI_Init)
    __arm_cp.1_0                             0x0800094c   Number         4  n32g031_spi.o(.text.SPI_Init)
    __arm_cp.1_1                             0x08000950   Number         4  n32g031_spi.o(.text.SPI_Init)
    __arm_cp.1_2                             0x08000954   Number         4  n32g031_spi.o(.text.SPI_Init)
    __arm_cp.1_3                             0x08000958   Number         4  n32g031_spi.o(.text.SPI_Init)
    __arm_cp.1_4                             0x0800095c   Number         4  n32g031_spi.o(.text.SPI_Init)
    __arm_cp.1_8                             0x080009e4   Number         4  n32g031_spi.o(.text.SPI_Init)
    __arm_cp.1_9                             0x080009e8   Number         4  n32g031_spi.o(.text.SPI_Init)
    __arm_cp.1_10                            0x080009ec   Number         4  n32g031_spi.o(.text.SPI_Init)
    __arm_cp.1_11                            0x080009f0   Number         4  n32g031_spi.o(.text.SPI_Init)
    __arm_cp.1_12                            0x080009f4   Number         4  n32g031_spi.o(.text.SPI_Init)
    __arm_cp.1_13                            0x080009f8   Number         4  n32g031_spi.o(.text.SPI_Init)
    __arm_cp.1_14                            0x080009fc   Number         4  n32g031_spi.o(.text.SPI_Init)
    [Anonymous Symbol]                       0x08000a00   Section        0  n32g031_it.o(.text.SVC_Handler)
    [Anonymous Symbol]                       0x08000a02   Section        0  n32g031_it.o(.text.SysTick_Handler)
    [Anonymous Symbol]                       0x08000a04   Section        0  system_n32g031.o(.text.SystemInit)
    __arm_cp.0_0                             0x08000ac0   Number         4  system_n32g031.o(.text.SystemInit)
    __arm_cp.0_1                             0x08000ac4   Number         4  system_n32g031.o(.text.SystemInit)
    __arm_cp.0_2                             0x08000ac8   Number         4  system_n32g031.o(.text.SystemInit)
    __arm_cp.0_3                             0x08000acc   Number         4  system_n32g031.o(.text.SystemInit)
    __arm_cp.0_4                             0x08000ad0   Number         4  system_n32g031.o(.text.SystemInit)
    __arm_cp.0_5                             0x08000ad4   Number         4  system_n32g031.o(.text.SystemInit)
    __arm_cp.0_6                             0x08000ad8   Number         4  system_n32g031.o(.text.SystemInit)
    __arm_cp.0_7                             0x08000adc   Number         4  system_n32g031.o(.text.SystemInit)
    [Anonymous Symbol]                       0x08000ae0   Section        0  main.o(.text.assert_failed)
    [Anonymous Symbol]                       0x08000ae4   Section        0  ct018tn01.o(.text.ct018_chip_set)
    __arm_cp.5_0                             0x08000b50   Number         4  ct018tn01.o(.text.ct018_chip_set)
    [Anonymous Symbol]                       0x08000b64   Section        0  ct018tn01.o(.text.ct018_fill_screen)
    [Anonymous Symbol]                       0x08000bd8   Section        0  ct018tn01.o(.text.ct018_init)
    __arm_cp.0_3                             0x08000c88   Number         4  ct018tn01.o(.text.ct018_init)
    [Anonymous Symbol]                       0x08000c8c   Section        0  ct018tn01.o(.text.ct018_power_on)
    __arm_cp.1_1                             0x08000e84   Number         4  ct018tn01.o(.text.ct018_power_on)
    __arm_cp.1_2                             0x08000e88   Number         4  ct018tn01.o(.text.ct018_power_on)
    __arm_cp.1_3                             0x08000e8c   Number         4  ct018tn01.o(.text.ct018_power_on)
    ct018_send_cmd                           0x08000e91   Thumb Code    80  ct018tn01.o(.text.ct018_send_cmd)
    [Anonymous Symbol]                       0x08000e90   Section        0  ct018tn01.o(.text.ct018_send_cmd)
    ct018_send_data                          0x08000ee1   Thumb Code    92  ct018tn01.o(.text.ct018_send_data)
    [Anonymous Symbol]                       0x08000ee0   Section        0  ct018tn01.o(.text.ct018_send_data)
    __arm_cp.3_0                             0x08000f3c   Number         4  ct018tn01.o(.text.ct018_send_data)
    __arm_cp.3_1                             0x08000f40   Number         4  ct018tn01.o(.text.ct018_send_data)
    __arm_cp.3_2                             0x08000f44   Number         4  ct018tn01.o(.text.ct018_send_data)
    [Anonymous Symbol]                       0x08000f48   Section        0  main.o(.text.main)
    __arm_cp.1_1                             0x0800113c   Number         4  main.o(.text.main)
    __arm_cp.1_2                             0x08001140   Number         4  main.o(.text.main)
    [Anonymous Symbol]                       0x08001144   Section        0  pa7_input.o(.text.pa7_input_init)
    [Anonymous Symbol]                       0x08001170   Section        0  pa7_input.o(.text.pa7_input_read)
    [Anonymous Symbol]                       0x08001180   Section        0  spi_flash.o(.text.sFLASH_Init)
    __arm_cp.3_0                             0x0800121c   Number         4  spi_flash.o(.text.sFLASH_Init)
    __arm_cp.3_1                             0x08001220   Number         4  spi_flash.o(.text.sFLASH_Init)
    i.__scatterload_copy                     0x08001224   Section       14  handlers.o(i.__scatterload_copy)
    i.__scatterload_null                     0x08001232   Section        2  handlers.o(i.__scatterload_null)
    i.__scatterload_zeroinit                 0x08001234   Section       14  handlers.o(i.__scatterload_zeroinit)
    [Anonymous Symbol]                       0x08001242   Section        0  ct018tn01.o(.rodata..L__const.ct018_chip_set.chip_set_vals)
    [Anonymous Symbol]                       0x0800125c   Section        0  ct018tn01.o(.rodata..L__const.ct018_gamma_set.gamma_regs)
    [Anonymous Symbol]                       0x08001265   Section        0  n32g031_gpio.o(.rodata.str1.1)
    [Anonymous Symbol]                       0x080013c8   Section        0  n32g031_spi.o(.rodata.str1.1)
    [Anonymous Symbol]                       0x080015e5   Section        0  n32g031_rcc.o(.rodata.str1.1)
    [Anonymous Symbol]                       0x0800167c   Section        0  ct018tn01.o(.rodata.str2.2)
    current_vopt                             0x20000000   Data           1  ct018tn01.o(.bss.current_vopt)
    [Anonymous Symbol]                       0x20000000   Section        0  ct018tn01.o(.bss.current_vopt)
    STACK                                    0x20000008   Section     1024  startup_n32g031.o(STACK)

    Global Symbols

    Symbol Name                              Value     Ov Type        Size  Object(Section)

    BuildAttributes$$THM_ISAv3M$S$PE$A:L22$X:L11$S22$IEEE1$IW$~IW$USESV6$~STKCKD$USESV7$~SHL$OTIME$EBA8$MICROLIB$REQ8$PRES8$EABIv2 0x00000000   Number         0  anon$$obj.o ABSOLUTE
    __cpp_initialize__aeabi_                  - Undefined Weak Reference
    __cxa_finalize                            - Undefined Weak Reference
    __decompress                              - Undefined Weak Reference
    _clock_init                               - Undefined Weak Reference
    _microlib_exit                            - Undefined Weak Reference
    __Vectors_Size                           0x000000c0   Number         0  startup_n32g031.o ABSOLUTE
    __Vectors                                0x08000000   Data           4  startup_n32g031.o(RESET)
    __Vectors_End                            0x080000c0   Data           0  startup_n32g031.o(RESET)
    __main                                   0x080000c1   Thumb Code     0  entry.o(.ARM.Collect$$$$00000000)
    _main_stk                                0x080000c1   Thumb Code     0  entry2.o(.ARM.Collect$$$$00000001)
    _main_scatterload                        0x080000c5   Thumb Code     0  entry5.o(.ARM.Collect$$$$00000004)
    __main_after_scatterload                 0x080000c9   Thumb Code     0  entry5.o(.ARM.Collect$$$$00000004)
    _main_clock                              0x080000c9   Thumb Code     0  entry7b.o(.ARM.Collect$$$$00000008)
    _main_cpp_init                           0x080000c9   Thumb Code     0  entry8b.o(.ARM.Collect$$$$0000000A)
    _main_init                               0x080000c9   Thumb Code     0  entry9a.o(.ARM.Collect$$$$0000000B)
    __rt_final_cpp                           0x080000d1   Thumb Code     0  entry10a.o(.ARM.Collect$$$$0000000D)
    __rt_final_exit                          0x080000d1   Thumb Code     0  entry11a.o(.ARM.Collect$$$$0000000F)
    Reset_Handler                            0x080000d5   Thumb Code     8  startup_n32g031.o(.text)
    ADC_IRQHandler                           0x080000e7   Thumb Code     0  startup_n32g031.o(.text)
    COMP_IRQHandler                          0x080000e7   Thumb Code     0  startup_n32g031.o(.text)
    DMA_Channel1_2_3_4_IRQHandler            0x080000e7   Thumb Code     0  startup_n32g031.o(.text)
    DMA_Channel1_2_IRQHandler                0x080000e7   Thumb Code     0  startup_n32g031.o(.text)
    DMA_Channel3_4_IRQHandler                0x080000e7   Thumb Code     0  startup_n32g031.o(.text)
    DMA_Channel5_IRQHandler                  0x080000e7   Thumb Code     0  startup_n32g031.o(.text)
    EXTI0_1_IRQHandler                       0x080000e7   Thumb Code     0  startup_n32g031.o(.text)
    EXTI2_3_IRQHandler                       0x080000e7   Thumb Code     0  startup_n32g031.o(.text)
    EXTI4_15_IRQHandler                      0x080000e7   Thumb Code     0  startup_n32g031.o(.text)
    FLASH_IRQHandler                         0x080000e7   Thumb Code     0  startup_n32g031.o(.text)
    HDIV_SQRT_IRQHandler                     0x080000e7   Thumb Code     0  startup_n32g031.o(.text)
    I2C1_IRQHandler                          0x080000e7   Thumb Code     0  startup_n32g031.o(.text)
    I2C2_IRQHandler                          0x080000e7   Thumb Code     0  startup_n32g031.o(.text)
    LPTIM_TIM6_IRQHandler                    0x080000e7   Thumb Code     0  startup_n32g031.o(.text)
    LPUART_IRQHandler                        0x080000e7   Thumb Code     0  startup_n32g031.o(.text)
    MMU_IRQHandler                           0x080000e7   Thumb Code     0  startup_n32g031.o(.text)
    PVD_IRQHandler                           0x080000e7   Thumb Code     0  startup_n32g031.o(.text)
    RAMC_PERR_IRQHandler                     0x080000e7   Thumb Code     0  startup_n32g031.o(.text)
    RCC_IRQHandler                           0x080000e7   Thumb Code     0  startup_n32g031.o(.text)
    RESERVE9_IRQHandler                      0x080000e7   Thumb Code     0  startup_n32g031.o(.text)
    RTC_IRQHandler                           0x080000e7   Thumb Code     0  startup_n32g031.o(.text)
    SPI1_IRQHandler                          0x080000e7   Thumb Code     0  startup_n32g031.o(.text)
    SPI2_IRQHandler                          0x080000e7   Thumb Code     0  startup_n32g031.o(.text)
    TIM1_BRK_UP_TRG_COM_IRQHandler           0x080000e7   Thumb Code     0  startup_n32g031.o(.text)
    TIM1_CC_IRQHandler                       0x080000e7   Thumb Code     0  startup_n32g031.o(.text)
    TIM3_IRQHandler                          0x080000e7   Thumb Code     0  startup_n32g031.o(.text)
    TIM8_BRK_UP_TRG_COM_IRQHandler           0x080000e7   Thumb Code     0  startup_n32g031.o(.text)
    TIM8_CC_IRQHandler                       0x080000e7   Thumb Code     0  startup_n32g031.o(.text)
    USART1_2_IRQHandler                      0x080000e7   Thumb Code     0  startup_n32g031.o(.text)
    USART1_IRQHandler                        0x080000e7   Thumb Code     0  startup_n32g031.o(.text)
    USART2_IRQHandler                        0x080000e7   Thumb Code     0  startup_n32g031.o(.text)
    WWDG_IRQHandler                          0x080000e7   Thumb Code     0  startup_n32g031.o(.text)
    __scatterload                            0x080000f1   Thumb Code    38  init.o(.text)
    __scatterload_rt2                        0x080000f1   Thumb Code     0  init.o(.text)
    Delay                                    0x08000121   Thumb Code    32  main.o(.text.Delay)
    GPIO_InitPeripheral                      0x08000141   Thumb Code   660  n32g031_gpio.o(.text.GPIO_InitPeripheral)
    GPIO_InitStruct                          0x08000491   Thumb Code    24  n32g031_gpio.o(.text.GPIO_InitStruct)
    GPIO_ReadInputDataBit                    0x080004ad   Thumb Code   140  n32g031_gpio.o(.text.GPIO_ReadInputDataBit)
    GPIO_ResetBits                           0x08000539   Thumb Code   140  n32g031_gpio.o(.text.GPIO_ResetBits)
    GPIO_SetBits                             0x080005c5   Thumb Code   140  n32g031_gpio.o(.text.GPIO_SetBits)
    HardFault_Handler                        0x08000671   Thumb Code     2  n32g031_it.o(.text.HardFault_Handler)
    NMI_Handler                              0x08000673   Thumb Code     2  n32g031_it.o(.text.NMI_Handler)
    PendSV_Handler                           0x08000675   Thumb Code     2  n32g031_it.o(.text.PendSV_Handler)
    RCC_EnableAPB2PeriphClk                  0x08000679   Thumb Code    64  n32g031_rcc.o(.text.RCC_EnableAPB2PeriphClk)
    SPI_Enable                               0x080006cd   Thumb Code    68  n32g031_spi.o(.text.SPI_Enable)
    SPI_I2S_GetStatus                        0x08000715   Thumb Code   136  n32g031_spi.o(.text.SPI_I2S_GetStatus)
    SPI_I2S_ReceiveData                      0x080007d5   Thumb Code    36  n32g031_spi.o(.text.SPI_I2S_ReceiveData)
    SPI_I2S_TransmitData                     0x080007f9   Thumb Code    44  n32g031_spi.o(.text.SPI_I2S_TransmitData)
    SPI_Init                                 0x08000825   Thumb Code   296  n32g031_spi.o(.text.SPI_Init)
    SVC_Handler                              0x08000a01   Thumb Code     2  n32g031_it.o(.text.SVC_Handler)
    SysTick_Handler                          0x08000a03   Thumb Code     2  n32g031_it.o(.text.SysTick_Handler)
    SystemInit                               0x08000a05   Thumb Code   188  system_n32g031.o(.text.SystemInit)
    assert_failed                            0x08000ae1   Thumb Code     2  main.o(.text.assert_failed)
    ct018_chip_set                           0x08000ae5   Thumb Code   108  ct018tn01.o(.text.ct018_chip_set)
    ct018_fill_screen                        0x08000b65   Thumb Code   116  ct018tn01.o(.text.ct018_fill_screen)
    ct018_init                               0x08000bd9   Thumb Code   176  ct018tn01.o(.text.ct018_init)
    ct018_power_on                           0x08000c8d   Thumb Code   504  ct018tn01.o(.text.ct018_power_on)
    main                                     0x08000f49   Thumb Code   500  main.o(.text.main)
    pa7_input_init                           0x08001145   Thumb Code    44  pa7_input.o(.text.pa7_input_init)
    pa7_input_read                           0x08001171   Thumb Code    16  pa7_input.o(.text.pa7_input_read)
    sFLASH_Init                              0x08001181   Thumb Code   156  spi_flash.o(.text.sFLASH_Init)
    __scatterload_copy                       0x08001225   Thumb Code    14  handlers.o(i.__scatterload_copy)
    __scatterload_null                       0x08001233   Thumb Code     2  handlers.o(i.__scatterload_null)
    __scatterload_zeroinit                   0x08001235   Thumb Code    14  handlers.o(i.__scatterload_zeroinit)
    Region$$Table$$Base                      0x08001690   Number         0  anon$$obj.o(Region$$Table)
    Region$$Table$$Limit                     0x080016a0   Number         0  anon$$obj.o(Region$$Table)
    __initial_sp                             0x20000408   Data           0  startup_n32g031.o(STACK)



==============================================================================

Memory Map of the image

  Image Entry point : 0x080000c1

  Load Region LR_IROM1 (Base: 0x08000000, Size: 0x000016a0, Max: 0x00010000, ABSOLUTE)

    Execution Region ER_IROM1 (Exec base: 0x08000000, Load base: 0x08000000, Size: 0x000016a0, Max: 0x00010000, ABSOLUTE)

    Exec Addr    Load Addr    Size         Type   Attr      Idx    E Section Name        Object

    0x08000000   0x08000000   0x000000c0   Data   RO            3    RESET               startup_n32g031.o
    0x080000c0   0x080000c0   0x00000000   Code   RO          389  * .ARM.Collect$$$$00000000  mc_p.l(entry.o)
    0x080000c0   0x080000c0   0x00000004   Code   RO          398    .ARM.Collect$$$$00000001  mc_p.l(entry2.o)
    0x080000c4   0x080000c4   0x00000004   Code   RO          401    .ARM.Collect$$$$00000004  mc_p.l(entry5.o)
    0x080000c8   0x080000c8   0x00000000   Code   RO          403    .ARM.Collect$$$$00000008  mc_p.l(entry7b.o)
    0x080000c8   0x080000c8   0x00000000   Code   RO          405    .ARM.Collect$$$$0000000A  mc_p.l(entry8b.o)
    0x080000c8   0x080000c8   0x00000008   Code   RO          406    .ARM.Collect$$$$0000000B  mc_p.l(entry9a.o)
    0x080000d0   0x080000d0   0x00000000   Code   RO          408    .ARM.Collect$$$$0000000D  mc_p.l(entry10a.o)
    0x080000d0   0x080000d0   0x00000000   Code   RO          410    .ARM.Collect$$$$0000000F  mc_p.l(entry11a.o)
    0x080000d0   0x080000d0   0x00000004   Code   RO          399    .ARM.Collect$$$$00002712  mc_p.l(entry2.o)
    0x080000d4   0x080000d4   0x0000001c   Code   RO            4    .text               startup_n32g031.o
    0x080000f0   0x080000f0   0x00000030   Code   RO          422    .text               mc_p.l(init.o)
    0x08000120   0x08000120   0x00000020   Code   RO          239    .text.Delay         main.o
    0x08000140   0x08000140   0x00000350   Code   RO           31    .text.GPIO_InitPeripheral  n32g031_gpio.o
    0x08000490   0x08000490   0x0000001c   Code   RO           33    .text.GPIO_InitStruct  n32g031_gpio.o
    0x080004ac   0x080004ac   0x0000008c   Code   RO           35    .text.GPIO_ReadInputDataBit  n32g031_gpio.o
    0x08000538   0x08000538   0x0000008c   Code   RO           45    .text.GPIO_ResetBits  n32g031_gpio.o
    0x080005c4   0x080005c4   0x000000ac   Code   RO           43    .text.GPIO_SetBits  n32g031_gpio.o
    0x08000670   0x08000670   0x00000002   Code   RO          268    .text.HardFault_Handler  n32g031_it.o
    0x08000672   0x08000672   0x00000002   Code   RO          266    .text.NMI_Handler   n32g031_it.o
    0x08000674   0x08000674   0x00000002   Code   RO          272    .text.PendSV_Handler  n32g031_it.o
    0x08000676   0x08000676   0x00000002   PAD
    0x08000678   0x08000678   0x00000054   Code   RO          199    .text.RCC_EnableAPB2PeriphClk  n32g031_rcc.o
    0x080006cc   0x080006cc   0x00000048   Code   RO           82    .text.SPI_Enable    n32g031_spi.o
    0x08000714   0x08000714   0x000000c0   Code   RO          110    .text.SPI_I2S_GetStatus  n32g031_spi.o
    0x080007d4   0x080007d4   0x00000024   Code   RO           92    .text.SPI_I2S_ReceiveData  n32g031_spi.o
    0x080007f8   0x080007f8   0x0000002c   Code   RO           90    .text.SPI_I2S_TransmitData  n32g031_spi.o
    0x08000824   0x08000824   0x000001dc   Code   RO           74    .text.SPI_Init      n32g031_spi.o
    0x08000a00   0x08000a00   0x00000002   Code   RO          270    .text.SVC_Handler   n32g031_it.o
    0x08000a02   0x08000a02   0x00000002   Code   RO          274    .text.SysTick_Handler  n32g031_it.o
    0x08000a04   0x08000a04   0x000000dc   Code   RO           11    .text.SystemInit    system_n32g031.o
    0x08000ae0   0x08000ae0   0x00000002   Code   RO          245    .text.assert_failed  main.o
    0x08000ae2   0x08000ae2   0x00000002   PAD
    0x08000ae4   0x08000ae4   0x00000080   Code   RO          372    .text.ct018_chip_set  ct018tn01.o
    0x08000b64   0x08000b64   0x00000074   Code   RO          376    .text.ct018_fill_screen  ct018tn01.o
    0x08000bd8   0x08000bd8   0x000000b4   Code   RO          362    .text.ct018_init    ct018tn01.o
    0x08000c8c   0x08000c8c   0x00000204   Code   RO          364    .text.ct018_power_on  ct018tn01.o
    0x08000e90   0x08000e90   0x00000050   Code   RO          366    .text.ct018_send_cmd  ct018tn01.o
    0x08000ee0   0x08000ee0   0x00000068   Code   RO          368    .text.ct018_send_data  ct018tn01.o
    0x08000f48   0x08000f48   0x000001fc   Code   RO          235    .text.main          main.o
    0x08001144   0x08001144   0x0000002c   Code   RO          348    .text.pa7_input_init  pa7_input.o
    0x08001170   0x08001170   0x00000010   Code   RO          350    .text.pa7_input_read  pa7_input.o
    0x08001180   0x08001180   0x000000a4   Code   RO          291    .text.sFLASH_Init   spi_flash.o
    0x08001224   0x08001224   0x0000000e   Code   RO          426    i.__scatterload_copy  mc_p.l(handlers.o)
    0x08001232   0x08001232   0x00000002   Code   RO          427    i.__scatterload_null  mc_p.l(handlers.o)
    0x08001234   0x08001234   0x0000000e   Code   RO          428    i.__scatterload_zeroinit  mc_p.l(handlers.o)
    0x08001242   0x08001242   0x0000001a   Data   RO          381    .rodata..L__const.ct018_chip_set.chip_set_vals  ct018tn01.o
    0x0800125c   0x0800125c   0x00000009   Data   RO          379    .rodata..L__const.ct018_gamma_set.gamma_regs  ct018tn01.o
    0x08001265   0x08001265   0x00000163   Data   RO           63    .rodata.str1.1      n32g031_gpio.o
    0x080013c8   0x080013c8   0x0000021d   Data   RO          118    .rodata.str1.1      n32g031_spi.o
    0x080015e5   0x080015e5   0x00000096   Data   RO          223    .rodata.str1.1      n32g031_rcc.o
    0x0800167b   0x0800167b   0x00000001   PAD
    0x0800167c   0x0800167c   0x00000012   Data   RO          380    .rodata.str2.2      ct018tn01.o
    0x0800168e   0x0800168e   0x00000002   PAD
    0x08001690   0x08001690   0x00000010   Data   RO          425    Region$$Table       anon$$obj.o


    Execution Region RW_IRAM1 (Exec base: 0x20000000, Load base: 0x080016a0, Size: 0x00000408, Max: 0x00002000, ABSOLUTE)

    Exec Addr    Load Addr    Size         Type   Attr      Idx    E Section Name        Object

    0x20000000        -       0x00000001   Zero   RW          378    .bss.current_vopt   ct018tn01.o
    0x20000001   0x080016a0   0x00000007   PAD
    0x20000008        -       0x00000400   Zero   RW            1    STACK               startup_n32g031.o


==============================================================================

Image component sizes


      Code (inc. data)   RO Data    RW Data    ZI Data      Debug   Object Name

      1124         48         53          0          1       6593   ct018tn01.o
       542          8          0          0          0       5614   main.o
      1328        242        355          0          0      10288   n32g031_gpio.o
        10          0          0          0          0        815   n32g031_it.o
        84         20        150          0          0      15952   n32g031_rcc.o
       820        304        541          0          0       9967   n32g031_spi.o
        60          0          0          0          0       1787   pa7_input.o
       164          8          0          0          0       8702   spi_flash.o
        28          8        192          0       1024        736   startup_n32g031.o
       220         32          0          0          0       2642   system_n32g031.o

    ----------------------------------------------------------------------
      4384        670       1310          0       1032      63096   Object Totals
         0          0         16          0          0          0   (incl. Generated)
         4          0          3          0          7          0   (incl. Padding)

    ----------------------------------------------------------------------

      Code (inc. data)   RO Data    RW Data    ZI Data      Debug   Library Member Name

         0          0          0          0          0          0   entry.o
         0          0          0          0          0          0   entry10a.o
         0          0          0          0          0          0   entry11a.o
         8          4          0          0          0          0   entry2.o
         4          0          0          0          0          0   entry5.o
         0          0          0          0          0          0   entry7b.o
         0          0          0          0          0          0   entry8b.o
         8          4          0          0          0          0   entry9a.o
        30          0          0          0          0          0   handlers.o
        48         10          0          0          0         68   init.o

    ----------------------------------------------------------------------
        98         18          0          0          0         68   Library Totals
         0          0          0          0          0          0   (incl. Padding)

    ----------------------------------------------------------------------

      Code (inc. data)   RO Data    RW Data    ZI Data      Debug   Library Name

        98         18          0          0          0         68   mc_p.l

    ----------------------------------------------------------------------
        98         18          0          0          0         68   Library Totals

    ----------------------------------------------------------------------

==============================================================================


      Code (inc. data)   RO Data    RW Data    ZI Data      Debug   

      4482        688       1310          0       1032      63156   Grand Totals
      4482        688       1310          0       1032      63156   ELF Image Totals
      4482        688       1310          0          0          0   ROM Totals

==============================================================================

    Total RO  Size (Code + RO Data)                 5792 (   5.66kB)
    Total RW  Size (RW Data + ZI Data)              1032 (   1.01kB)
    Total ROM Size (Code + RO Data + RW Data)       5792 (   5.66kB)

==============================================================================

